194.0.131.149 - - [05/Apr/2017:07:21:47 +0300] "GET /index.php/oholoshennia/item/683-parafiyalni-ogoloshennya-vid-22-lyutogo-2015-roku.html HTTP/1.0" 200 14956 "-" "Mozilla/5.0 (compatible; METASpider; +http://meta.ua/spider)"
194.0.131.131 - - [05/Apr/2017:07:21:57 +0300] "GET /index.php/photogalery/34-pershe-sviate-prychastia-2012/detail/440-2012-06-06-20-46-17.html?phocaslideshow=1&tmpl=component HTTP/1.0" 200 2383 "-" "Mozilla/5.0 (compatible; METASpider; +http://meta.ua/spider)"
194.0.131.149 - - [05/Apr/2017:07:22:09 +0300] "GET /index.php/photogalery/34-pershe-sviate-prychastia-2012/detail/441-2012-06-06-20-46-17.html?phocaslideshow=1&tmpl=component HTTP/1.0" 200 2382 "-" "Mozilla/5.0 (compatible; METASpider; +http://meta.ua/spider)"
194.0.131.183 - - [05/Apr/2017:07:22:21 +0300] "GET /index.php/photogalery/34-pershe-sviate-prychastia-2012/detail/442-2012-06-06-20-46-17.html?phocaslideshow=1&tmpl=component HTTP/1.0" 200 2382 "-" "Mozilla/5.0 (compatible; METASpider; +http://meta.ua/spider)"
194.0.131.149 - - [05/Apr/2017:07:22:33 +0300] "GET /index.php/oholoshennia/item/685-parafiyalni-ogoloshennya-vid-1-bereznya-2015-roku.html HTTP/1.0" 200 15164 "-" "Mozilla/5.0 (compatible; METASpider; +http://meta.ua/spider)"
194.0.131.153 - - [05/Apr/2017:07:22:38 +0300] "GET /index.php/photogalery/34-pershe-sviate-prychastia-2012/detail/443-2012-06-06-20-46-17.html?phocaslideshow=1&tmpl=component HTTP/1.0" 200 2382 "-" "Mozilla/5.0 (compatible; METASpider; +http://meta.ua/spider)"
194.0.131.149 - - [05/Apr/2017:07:22:49 +0300] "GET /index.php/photogalery/34-pershe-sviate-prychastia-2012/detail/444-2012-06-06-20-46-17.html?phocaslideshow=1&tmpl=component HTTP/1.0" 200 2383 "-" "Mozilla/5.0 (compatible; METASpider; +http://meta.ua/spider)"
194.0.131.149 - - [05/Apr/2017:07:23:00 +0300] "GET /index.php/photogalery/34-pershe-sviate-prychastia-2012/detail/445-2012-06-06-20-46-17.html?phocaslideshow=1&tmpl=component HTTP/1.0" 200 2384 "-" "Mozilla/5.0 (compatible; METASpider; +http://meta.ua/spider)"
194.0.131.149 - - [05/Apr/2017:07:23:11 +0300] "GET /index.php/photogalery/34-pershe-sviate-prychastia-2012/detail/446-2012-06-06-20-46-17.html?phocaslideshow=1&tmpl=component HTTP/1.0" 200 2382 "-" "Mozilla/5.0 (compatible; METASpider; +http://meta.ua/spider)"
136.243.36.93 - - [05/Apr/2017:07:24:15 +0300] "GET /robots.txt HTTP/1.0" 200 1151 "-" "Mozilla/5.0 (compatible; BLEXBot/1.0; +http://webmeup-crawler.com/)"
136.243.36.93 - - [05/Apr/2017:07:24:15 +0300] "GET / HTTP/1.0" 200 16350 "-" "Mozilla/5.0 (compatible; BLEXBot/1.0; +http://webmeup-crawler.com/)"
164.132.161.56 - - [05/Apr/2017:07:24:49 +0300] "GET /index.php/oholoshennia/item/402-plan-dushpastirskih-vidvidin-na-2013-rik.html HTTP/1.0" 200 15458 "-" "Mozilla/5.0 (compatible; AhrefsBot/5.2; +http://ahrefs.com/robot/)"
52.2.10.94 - - [05/Apr/2017:07:24:54 +0300] "GET /robots.txt HTTP/1.0" 200 1151 "-" "ltx71 - (http://ltx71.com/)"
194.0.131.149 - - [05/Apr/2017:07:25:18 +0300] "GET /index.php/oholoshennia/item/686-parafiyalni-ogoloshennya-vid-8-bereznya-2015-roku.html HTTP/1.0" 200 15352 "-" "Mozilla/5.0 (compatible; METASpider; +http://meta.ua/spider)"
194.0.131.169 - - [05/Apr/2017:07:25:23 +0300] "GET /index.php/photogalery/34-pershe-sviate-prychastia-2012/detail/447-2012-06-06-20-46-17.html?phocaslideshow=1&tmpl=component HTTP/1.0" 200 2385 "-" "Mozilla/5.0 (compatible; METASpider; +http://meta.ua/spider)"
194.0.131.149 - - [05/Apr/2017:07:25:34 +0300] "GET /index.php/photogalery/34-pershe-sviate-prychastia-2012/detail/448-2012-06-06-20-46-17.html?phocaslideshow=1&tmpl=component HTTP/1.0" 200 2382 "-" "Mozilla/5.0 (compatible; METASpider; +http://meta.ua/spider)"
194.0.131.179 - - [05/Apr/2017:07:25:45 +0300] "GET /index.php/photogalery/34-pershe-sviate-prychastia-2012/detail/449-2012-06-06-20-46-17.html?phocaslideshow=1&tmpl=component HTTP/1.0" 200 2383 "-" "Mozilla/5.0 (compatible; METASpider; +http://meta.ua/spider)"
194.0.131.149 - - [05/Apr/2017:07:25:57 +0300] "GET /index.php/photogalery/34-pershe-sviate-prychastia-2012/detail/450-2012-06-06-20-46-17.html?phocaslideshow=1&tmpl=component HTTP/1.0" 200 2383 "-" "Mozilla/5.0 (compatible; METASpider; +http://meta.ua/spider)"
52.2.10.94 - - [05/Apr/2017:07:25:57 +0300] "GET /index.php/photogalery/20-rekolektsii-dlia-ditei-brenna-2007-rik/detail/221-brenna-2007.html?tmpl=component HTTP/1.0" 200 2254 "-" "ltx71 - (http://ltx71.com/)"
194.0.131.149 - - [05/Apr/2017:07:26:03 +0300] "GET /index.php/oholoshennia/item/410-parafiyalni-ogoloshennya-vid-20-sichnya-2013-roku.html HTTP/1.0" 200 15143 "-" "Mozilla/5.0 (compatible; METASpider; +http://meta.ua/spider)"
194.0.131.149 - - [05/Apr/2017:07:26:08 +0300] "GET /index.php/photogalery/34-pershe-sviate-prychastia-2012/detail/451-2012-06-06-20-46-17.html?phocaslideshow=1&tmpl=component HTTP/1.0" 200 2382 "-" "Mozilla/5.0 (compatible; METASpider; +http://meta.ua/spider)"
194.0.131.149 - - [05/Apr/2017:07:26:20 +0300] "GET /index.php/photogalery/43-urochystist-bozhoho-tila-2013/detail/731-2013-06-03-08-26-56.html?phocaslideshow=1&tmpl=component HTTP/1.0" 200 2338 "-" "Mozilla/5.0 (compatible; METASpider; +http://meta.ua/spider)"
194.0.131.144 - - [05/Apr/2017:07:26:31 +0300] "GET /index.php/photogalery/43-urochystist-bozhoho-tila-2013/detail/732-2013-06-03-08-26-56.html?phocaslideshow=1&tmpl=component HTTP/1.0" 200 2338 "-" "Mozilla/5.0 (compatible; METASpider; +http://meta.ua/spider)"
194.0.131.149 - - [05/Apr/2017:07:26:42 +0300] "GET /index.php/photogalery/43-urochystist-bozhoho-tila-2013/detail/733-2013-06-03-08-26-56.html?phocaslideshow=1&tmpl=component HTTP/1.0" 200 2338 "-" "Mozilla/5.0 (compatible; METASpider; +http://meta.ua/spider)"
194.0.131.149 - - [05/Apr/2017:07:26:48 +0300] "GET /index.php/oholoshennia/item/411-parafiyalni-ogoloshennya-vid-27-sichnya-2013-roku.html HTTP/1.0" 200 15713 "-" "Mozilla/5.0 (compatible; METASpider; +http://meta.ua/spider)"
194.0.131.128 - - [05/Apr/2017:07:26:54 +0300] "GET /index.php/photogalery/43-urochystist-bozhoho-tila-2013/detail/734-2013-06-03-08-26-56.html?phocaslideshow=1&tmpl=component HTTP/1.0" 200 2338 "-" "Mozilla/5.0 (compatible; METASpider; +http://meta.ua/spider)"
194.0.131.149 - - [05/Apr/2017:07:27:05 +0300] "GET /index.php/photogalery/43-urochystist-bozhoho-tila-2013/detail/735-2013-06-03-08-26-56.html?phocaslideshow=1&tmpl=component HTTP/1.0" 200 2338 "-" "Mozilla/5.0 (compatible; METASpider; +http://meta.ua/spider)"
194.0.131.149 - - [05/Apr/2017:07:27:17 +0300] "GET /index.php/photogalery/43-urochystist-bozhoho-tila-2013/detail/736-2013-06-03-08-26-56.html?phocaslideshow=1&tmpl=component HTTP/1.0" 200 2338 "-" "Mozilla/5.0 (compatible; METASpider; +http://meta.ua/spider)"
194.0.131.149 - - [05/Apr/2017:07:27:29 +0300] "GET /index.php/photogalery/43-urochystist-bozhoho-tila-2013/detail/737-2013-06-03-08-26-56.html?phocaslideshow=1&tmpl=component HTTP/1.0" 200 2339 "-" "Mozilla/5.0 (compatible; METASpider; +http://meta.ua/spider)"
194.0.131.149 - - [05/Apr/2017:07:27:33 +0300] "GET /index.php/oholoshennia/item/418-parafiyalni-ogoloshennya-vid-10-lyutogo-2013-roku.html HTTP/1.0" 200 15252 "-" "Mozilla/5.0 (compatible; METASpider; +http://meta.ua/spider)"
194.0.131.149 - - [05/Apr/2017:07:27:40 +0300] "GET /index.php/photogalery/43-urochystist-bozhoho-tila-2013/detail/738-2013-06-03-08-26-56.html?phocaslideshow=1&tmpl=component HTTP/1.0" 200 2337 "-" "Mozilla/5.0 (compatible; METASpider; +http://meta.ua/spider)"
194.0.131.162 - - [05/Apr/2017:07:27:52 +0300] "GET /index.php/photogalery/43-urochystist-bozhoho-tila-2013/detail/739-2013-06-03-08-26-56.html?phocaslideshow=1&tmpl=component HTTP/1.0" 200 2340 "-" "Mozilla/5.0 (compatible; METASpider; +http://meta.ua/spider)"
194.0.131.149 - - [05/Apr/2017:07:28:04 +0300] "GET /index.php/photogalery/43-urochystist-bozhoho-tila-2013/detail/740-2013-06-03-08-26-56.html?phocaslideshow=1&tmpl=component HTTP/1.0" 200 2340 "-" "Mozilla/5.0 (compatible; METASpider; +http://meta.ua/spider)"
194.0.131.180 - - [05/Apr/2017:07:28:16 +0300] "GET /index.php/photogalery/43-urochystist-bozhoho-tila-2013/detail/741-2013-06-03-08-26-56.html?phocaslideshow=1&tmpl=component HTTP/1.0" 200 2338 "-" "Mozilla/5.0 (compatible; METASpider; +http://meta.ua/spider)"
194.0.131.149 - - [05/Apr/2017:07:28:18 +0300] "GET /index.php/oholoshennia/item/440-parafiyalni-ogoloshennya-vid-14-kvitnya-2013-roku.html HTTP/1.0" 200 15192 "-" "Mozilla/5.0 (compatible; METASpider; +http://meta.ua/spider)"
194.0.131.149 - - [05/Apr/2017:07:28:28 +0300] "GET /index.php/photogalery/43-urochystist-bozhoho-tila-2013/detail/742-2013-06-03-08-26-56.html?phocaslideshow=1&tmpl=component HTTP/1.0" 200 2338 "-" "Mozilla/5.0 (compatible; METASpider; +http://meta.ua/spider)"
194.0.131.149 - - [05/Apr/2017:07:28:40 +0300] "GET /index.php/photogalery/43-urochystist-bozhoho-tila-2013/detail/743-2013-06-03-08-26-56.html?phocaslideshow=1&tmpl=component HTTP/1.0" 200 2338 "-" "Mozilla/5.0 (compatible; METASpider; +http://meta.ua/spider)"
194.0.131.162 - - [05/Apr/2017:07:28:52 +0300] "GET /index.php/photogalery/43-urochystist-bozhoho-tila-2013/detail/744-2013-06-03-08-26-56.html?phocaslideshow=1&tmpl=component HTTP/1.0" 200 2338 "-" "Mozilla/5.0 (compatible; METASpider; +http://meta.ua/spider)"
194.0.131.149 - - [05/Apr/2017:07:29:04 +0300] "GET /index.php/oholoshennia/item/441-parafiyalni-ogoloshennya-vid-21-kvitnya-2013-roku.html HTTP/1.0" 200 14939 "-" "Mozilla/5.0 (compatible; METASpider; +http://meta.ua/spider)"
194.0.131.149 - - [05/Apr/2017:07:29:09 +0300] "GET /index.php/photogalery/43-urochystist-bozhoho-tila-2013/detail/745-2013-06-03-08-26-56.html?phocaslideshow=1&tmpl=component HTTP/1.0" 200 2338 "-" "Mozilla/5.0 (compatible; METASpider; +http://meta.ua/spider)"
194.0.131.149 - - [05/Apr/2017:07:29:20 +0300] "GET /index.php/photogalery/43-urochystist-bozhoho-tila-2013/detail/746-2013-06-03-08-26-56.html?phocaslideshow=1&tmpl=component HTTP/1.0" 200 2338 "-" "Mozilla/5.0 (compatible; METASpider; +http://meta.ua/spider)"
194.0.131.149 - - [05/Apr/2017:07:29:32 +0300] "GET /index.php/photogalery/43-urochystist-bozhoho-tila-2013/detail/747-2013-06-03-08-26-56.html?phocaslideshow=1&tmpl=component HTTP/1.0" 200 2339 "-" "Mozilla/5.0 (compatible; METASpider; +http://meta.ua/spider)"
194.0.131.149 - - [05/Apr/2017:07:29:44 +0300] "GET /index.php/photogalery/43-urochystist-bozhoho-tila-2013/detail/748-2013-06-03-08-26-56.html?phocaslideshow=1&tmpl=component HTTP/1.0" 200 2337 "-" "Mozilla/5.0 (compatible; METASpider; +http://meta.ua/spider)"
194.0.131.149 - - [05/Apr/2017:07:29:49 +0300] "GET /index.php/oholoshennia/item/443-parafiyalni-ogoloshennya-vid-28-kvitnya-2013-roku.html HTTP/1.0" 200 14817 "-" "Mozilla/5.0 (compatible; METASpider; +http://meta.ua/spider)"
194.0.131.149 - - [05/Apr/2017:07:29:56 +0300] "GET /index.php/photogalery/43-urochystist-bozhoho-tila-2013/detail/749-2013-06-03-08-26-56.html?phocaslideshow=1&tmpl=component HTTP/1.0" 200 2340 "-" "Mozilla/5.0 (compatible; METASpider; +http://meta.ua/spider)"
194.0.131.175 - - [05/Apr/2017:07:30:08 +0300] "GET /index.php/photogalery/43-urochystist-bozhoho-tila-2013/detail/750-2013-06-03-08-26-56.html?phocaslideshow=1&tmpl=component HTTP/1.0" 200 2340 "-" "Mozilla/5.0 (compatible; METASpider; +http://meta.ua/spider)"
194.0.131.149 - - [05/Apr/2017:07:30:20 +0300] "GET /index.php/photogalery/43-urochystist-bozhoho-tila-2013/detail/751-2013-06-03-08-26-56.html?phocaslideshow=1&tmpl=component HTTP/1.0" 200 2338 "-" "Mozilla/5.0 (compatible; METASpider; +http://meta.ua/spider)"
194.0.131.178 - - [05/Apr/2017:07:30:32 +0300] "GET /index.php/photogalery/43-urochystist-bozhoho-tila-2013/detail/752-2013-06-03-08-26-56.html?phocaslideshow=1&tmpl=component HTTP/1.0" 200 2338 "-" "Mozilla/5.0 (compatible; METASpider; +http://meta.ua/spider)"
194.0.131.149 - - [05/Apr/2017:07:30:34 +0300] "GET /index.php/oholoshennia/item/447-parafiyalni-ogoloshennya-vid-12-travnya-2013-roku.html HTTP/1.0" 200 15111 "-" "Mozilla/5.0 (compatible; METASpider; +http://meta.ua/spider)"
194.0.131.149 - - [05/Apr/2017:07:30:44 +0300] "GET /index.php/photogalery/43-urochystist-bozhoho-tila-2013/detail/753-2013-06-03-08-26-56.html?phocaslideshow=1&tmpl=component HTTP/1.0" 200 2338 "-" "Mozilla/5.0 (compatible; METASpider; +http://meta.ua/spider)"
194.0.131.136 - - [05/Apr/2017:07:30:56 +0300] "GET /index.php/photogalery/43-urochystist-bozhoho-tila-2013/detail/754-2013-06-03-08-26-56.html?phocaslideshow=1&tmpl=component HTTP/1.0" 200 2338 "-" "Mozilla/5.0 (compatible; METASpider; +http://meta.ua/spider)"
194.0.131.149 - - [05/Apr/2017:07:31:08 +0300] "GET /index.php/photogalery/43-urochystist-bozhoho-tila-2013/detail/755-2013-06-03-08-26-56.html?phocaslideshow=1&tmpl=component HTTP/1.0" 200 2338 "-" "Mozilla/5.0 (compatible; METASpider; +http://meta.ua/spider)"
141.8.132.48 - - [05/Apr/2017:07:33:16 +0300] "GET /index.php/photogalery/36-rekolektsii-dlia-ditei-polshcha-brenna-2011/detail/556-2012-07-04-15-08-52.html?tmpl=component&phocadownload=2 HTTP/1.0" 200 66531 "-" "Mozilla/5.0 (compatible; YandexImages/3.0; +http://yandex.com/bots)"
194.0.131.149 - - [05/Apr/2017:07:35:18 +0300] "GET /index.php/photogalery/43-urochystist-bozhoho-tila-2013/detail/756-2013-06-03-08-26-56.html?phocaslideshow=1&tmpl=component HTTP/1.0" 200 2338 "-" "Mozilla/5.0 (compatible; METASpider; +http://meta.ua/spider)"
178.154.200.36 - - [05/Apr/2017:07:36:23 +0300] "GET /index.php/oholoshennia.html?start=75 HTTP/1.0" 200 14934 "-" "Mozilla/5.0 (compatible; YandexBot/3.0; +http://yandex.com/bots)"
141.8.183.16 - - [05/Apr/2017:07:36:24 +0300] "GET /index.php/news/item/731-rizdvyana-zustrich-dlya-samotnih.html HTTP/1.0" 200 15058 "-" "Mozilla/5.0 (compatible; YandexBot/3.0; +http://yandex.com/bots)"
93.158.152.81 - - [05/Apr/2017:07:36:32 +0300] "GET /index.php/yuvilei-200-littia.html?start=10 HTTP/1.0" 200 15045 "-" "Mozilla/5.0 (compatible; YandexBot/3.0; +http://yandex.com/bots)"
5.255.253.79 - - [05/Apr/2017:07:36:32 +0300] "GET /index.php/statti/item/551-ne-mae-prinalezhnosti-do-kilkoh-parafiy-odnochasno-parafiya-vozdvizhennya-vsechesnogo-hresta.html HTTP/1.0" 200 14271 "-" "Mozilla/5.0 (compatible; YandexBot/3.0; +http://yandex.com/bots)"
93.158.152.81 - - [05/Apr/2017:07:36:38 +0300] "GET /index.php/oholoshennia/item/776-parafiyalni-ogoloshennya-vid-15-travnya-2016-roku.html HTTP/1.0" 200 15646 "-" "Mozilla/5.0 (compatible; YandexBot/3.0; +http://yandex.com/bots)"
141.8.183.16 - - [05/Apr/2017:07:36:39 +0300] "GET /index.php?start=77 HTTP/1.0" 200 16132 "-" "Mozilla/5.0 (compatible; YandexBot/3.0; +http://yandex.com/bots)"
141.8.132.48 - - [05/Apr/2017:07:36:44 +0300] "GET /index.php/oholoshennia/item/683-parafiyalni-ogoloshennya-vid-22-lyutogo-2015-roku.html HTTP/1.0" 200 14925 "-" "Mozilla/5.0 (compatible; YandexBot/3.0; +http://yandex.com/bots)"
178.154.200.36 - - [05/Apr/2017:07:36:44 +0300] "GET /index.php/oholoshennia/item/694-parafiyalni-ogoloshennya-vid-5-kvitnya-2015-roku.html HTTP/1.0" 200 15337 "-" "Mozilla/5.0 (compatible; YandexBot/3.0; +http://yandex.com/bots)"
178.154.149.9 - - [05/Apr/2017:07:37:09 +0300] "GET /index.php/oholoshennia/item/674-parafiyalni-ogoloshennya-vid-18-sichnya-2015-roku.html HTTP/1.0" 200 15416 "-" "Mozilla/5.0 (compatible; YandexBot/3.0; +http://yandex.com/bots)"
93.158.152.81 - - [05/Apr/2017:07:37:09 +0300] "GET /index.php/photogalery/category/32-parafiialnyi-den-khvoroho-2012.html?limitstart=0 HTTP/1.0" 200 14227 "-" "Mozilla/5.0 (compatible; YandexBot/3.0; +http://yandex.com/bots)"
194.0.131.149 - - [05/Apr/2017:07:37:18 +0300] "GET /index.php/oholoshennia/item/452-parafiyalni-ogoloshennya-vid-19-travnya-2013-roku.html HTTP/1.0" 200 15181 "-" "Mozilla/5.0 (compatible; METASpider; +http://meta.ua/spider)"
194.0.131.173 - - [05/Apr/2017:07:37:24 +0300] "GET /index.php/photogalery/43-urochystist-bozhoho-tila-2013/detail/757-2013-06-03-08-26-56.html?phocaslideshow=1&tmpl=component HTTP/1.0" 200 2339 "-" "Mozilla/5.0 (compatible; METASpider; +http://meta.ua/spider)"
141.8.183.16 - - [05/Apr/2017:07:37:26 +0300] "GET /index.php/photogalery/category/8-foto-z-zhyttia-rukhu-rodyn-nazaretskykh.html?limitstart=0 HTTP/1.0" 200 14403 "-" "Mozilla/5.0 (compatible; YandexBot/3.0; +http://yandex.com/bots)"
93.158.152.81 - - [05/Apr/2017:07:37:26 +0300] "GET /index.php/statti/item/736-palomnitstvo-doviri-taiz%c3%a9-na-zemli-u-valensiyi.html HTTP/1.0" 200 19470 "-" "Mozilla/5.0 (compatible; YandexBot/3.0; +http://yandex.com/bots)"
194.0.131.149 - - [05/Apr/2017:07:37:36 +0300] "GET /index.php/photogalery/43-urochystist-bozhoho-tila-2013/detail/758-2013-06-03-08-26-56.html?phocaslideshow=1&tmpl=component HTTP/1.0" 200 2337 "-" "Mozilla/5.0 (compatible; METASpider; +http://meta.ua/spider)"
141.8.132.48 - - [05/Apr/2017:07:37:39 +0300] "GET /index.php/oholoshennia/item/685-parafiyalni-ogoloshennya-vid-1-bereznya-2015-roku.html HTTP/1.0" 200 15162 "-" "Mozilla/5.0 (compatible; YandexBot/3.0; +http://yandex.com/bots)"
178.154.200.36 - - [05/Apr/2017:07:37:39 +0300] "GET /index.php/statti.html?start=15 HTTP/1.0" 200 16580 "-" "Mozilla/5.0 (compatible; YandexBot/3.0; +http://yandex.com/bots)"
194.0.131.149 - - [05/Apr/2017:07:37:47 +0300] "GET /index.php/photogalery/43-urochystist-bozhoho-tila-2013/detail/759-2013-06-03-08-26-56.html?phocaslideshow=1&tmpl=component HTTP/1.0" 200 2340 "-" "Mozilla/5.0 (compatible; METASpider; +http://meta.ua/spider)"
141.8.183.16 - - [05/Apr/2017:07:37:48 +0300] "GET /index.php/news/item/370-%d0%b2%d1%96%d0%b4%d0%b1%d1%83%d0%b2%d1%81%d1%8f-%d0%ba%d0%be%d0%bd%d1%86%d0%b5%d1%80%d1%82-%d0%b4%d1%83%d1%85%d0%be%d0%b2%d0%bd%d0%be%d1%97-%d1%82%d0%b0-%d0%ba%d0%bb%d0%b0%d1%81%d0%b8%d1%87%d0%bd%d0%be%d1%97-%d0%bc%d1%83%d0%b7%d0%b8%d0%ba%d0%b8-%d1%83-%d1%87%d0%b5%d1%80%d0%bd%d1%96%d0%b2%d1%86%d1%8f%d1%85.html HTTP/1.0" 200 15118 "-" "Mozilla/5.0 (compatible; YandexBot/3.0; +http://yandex.com/bots)"
194.0.131.149 - - [05/Apr/2017:07:37:59 +0300] "GET /index.php/photogalery/43-urochystist-bozhoho-tila-2013/detail/760-2013-06-03-08-26-56.html?phocaslideshow=1&tmpl=component HTTP/1.0" 200 2340 "-" "Mozilla/5.0 (compatible; METASpider; +http://meta.ua/spider)"
194.0.131.149 - - [05/Apr/2017:07:38:03 +0300] "GET /index.php/oholoshennia/item/455-parafiyalni-ogoloshennya-vid-26-travnya-2013-roku.html HTTP/1.0" 200 15586 "-" "Mozilla/5.0 (compatible; METASpider; +http://meta.ua/spider)"
194.0.131.149 - - [05/Apr/2017:07:38:11 +0300] "GET /index.php/photogalery/43-urochystist-bozhoho-tila-2013/detail/761-2013-06-03-08-26-56.html?phocaslideshow=1&tmpl=component HTTP/1.0" 200 2338 "-" "Mozilla/5.0 (compatible; METASpider; +http://meta.ua/spider)"
93.158.152.81 - - [05/Apr/2017:07:38:10 +0300] "GET /index.php/photogalery/category/32-parafiialnyi-den-khvoroho-2012.html HTTP/1.0" 200 14206 "-" "Mozilla/5.0 (compatible; YandexBot/3.0; +http://yandex.com/bots)"
194.0.131.155 - - [05/Apr/2017:07:38:22 +0300] "GET /index.php/photogalery/43-urochystist-bozhoho-tila-2013/detail/762-2013-06-03-08-26-56.html?phocaslideshow=1&tmpl=component HTTP/1.0" 200 2338 "-" "Mozilla/5.0 (compatible; METASpider; +http://meta.ua/spider)"
194.0.131.149 - - [05/Apr/2017:07:38:34 +0300] "GET /index.php/photogalery/43-urochystist-bozhoho-tila-2013/detail/763-2013-06-03-08-26-56.html?phocaslideshow=1&tmpl=component HTTP/1.0" 200 2338 "-" "Mozilla/5.0 (compatible; METASpider; +http://meta.ua/spider)"
194.0.131.149 - - [05/Apr/2017:07:38:46 +0300] "GET /index.php/photogalery/43-urochystist-bozhoho-tila-2013/detail/764-2013-06-03-08-26-56.html?phocaslideshow=1&tmpl=component HTTP/1.0" 200 2338 "-" "Mozilla/5.0 (compatible; METASpider; +http://meta.ua/spider)"
194.0.131.149 - - [05/Apr/2017:07:38:48 +0300] "GET /index.php/oholoshennia/item/458-parafiyalni-ogoloshennya-vid-2-chervnya-2013-roku.html HTTP/1.0" 200 15406 "-" "Mozilla/5.0 (compatible; METASpider; +http://meta.ua/spider)"
194.0.131.149 - - [05/Apr/2017:07:38:57 +0300] "GET /index.php/photogalery/43-urochystist-bozhoho-tila-2013/detail/765-2013-06-03-08-26-56.html?phocaslideshow=1&tmpl=component HTTP/1.0" 200 2338 "-" "Mozilla/5.0 (compatible; METASpider; +http://meta.ua/spider)"
194.0.131.185 - - [05/Apr/2017:07:39:08 +0300] "GET /index.php/photogalery/43-urochystist-bozhoho-tila-2013/detail/766-2013-06-03-08-26-56.html?phocaslideshow=1&tmpl=component HTTP/1.0" 200 2338 "-" "Mozilla/5.0 (compatible; METASpider; +http://meta.ua/spider)"
194.0.131.149 - - [05/Apr/2017:07:39:19 +0300] "GET /index.php/photogalery/43-urochystist-bozhoho-tila-2013/detail/767-2013-06-03-08-26-56.html?phocaslideshow=1&tmpl=component HTTP/1.0" 200 2339 "-" "Mozilla/5.0 (compatible; METASpider; +http://meta.ua/spider)"
141.8.132.48 - - [05/Apr/2017:07:42:52 +0300] "GET /index.php/oholoshennia/item/570-v-ednosti-sila-%e2%80%94-pantomima-pro-mits-spilnoti.html HTTP/1.0" 200 13596 "-" "Mozilla/5.0 (compatible; YandexBot/3.0; +http://yandex.com/bots)"
141.8.183.16 - - [05/Apr/2017:07:42:56 +0300] "GET /index.php/communities/ministranty.html HTTP/1.0" 200 14039 "-" "Mozilla/5.0 (compatible; YandexBot/3.0; +http://yandex.com/bots)"
194.0.131.149 - - [05/Apr/2017:07:43:28 +0300] "GET /index.php/photogalery/43-urochystist-bozhoho-tila-2013/detail/768-2013-06-03-08-26-56.html?phocaslideshow=1&tmpl=component HTTP/1.0" 200 2337 "-" "Mozilla/5.0 (compatible; METASpider; +http://meta.ua/spider)"
141.8.183.16 - - [05/Apr/2017:07:46:24 +0300] "GET /index.php/oholoshennia/item/558-parafiyalni-ogoloshennya-vid-9-bereznya-2014-roku.html HTTP/1.0" 200 15222 "-" "Mozilla/5.0 (compatible; YandexBot/3.0; +http://yandex.com/bots)"
141.8.184.14 - - [05/Apr/2017:07:46:28 +0300] "GET /index.php/news.html?start=65 HTTP/1.0" 200 15131 "-" "Mozilla/5.0 (compatible; YandexBot/3.0; +http://yandex.com/bots)"
194.0.131.149 - - [05/Apr/2017:07:47:27 +0300] "GET /index.php/oholoshennia/item/459-parafiyalni-ogoloshennya-vid-9-chervnya-2013-roku.html HTTP/1.0" 200 14718 "-" "Mozilla/5.0 (compatible; METASpider; +http://meta.ua/spider)"
194.0.131.141 - - [05/Apr/2017:07:47:33 +0300] "GET /index.php/photogalery/43-urochystist-bozhoho-tila-2013/detail/769-2013-06-03-08-26-56.html?phocaslideshow=1&tmpl=component HTTP/1.0" 200 2340 "-" "Mozilla/5.0 (compatible; METASpider; +http://meta.ua/spider)"
194.0.131.149 - - [05/Apr/2017:07:47:44 +0300] "GET /index.php/photogalery/43-urochystist-bozhoho-tila-2013/detail/770-2013-06-03-08-26-56.html?phocaslideshow=1&tmpl=component HTTP/1.0" 200 2341 "-" "Mozilla/5.0 (compatible; METASpider; +http://meta.ua/spider)"
194.0.131.149 - - [05/Apr/2017:07:47:55 +0300] "GET /index.php/photogalery/43-urochystist-bozhoho-tila-2013/detail/771-2013-06-03-08-26-56.html?phocaslideshow=1&tmpl=component HTTP/1.0" 200 2338 "-" "Mozilla/5.0 (compatible; METASpider; +http://meta.ua/spider)"
194.0.131.149 - - [05/Apr/2017:07:48:06 +0300] "GET /index.php/photogalery/43-urochystist-bozhoho-tila-2013/detail/772-2013-06-03-08-26-56.html?phocaslideshow=1&tmpl=component HTTP/1.0" 200 2325 "-" "Mozilla/5.0 (compatible; METASpider; +http://meta.ua/spider)"
194.0.131.149 - - [05/Apr/2017:07:48:12 +0300] "GET /index.php/oholoshennia/item/638-parafiyalni-ogoloshennya-vid-10-serpnya-2014-roku.html HTTP/1.0" 200 14654 "-" "Mozilla/5.0 (compatible; METASpider; +http://meta.ua/spider)"
194.0.131.149 - - [05/Apr/2017:07:48:17 +0300] "GET /index.php/photogalery/34-pershe-sviate-prychastia-2012/detail/412-2012-06-06-20-46-17.html?tmpl=component&phocaslideshow=0 HTTP/1.0" 200 2447 "-" "Mozilla/5.0 (compatible; METASpider; +http://meta.ua/spider)"
194.0.131.162 - - [05/Apr/2017:07:48:29 +0300] "GET /index.php/photogalery/34-pershe-sviate-prychastia-2012/detail/413-2012-06-06-20-46-17.html?tmpl=component&phocaslideshow=0 HTTP/1.0" 200 2467 "-" "Mozilla/5.0 (compatible; METASpider; +http://meta.ua/spider)"
194.0.131.149 - - [05/Apr/2017:07:48:40 +0300] "GET /index.php/photogalery/34-pershe-sviate-prychastia-2012/detail/414-2012-06-06-20-46-17.html?tmpl=component&phocaslideshow=0 HTTP/1.0" 200 2467 "-" "Mozilla/5.0 (compatible; METASpider; +http://meta.ua/spider)"
194.0.131.149 - - [05/Apr/2017:07:48:51 +0300] "GET /index.php/photogalery/34-pershe-sviate-prychastia-2012/detail/415-2012-06-06-20-46-17.html?tmpl=component&phocaslideshow=0 HTTP/1.0" 200 2469 "-" "Mozilla/5.0 (compatible; METASpider; +http://meta.ua/spider)"
194.0.131.163 - - [05/Apr/2017:07:48:57 +0300] "GET /index.php/oholoshennia/item/642-parafiyalni-ogoloshennya-vid-17-serpnya-2014-roku.html HTTP/1.0" 200 14914 "-" "Mozilla/5.0 (compatible; METASpider; +http://meta.ua/spider)"
194.0.131.139 - - [05/Apr/2017:07:49:02 +0300] "GET /index.php/photogalery/34-pershe-sviate-prychastia-2012/detail/416-2012-06-06-20-46-17.html?tmpl=component&phocaslideshow=0 HTTP/1.0" 200 2467 "-" "Mozilla/5.0 (compatible; METASpider; +http://meta.ua/spider)"
194.0.131.149 - - [05/Apr/2017:07:49:14 +0300] "GET /index.php/photogalery/34-pershe-sviate-prychastia-2012/detail/417-2012-06-06-20-46-17.html?tmpl=component&phocaslideshow=0 HTTP/1.0" 200 2469 "-" "Mozilla/5.0 (compatible; METASpider; +http://meta.ua/spider)"
194.0.131.149 - - [05/Apr/2017:07:49:25 +0300] "GET /index.php/photogalery/34-pershe-sviate-prychastia-2012/detail/418-2012-06-06-20-46-17.html?tmpl=component&phocaslideshow=0 HTTP/1.0" 200 2468 "-" "Mozilla/5.0 (compatible; METASpider; +http://meta.ua/spider)"
194.0.131.187 - - [05/Apr/2017:07:49:36 +0300] "GET /index.php/photogalery/34-pershe-sviate-prychastia-2012/detail/419-2012-06-06-20-46-17.html?tmpl=component&phocaslideshow=0 HTTP/1.0" 200 2469 "-" "Mozilla/5.0 (compatible; METASpider; +http://meta.ua/spider)"
194.0.131.149 - - [05/Apr/2017:07:49:42 +0300] "GET /index.php/oholoshennia/item/643-parafiyalni-ogoloshennya-vid-7-veresnya-2014-roku.html HTTP/1.0" 200 15097 "-" "Mozilla/5.0 (compatible; METASpider; +http://meta.ua/spider)"
194.0.131.149 - - [05/Apr/2017:07:49:47 +0300] "GET /index.php/photogalery/34-pershe-sviate-prychastia-2012/detail/423-2012-06-06-20-46-17.html?tmpl=component&phocaslideshow=0 HTTP/1.0" 200 2467 "-" "Mozilla/5.0 (compatible; METASpider; +http://meta.ua/spider)"
194.0.131.149 - - [05/Apr/2017:07:49:58 +0300] "GET /index.php/photogalery/34-pershe-sviate-prychastia-2012/detail/424-2012-06-06-20-46-17.html?tmpl=component&phocaslideshow=0 HTTP/1.0" 200 2467 "-" "Mozilla/5.0 (compatible; METASpider; +http://meta.ua/spider)"
194.0.131.149 - - [05/Apr/2017:07:50:10 +0300] "GET /index.php/photogalery/34-pershe-sviate-prychastia-2012/detail/425-2012-06-06-20-46-17.html?tmpl=component&phocaslideshow=0 HTTP/1.0" 200 2469 "-" "Mozilla/5.0 (compatible; METASpider; +http://meta.ua/spider)"
194.0.131.190 - - [05/Apr/2017:07:50:21 +0300] "GET /index.php/photogalery/34-pershe-sviate-prychastia-2012/detail/426-2012-06-06-20-46-17.html?tmpl=component&phocaslideshow=0 HTTP/1.0" 200 2467 "-" "Mozilla/5.0 (compatible; METASpider; +http://meta.ua/spider)"
194.0.131.149 - - [05/Apr/2017:07:50:28 +0300] "GET /index.php/oholoshennia/item/422-parafiyalni-ogoloshennya-vid-17-lyutogo-2013-roku.html HTTP/1.0" 200 15123 "-" "Mozilla/5.0 (compatible; METASpider; +http://meta.ua/spider)"
194.0.131.149 - - [05/Apr/2017:07:50:33 +0300] "GET /index.php/photogalery/34-pershe-sviate-prychastia-2012/detail/427-2012-06-06-20-46-17.html?tmpl=component&phocaslideshow=0 HTTP/1.0" 200 2469 "-" "Mozilla/5.0 (compatible; METASpider; +http://meta.ua/spider)"
194.0.131.149 - - [05/Apr/2017:07:50:44 +0300] "GET /index.php/photogalery/34-pershe-sviate-prychastia-2012/detail/428-2012-06-06-20-46-17.html?tmpl=component&phocaslideshow=0 HTTP/1.0" 200 2468 "-" "Mozilla/5.0 (compatible; METASpider; +http://meta.ua/spider)"
164.132.161.78 - - [05/Apr/2017:07:50:50 +0300] "GET /index.php/news/item/798-sdm-u-krakovi.html?tmpl=component&print=1 HTTP/1.0" 200 7023 "-" "Mozilla/5.0 (compatible; AhrefsBot/5.2; +http://ahrefs.com/robot/)"
194.0.131.149 - - [05/Apr/2017:07:50:55 +0300] "GET /index.php/photogalery/34-pershe-sviate-prychastia-2012/detail/429-2012-06-06-20-46-17.html?tmpl=component&phocaslideshow=0 HTTP/1.0" 200 2468 "-" "Mozilla/5.0 (compatible; METASpider; +http://meta.ua/spider)"
194.0.131.149 - - [05/Apr/2017:07:51:07 +0300] "GET /index.php/photogalery/34-pershe-sviate-prychastia-2012/detail/430-2012-06-06-20-46-17.html?tmpl=component&phocaslideshow=0 HTTP/1.0" 200 2469 "-" "Mozilla/5.0 (compatible; METASpider; +http://meta.ua/spider)"
194.0.131.134 - - [05/Apr/2017:07:51:13 +0300] "GET /index.php/oholoshennia/item/425-parafiyalni-ogoloshennya-vid-24-lyutogo-2013-roku.html HTTP/1.0" 200 15039 "-" "Mozilla/5.0 (compatible; METASpider; +http://meta.ua/spider)"
194.0.131.149 - - [05/Apr/2017:07:51:18 +0300] "GET /index.php/photogalery/34-pershe-sviate-prychastia-2012/detail/431-2012-06-06-20-46-17.html?tmpl=component&phocaslideshow=0 HTTP/1.0" 200 2467 "-" "Mozilla/5.0 (compatible; METASpider; +http://meta.ua/spider)"
46.133.120.82 - - [05/Apr/2017:07:51:18 +0300] "GET / HTTP/1.0" 200 16389 "-" "Mozilla/5.0 (iPhone; CPU iPhone OS 10_2_1 like Mac OS X) AppleWebKit/602.4.6 (KHTML, like Gecko) Version/10.0 Mobile/14D27 Safari/602.1"
46.133.120.82 - - [05/Apr/2017:07:51:23 +0300] "GET /apple-touch-icon-120x120-precomposed.png HTTP/1.0" 404 - "-" "MobileSafari/602.1 CFNetwork/808.3 Darwin/16.3.0"
46.133.120.82 - - [05/Apr/2017:07:51:24 +0300] "GET /apple-touch-icon-120x120.png HTTP/1.0" 404 - "-" "MobileSafari/602.1 CFNetwork/808.3 Darwin/16.3.0"
46.133.120.82 - - [05/Apr/2017:07:51:25 +0300] "GET /apple-touch-icon-precomposed.png HTTP/1.0" 404 - "-" "MobileSafari/602.1 CFNetwork/808.3 Darwin/16.3.0"
46.133.120.82 - - [05/Apr/2017:07:51:25 +0300] "GET /apple-touch-icon.png HTTP/1.0" 404 - "-" "MobileSafari/602.1 CFNetwork/808.3 Darwin/16.3.0"
46.133.120.82 - - [05/Apr/2017:07:51:25 +0300] "GET /favicon.ico HTTP/1.0" 404 - "-" "MobileSafari/602.1 CFNetwork/808.3 Darwin/16.3.0"
46.133.120.82 - - [05/Apr/2017:07:51:26 +0300] "GET /apple-touch-icon-120x120-precomposed.png HTTP/1.0" 404 - "-" "MobileSafari/602.1 CFNetwork/808.3 Darwin/16.3.0"
46.133.120.82 - - [05/Apr/2017:07:51:26 +0300] "GET /apple-touch-icon-120x120.png HTTP/1.0" 404 - "-" "MobileSafari/602.1 CFNetwork/808.3 Darwin/16.3.0"
46.133.120.82 - - [05/Apr/2017:07:51:27 +0300] "GET /favicon.ico HTTP/1.0" 404 - "-" "MobileSafari/602.1 CFNetwork/808.3 Darwin/16.3.0"
194.0.131.149 - - [05/Apr/2017:07:51:30 +0300] "GET /index.php/photogalery/34-pershe-sviate-prychastia-2012/detail/448-2012-06-06-20-46-17.html?tmpl=component&phocaslideshow=0 HTTP/1.0" 200 2465 "-" "Mozilla/5.0 (compatible; METASpider; +http://meta.ua/spider)"
194.0.131.149 - - [05/Apr/2017:07:51:42 +0300] "GET /index.php/photogalery/34-pershe-sviate-prychastia-2012/detail/449-2012-06-06-20-46-17.html?tmpl=component&phocaslideshow=0 HTTP/1.0" 200 2466 "-" "Mozilla/5.0 (compatible; METASpider; +http://meta.ua/spider)"
164.132.161.78 - - [05/Apr/2017:07:51:48 +0300] "GET /document/2/238_1.html HTTP/1.0" 404 1784 "-" "Mozilla/5.0 (compatible; AhrefsBot/5.2; +http://ahrefs.com/robot/)"
194.0.131.149 - - [05/Apr/2017:07:51:53 +0300] "GET /index.php/photogalery/34-pershe-sviate-prychastia-2012/detail/450-2012-06-06-20-46-17.html?tmpl=component&phocaslideshow=0 HTTP/1.0" 200 2467 "-" "Mozilla/5.0 (compatible; METASpider; +http://meta.ua/spider)"
194.0.131.149 - - [05/Apr/2017:07:51:58 +0300] "GET /index.php/oholoshennia/item/426-parafiyalni-ogoloshennya-vid-3-bereznya-2013-roku.html HTTP/1.0" 200 15085 "-" "Mozilla/5.0 (compatible; METASpider; +http://meta.ua/spider)"
194.0.131.149 - - [05/Apr/2017:07:52:05 +0300] "GET /index.php/photogalery/34-pershe-sviate-prychastia-2012/detail/451-2012-06-06-20-46-17.html?tmpl=component&phocaslideshow=0 HTTP/1.0" 200 2464 "-" "Mozilla/5.0 (compatible; METASpider; +http://meta.ua/spider)"
194.0.131.163 - - [05/Apr/2017:07:52:17 +0300] "GET /index.php/photogalery/34-pershe-sviate-prychastia-2012/detail/452-2012-06-06-20-46-17.html?tmpl=component&phocaslideshow=0 HTTP/1.0" 200 2465 "-" "Mozilla/5.0 (compatible; METASpider; +http://meta.ua/spider)"
194.0.131.153 - - [05/Apr/2017:07:52:29 +0300] "GET /index.php/photogalery/34-pershe-sviate-prychastia-2012/detail/453-2012-06-06-20-46-17.html?tmpl=component&phocaslideshow=0 HTTP/1.0" 200 2465 "-" "Mozilla/5.0 (compatible; METASpider; +http://meta.ua/spider)"
194.0.131.149 - - [05/Apr/2017:07:52:40 +0300] "GET /index.php/photogalery/34-pershe-sviate-prychastia-2012/detail/454-2012-06-06-20-46-17.html?tmpl=component&phocaslideshow=0 HTTP/1.0" 200 2465 "-" "Mozilla/5.0 (compatible; METASpider; +http://meta.ua/spider)"
194.0.131.149 - - [05/Apr/2017:07:52:43 +0300] "GET /index.php/oholoshennia/item/469-parafiyalni-ogoloshennya-vid-11-serpnya-2013-roku.html HTTP/1.0" 200 15102 "-" "Mozilla/5.0 (compatible; METASpider; +http://meta.ua/spider)"
194.0.131.145 - - [05/Apr/2017:07:52:51 +0300] "GET /index.php/photogalery/34-pershe-sviate-prychastia-2012/detail/455-2012-06-06-20-46-17.html?tmpl=component&phocaslideshow=0 HTTP/1.0" 200 2466 "-" "Mozilla/5.0 (compatible; METASpider; +http://meta.ua/spider)"
194.0.131.160 - - [05/Apr/2017:07:53:03 +0300] "GET /index.php/photogalery/34-pershe-sviate-prychastia-2012/detail/456-2012-06-06-20-46-17.html?tmpl=component&phocaslideshow=0 HTTP/1.0" 200 2465 "-" "Mozilla/5.0 (compatible; METASpider; +http://meta.ua/spider)"
194.0.131.149 - - [05/Apr/2017:07:53:14 +0300] "GET /index.php/photogalery/34-pershe-sviate-prychastia-2012/detail/457-2012-06-06-20-46-17.html?tmpl=component&phocaslideshow=0 HTTP/1.0" 200 2467 "-" "Mozilla/5.0 (compatible; METASpider; +http://meta.ua/spider)"
194.0.131.149 - - [05/Apr/2017:07:53:25 +0300] "GET /index.php/photogalery/34-pershe-sviate-prychastia-2012/detail/458-2012-06-06-20-46-17.html?tmpl=component&phocaslideshow=0 HTTP/1.0" 200 2465 "-" "Mozilla/5.0 (compatible; METASpider; +http://meta.ua/spider)"
194.0.131.146 - - [05/Apr/2017:07:53:28 +0300] "GET /index.php/oholoshennia/item/470-parafiyalni-ogoloshennya-vid-18-serpnya-2013-roku.html HTTP/1.0" 200 15151 "-" "Mozilla/5.0 (compatible; METASpider; +http://meta.ua/spider)"
194.0.131.173 - - [05/Apr/2017:07:53:37 +0300] "GET /index.php/photogalery/34-pershe-sviate-prychastia-2012/detail/459-2012-06-06-20-46-17.html?tmpl=component&phocaslideshow=0 HTTP/1.0" 200 2468 "-" "Mozilla/5.0 (compatible; METASpider; +http://meta.ua/spider)"
194.0.131.139 - - [05/Apr/2017:07:53:49 +0300] "GET /index.php/photogalery/34-pershe-sviate-prychastia-2012/detail/460-2012-06-06-20-46-17.html?tmpl=component&phocaslideshow=0 HTTP/1.0" 200 2468 "-" "Mozilla/5.0 (compatible; METASpider; +http://meta.ua/spider)"
194.0.131.149 - - [05/Apr/2017:07:54:01 +0300] "GET /index.php/photogalery/34-pershe-sviate-prychastia-2012/detail/465-2012-06-06-20-46-17.html?tmpl=component&phocaslideshow=0 HTTP/1.0" 200 2467 "-" "Mozilla/5.0 (compatible; METASpider; +http://meta.ua/spider)"
194.0.131.149 - - [05/Apr/2017:07:54:14 +0300] "GET /index.php/photogalery/34-pershe-sviate-prychastia-2012/detail/466-2012-06-06-20-46-17.html?tmpl=component&phocaslideshow=0 HTTP/1.0" 200 2466 "-" "Mozilla/5.0 (compatible; METASpider; +http://meta.ua/spider)"
194.0.131.149 - - [05/Apr/2017:07:54:25 +0300] "GET /index.php/photogalery/34-pershe-sviate-prychastia-2012/detail/467-2012-06-06-20-46-17.html?tmpl=component&phocaslideshow=0 HTTP/1.0" 200 2468 "-" "Mozilla/5.0 (compatible; METASpider; +http://meta.ua/spider)"
194.0.131.149 - - [05/Apr/2017:07:54:35 +0300] "GET /index.php/oholoshennia/item/471-parafiyalni-ogoloshennya-vid-25-serpnya-2013-roku.html HTTP/1.0" 200 15175 "-" "Mozilla/5.0 (compatible; METASpider; +http://meta.ua/spider)"
194.0.131.168 - - [05/Apr/2017:07:54:42 +0300] "GET /index.php/photogalery/34-pershe-sviate-prychastia-2012/detail/468-2012-06-06-20-46-17.html?tmpl=component&phocaslideshow=0 HTTP/1.0" 200 2466 "-" "Mozilla/5.0 (compatible; METASpider; +http://meta.ua/spider)"
194.0.131.149 - - [05/Apr/2017:07:54:54 +0300] "GET /index.php/photogalery/34-pershe-sviate-prychastia-2012/detail/469-2012-06-06-20-46-17.html?tmpl=component&phocaslideshow=0 HTTP/1.0" 200 2467 "-" "Mozilla/5.0 (compatible; METASpider; +http://meta.ua/spider)"
194.0.131.149 - - [05/Apr/2017:07:55:05 +0300] "GET /index.php/photogalery/34-pershe-sviate-prychastia-2012/detail/470-2012-06-06-20-46-17.html?tmpl=component&phocaslideshow=0 HTTP/1.0" 200 2468 "-" "Mozilla/5.0 (compatible; METASpider; +http://meta.ua/spider)"
194.0.131.170 - - [05/Apr/2017:07:55:17 +0300] "GET /index.php/photogalery/34-pershe-sviate-prychastia-2012/detail/471-2012-06-06-20-46-17.html?tmpl=component&phocaslideshow=0 HTTP/1.0" 200 2466 "-" "Mozilla/5.0 (compatible; METASpider; +http://meta.ua/spider)"
194.0.131.149 - - [05/Apr/2017:07:55:28 +0300] "GET /index.php/photogalery/34-pershe-sviate-prychastia-2012/detail/472-2012-06-06-20-46-17.html?tmpl=component&phocaslideshow=0 HTTP/1.0" 200 2466 "-" "Mozilla/5.0 (compatible; METASpider; +http://meta.ua/spider)"
194.0.131.149 - - [05/Apr/2017:07:55:39 +0300] "GET /index.php/photogalery/34-pershe-sviate-prychastia-2012/detail/473-2012-06-06-20-46-17.html?tmpl=component&phocaslideshow=0 HTTP/1.0" 200 2451 "-" "Mozilla/5.0 (compatible; METASpider; +http://meta.ua/spider)"
194.0.131.158 - - [05/Apr/2017:07:55:42 +0300] "GET /index.php/oholoshennia/item/474-parafiyalni-ogoloshennya-vid-1-veresnya-2013-roku.html HTTP/1.0" 200 15450 "-" "Mozilla/5.0 (compatible; METASpider; +http://meta.ua/spider)"
194.0.131.149 - - [05/Apr/2017:07:55:51 +0300] "GET /index.php/photogalery/43-urochystist-bozhoho-tila-2013/detail/710-2013-06-03-08-26-56.html?tmpl=component&phocaslideshow=0 HTTP/1.0" 200 2404 "-" "Mozilla/5.0 (compatible; METASpider; +http://meta.ua/spider)"
194.0.131.149 - - [05/Apr/2017:07:56:02 +0300] "GET /index.php/photogalery/43-urochystist-bozhoho-tila-2013/detail/711-2013-06-03-08-26-56.html?tmpl=component&phocaslideshow=0 HTTP/1.0" 200 2421 "-" "Mozilla/5.0 (compatible; METASpider; +http://meta.ua/spider)"
194.0.131.149 - - [05/Apr/2017:07:56:14 +0300] "GET /index.php/photogalery/43-urochystist-bozhoho-tila-2013/detail/715-2013-06-03-08-26-56.html?tmpl=component&phocaslideshow=0 HTTP/1.0" 200 2421 "-" "Mozilla/5.0 (compatible; METASpider; +http://meta.ua/spider)"
194.0.131.149 - - [05/Apr/2017:07:56:26 +0300] "GET /index.php/photogalery/43-urochystist-bozhoho-tila-2013/detail/716-2013-06-03-08-26-56.html?tmpl=component&phocaslideshow=0 HTTP/1.0" 200 2421 "-" "Mozilla/5.0 (compatible; METASpider; +http://meta.ua/spider)"
194.0.131.149 - - [05/Apr/2017:07:56:27 +0300] "GET /index.php/oholoshennia/item/477-parafiyalni-ogoloshennya-vid-8-veresnya-2013-roku.html HTTP/1.0" 200 15674 "-" "Mozilla/5.0 (compatible; METASpider; +http://meta.ua/spider)"
194.0.131.160 - - [05/Apr/2017:07:56:37 +0300] "GET /index.php/photogalery/43-urochystist-bozhoho-tila-2013/detail/717-2013-06-03-08-26-56.html?tmpl=component&phocaslideshow=0 HTTP/1.0" 200 2422 "-" "Mozilla/5.0 (compatible; METASpider; +http://meta.ua/spider)"
194.0.131.149 - - [05/Apr/2017:07:56:49 +0300] "GET /index.php/photogalery/43-urochystist-bozhoho-tila-2013/detail/718-2013-06-03-08-26-56.html?tmpl=component&phocaslideshow=0 HTTP/1.0" 200 2421 "-" "Mozilla/5.0 (compatible; METASpider; +http://meta.ua/spider)"
194.0.131.149 - - [05/Apr/2017:07:57:01 +0300] "GET /index.php/photogalery/43-urochystist-bozhoho-tila-2013/detail/719-2013-06-03-08-26-56.html?tmpl=component&phocaslideshow=0 HTTP/1.0" 200 2422 "-" "Mozilla/5.0 (compatible; METASpider; +http://meta.ua/spider)"
194.0.131.149 - - [05/Apr/2017:07:57:12 +0300] "GET /index.php/photogalery/43-urochystist-bozhoho-tila-2013/detail/720-2013-06-03-08-26-56.html?tmpl=component&phocaslideshow=0 HTTP/1.0" 200 2423 "-" "Mozilla/5.0 (compatible; METASpider; +http://meta.ua/spider)"
194.0.131.149 - - [05/Apr/2017:07:57:23 +0300] "GET /index.php/oholoshennia/item/493-parafiyalni-ogoloshennya-vid-6-zhovtnya-2013-roku.html HTTP/1.0" 200 15178 "-" "Mozilla/5.0 (compatible; METASpider; +http://meta.ua/spider)"
141.8.183.16 - - [05/Apr/2017:07:58:28 +0300] "GET /index.php/photogalery/43-urochystist-bozhoho-tila-2013/detail/735-2013-06-03-08-26-56.html?tmpl=component&phocaslideshow=0 HTTP/1.0" 200 2418 "-" "Mozilla/5.0 (compatible; YandexBot/3.0; +http://yandex.com/bots)"
178.154.149.9 - - [05/Apr/2017:07:58:29 +0300] "GET /index.php/photogalery/36-rekolektsii-dlia-ditei-polshcha-brenna-2011/detail/532-2012-07-04-15-08-52.html?phocaslideshow=0&tmpl=component HTTP/1.0" 200 2540 "-" "Mozilla/5.0 (compatible; YandexBot/3.0; +http://yandex.com/bots)"
141.8.132.48 - - [05/Apr/2017:07:58:31 +0300] "GET /index.php/photogalery/33-remont-dakhu-kostelu-2012/detail/370-2012-05-22-09-35-27.html?tmpl=component&phocaslideshow=0 HTTP/1.0" 200 2347 "-" "Mozilla/5.0 (compatible; YandexBot/3.0; +http://yandex.com/bots)"
93.158.152.81 - - [05/Apr/2017:07:58:31 +0300] "GET /index.php/photogalery/36-rekolektsii-dlia-ditei-polshcha-brenna-2011/detail/553-2012-07-04-15-08-52.html?tmpl=component&phocaslideshow=0 HTTP/1.0" 200 2537 "-" "Mozilla/5.0 (compatible; YandexBot/3.0; +http://yandex.com/bots)"
141.8.183.16 - - [05/Apr/2017:07:58:33 +0300] "GET /index.php/photogalery/34-pershe-sviate-prychastia-2012/detail/455-2012-06-06-20-46-17.html?tmpl=component&phocaslideshow=0 HTTP/1.0" 200 2463 "-" "Mozilla/5.0 (compatible; YandexBot/3.0; +http://yandex.com/bots)"
178.154.149.9 - - [05/Apr/2017:07:58:34 +0300] "GET /index.php/statti/item/339-%d0%b2%d0%be%d0%b7%d0%bd%d0%b5%d1%81%d1%96%d0%bd%d0%bd%d1%8f-%d0%b3%d0%be%d1%81%d0%bf%d0%be%d0%b4%d0%bd%d1%94.html HTTP/1.0" 200 15626 "-" "Mozilla/5.0 (compatible; YandexBot/3.0; +http://yandex.com/bots)"
178.154.149.9 - - [05/Apr/2017:07:58:38 +0300] "GET /index.php/photogalery/25-rekolektsii-dlia-ditei-2008-rik/detail/276-rekolektsii.html?phocaslideshow=1&tmpl=component HTTP/1.0" 200 2146 "-" "Mozilla/5.0 (compatible; YandexBot/3.0; +http://yandex.com/bots)"
68.180.229.126 - - [05/Apr/2017:07:58:58 +0300] "GET /document/2/420_1.html HTTP/1.0" 404 1784 "-" "Mozilla/5.0 (compatible; Yahoo! Slurp; http://help.yahoo.com/help/us/ysearch/slurp)"
194.0.131.149 - - [05/Apr/2017:07:59:27 +0300] "GET /index.php/oholoshennia/item/569-parafiyalni-ogoloshennya-vid-13-kvitnya-2014-roku.html HTTP/1.0" 200 15445 "-" "Mozilla/5.0 (compatible; METASpider; +http://meta.ua/spider)"
194.0.131.149 - - [05/Apr/2017:07:59:32 +0300] "GET /index.php/photogalery/43-urochystist-bozhoho-tila-2013/detail/721-2013-06-03-08-26-56.html?tmpl=component&phocaslideshow=0 HTTP/1.0" 200 2421 "-" "Mozilla/5.0 (compatible; METASpider; +http://meta.ua/spider)"
5.255.253.79 - - [05/Apr/2017:08:00:56 +0300] "GET /index.php/oholoshennia/item/434-svyate-pashalne-tridennya-2013.html HTTP/1.0" 200 15060 "-" "Mozilla/5.0 (compatible; YandexBot/3.0; +http://yandex.com/bots)"
178.154.200.36 - - [05/Apr/2017:08:01:50 +0300] "GET /index.php/news/item/415-svitlo-u-pidgotovtsi-do-pershoyi-spovidi-ta-svyatogo-prichastya.html HTTP/1.0" 200 14598 "-" "Mozilla/5.0 (compatible; YandexBot/3.0; +http://yandex.com/bots)"
178.154.200.36 - - [05/Apr/2017:08:02:24 +0300] "GET /NJaremchuk/main.html HTTP/1.0" 404 1784 "-" "Mozilla/5.0 (compatible; YandexBot/3.0; +http://yandex.com/bots)"
93.158.152.81 - - [05/Apr/2017:08:02:28 +0300] "GET /bukovina/10/26_1.html HTTP/1.0" 404 1784 "-" "Mozilla/5.0 (compatible; YandexBot/3.0; +http://yandex.com/bots)"
178.154.200.36 - - [05/Apr/2017:08:02:29 +0300] "GET /NJaremchuk/olena.html HTTP/1.0" 404 1784 "-" "Mozilla/5.0 (compatible; YandexBot/3.0; +http://yandex.com/bots)"
178.154.149.9 - - [05/Apr/2017:08:02:29 +0300] "GET /archive/anons.php HTTP/1.0" 404 1784 "-" "Mozilla/5.0 (compatible; YandexBot/3.0; +http://yandex.com/bots)"
141.8.142.209 - - [05/Apr/2017:08:02:30 +0300] "GET /archive/news_arch.php?page=80 HTTP/1.0" 404 1784 "-" "Mozilla/5.0 (compatible; YandexBot/3.0; +http://yandex.com/bots)"
178.154.149.9 - - [05/Apr/2017:08:02:31 +0300] "GET /archive/news_arch.php?page=0 HTTP/1.0" 404 1784 "-" "Mozilla/5.0 (compatible; YandexBot/3.0; +http://yandex.com/bots)"
5.255.253.79 - - [05/Apr/2017:08:02:31 +0300] "GET /human/default.php HTTP/1.0" 404 1784 "-" "Mozilla/5.0 (compatible; YandexBot/3.0; +http://yandex.com/bots)"
93.158.152.81 - - [05/Apr/2017:08:02:32 +0300] "GET /NJaremchuk/ HTTP/1.0" 404 1784 "-" "Mozilla/5.0 (compatible; YandexBot/3.0; +http://yandex.com/bots)"
141.8.132.48 - - [05/Apr/2017:08:02:32 +0300] "GET /Health/TopMain.htm HTTP/1.0" 404 1784 "-" "Mozilla/5.0 (compatible; YandexBot/3.0; +http://yandex.com/bots)"
5.255.253.79 - - [05/Apr/2017:08:02:33 +0300] "GET /Health/Design.htm HTTP/1.0" 404 1784 "-" "Mozilla/5.0 (compatible; YandexBot/3.0; +http://yandex.com/bots)"
141.8.142.209 - - [05/Apr/2017:08:02:33 +0300] "GET /bukovina/6/41_1.html HTTP/1.0" 404 1784 "-" "Mozilla/5.0 (compatible; YandexBot/3.0; +http://yandex.com/bots)"
141.8.183.16 - - [05/Apr/2017:08:02:33 +0300] "GET /bukovina/4/39_1.html HTTP/1.0" 404 1784 "-" "Mozilla/5.0 (compatible; YandexBot/3.0; +http://yandex.com/bots)"
178.154.149.9 - - [05/Apr/2017:08:02:34 +0300] "GET /Health/LeftMain.htm HTTP/1.0" 404 1784 "-" "Mozilla/5.0 (compatible; YandexBot/3.0; +http://yandex.com/bots)"
93.158.152.81 - - [05/Apr/2017:08:02:34 +0300] "GET /invest/doc/3/8_1.html HTTP/1.0" 404 1784 "-" "Mozilla/5.0 (compatible; YandexBot/3.0; +http://yandex.com/bots)"
5.255.253.79 - - [05/Apr/2017:08:02:35 +0300] "GET /invest/doc/3/24_1.html HTTP/1.0" 404 1784 "-" "Mozilla/5.0 (compatible; YandexBot/3.0; +http://yandex.com/bots)"
141.8.183.16 - - [05/Apr/2017:08:02:35 +0300] "GET /human/oz.html HTTP/1.0" 404 1784 "-" "Mozilla/5.0 (compatible; YandexBot/3.0; +http://yandex.com/bots)"
178.154.200.36 - - [05/Apr/2017:08:02:36 +0300] "GET /invest/doc/7/64_1.html HTTP/1.0" 404 1784 "-" "Mozilla/5.0 (compatible; YandexBot/3.0; +http://yandex.com/bots)"
5.255.253.79 - - [05/Apr/2017:08:02:36 +0300] "GET /ocssm/nav.htm HTTP/1.0" 404 1784 "-" "Mozilla/5.0 (compatible; YandexBot/3.0; +http://yandex.com/bots)"
141.8.183.16 - - [05/Apr/2017:08:02:37 +0300] "GET /invest/doc/1/4_1.html HTTP/1.0" 404 1784 "-" "Mozilla/5.0 (compatible; YandexBot/3.0; +http://yandex.com/bots)"
93.158.152.81 - - [05/Apr/2017:08:02:39 +0300] "GET /document/2/46_1.html HTTP/1.0" 404 1784 "-" "Mozilla/5.0 (compatible; YandexBot/3.0; +http://yandex.com/bots)"
141.8.132.48 - - [05/Apr/2017:08:02:39 +0300] "GET /document/2/293_1.html HTTP/1.0" 404 1784 "-" "Mozilla/5.0 (compatible; YandexBot/3.0; +http://yandex.com/bots)"
178.154.200.36 - - [05/Apr/2017:08:02:40 +0300] "GET /document/2/225_1.html HTTP/1.0" 404 1784 "-" "Mozilla/5.0 (compatible; YandexBot/3.0; +http://yandex.com/bots)"
93.158.152.81 - - [05/Apr/2017:08:02:40 +0300] "GET /document/2/309_1.html HTTP/1.0" 404 1784 "-" "Mozilla/5.0 (compatible; YandexBot/3.0; +http://yandex.com/bots)"
5.255.253.79 - - [05/Apr/2017:08:02:41 +0300] "GET /gromada/party.html HTTP/1.0" 404 1784 "-" "Mozilla/5.0 (compatible; YandexBot/3.0; +http://yandex.com/bots)"
141.8.142.209 - - [05/Apr/2017:08:02:41 +0300] "GET /vlada/rada/vij_rad.html HTTP/1.0" 404 1784 "-" "Mozilla/5.0 (compatible; YandexBot/3.0; +http://yandex.com/bots)"
141.8.132.48 - - [05/Apr/2017:08:02:42 +0300] "GET /document/5/499_1.html HTTP/1.0" 404 1784 "-" "Mozilla/5.0 (compatible; YandexBot/3.0; +http://yandex.com/bots)"
178.154.200.36 - - [05/Apr/2017:08:02:42 +0300] "GET /cgi- HTTP/1.0" 404 1784 "-" "Mozilla/5.0 (compatible; YandexBot/3.0; +http://yandex.com/bots)"
178.154.200.36 - - [05/Apr/2017:08:02:44 +0300] "GET /document/6/index.html HTTP/1.0" 404 1784 "-" "Mozilla/5.0 (compatible; YandexBot/3.0; +http://yandex.com/bots)"
178.154.200.36 - - [05/Apr/2017:08:02:46 +0300] "GET /document/1/index.html HTTP/1.0" 404 1784 "-" "Mozilla/5.0 (compatible; YandexBot/3.0; +http://yandex.com/bots)"
178.154.200.36 - - [05/Apr/2017:08:02:49 +0300] "GET /vlada/top.html HTTP/1.0" 404 1784 "-" "Mozilla/5.0 (compatible; YandexBot/3.0; +http://yandex.com/bots)"
178.154.149.9 - - [05/Apr/2017:08:02:52 +0300] "GET /document/2/115_1.html HTTP/1.0" 404 1784 "-" "Mozilla/5.0 (compatible; YandexBot/3.0; +http://yandex.com/bots)"
93.158.152.81 - - [05/Apr/2017:08:02:53 +0300] "GET /document/2/310_1.html HTTP/1.0" 404 1784 "-" "Mozilla/5.0 (compatible; YandexBot/3.0; +http://yandex.com/bots)"
164.132.161.75 - - [05/Apr/2017:08:02:49 +0300] "GET /index.php/oholoshennia/item/316-%d0%bf%d0%b0%d1%80%d0%b0%d1%84%d1%96%d1%8f%d0%bb%d1%8c%d0%bd%d1%96-%d0%be%d0%b3%d0%be%d0%bb%d0%be%d1%88%d0%b5%d0%bd%d0%bd%d1%8f-%d0%b2%d1%96%d0%b4-18-%d0%b1%d0%b5%d1%80%d0%b5%d0%b7%d0%bd%d1%8f-2012-%d1%80%d0%be%d0%ba%d1%83.html HTTP/1.0" 200 14872 "-" "Mozilla/5.0 (compatible; AhrefsBot/5.2; +http://ahrefs.com/robot/)"
178.154.149.9 - - [05/Apr/2017:08:02:55 +0300] "GET /document/2/223_1.html HTTP/1.0" 404 1784 "-" "Mozilla/5.0 (compatible; YandexBot/3.0; +http://yandex.com/bots)"
141.8.132.48 - - [05/Apr/2017:08:02:57 +0300] "GET /document/2/17index.html HTTP/1.0" 404 1784 "-" "Mozilla/5.0 (compatible; YandexBot/3.0; +http://yandex.com/bots)"
141.8.183.16 - - [05/Apr/2017:08:02:59 +0300] "GET /document/2/218_1.html HTTP/1.0" 404 1784 "-" "Mozilla/5.0 (compatible; YandexBot/3.0; +http://yandex.com/bots)"
178.154.200.36 - - [05/Apr/2017:08:03:00 +0300] "GET /document/2/162_1.html HTTP/1.0" 404 1784 "-" "Mozilla/5.0 (compatible; YandexBot/3.0; +http://yandex.com/bots)"
5.255.253.79 - - [05/Apr/2017:08:03:05 +0300] "GET /document/2/224_1.html HTTP/1.0" 404 1784 "-" "Mozilla/5.0 (compatible; YandexBot/3.0; +http://yandex.com/bots)"
178.154.200.36 - - [05/Apr/2017:08:03:06 +0300] "GET /document/2/121_1.html HTTP/1.0" 404 1784 "-" "Mozilla/5.0 (compatible; YandexBot/3.0; +http://yandex.com/bots)"
178.154.149.9 - - [05/Apr/2017:08:03:09 +0300] "GET /document/2/186_1.html HTTP/1.0" 404 1784 "-" "Mozilla/5.0 (compatible; YandexBot/3.0; +http://yandex.com/bots)"
141.8.142.209 - - [05/Apr/2017:08:03:09 +0300] "GET /obl/buk/obl.html HTTP/1.0" 404 1784 "-" "Mozilla/5.0 (compatible; YandexBot/3.0; +http://yandex.com/bots)"
5.255.253.79 - - [05/Apr/2017:08:03:11 +0300] "GET /cgi-bin/tour/view.cgi?id=3&cat_id=1&page=6 HTTP/1.0" 404 - "-" "Mozilla/5.0 (compatible; YandexBot/3.0; +http://yandex.com/bots)"
