194.0.131.149 - - [05/Apr/2017:05:29:57 +0300] "GET /index.php/photogalery/26-palomnytstvo-do-polshchi-2008-rik/detail/284-polshcha-2008.html?phocaslideshow=1&tmpl=component HTTP/1.0" 200 2184 "-" "Mozilla/5.0 (compatible; METASpider; +http://meta.ua/spider)"
194.0.131.149 - - [05/Apr/2017:05:30:07 +0300] "GET /index.php/photogalery/26-palomnytstvo-do-polshchi-2008-rik/detail/285-polshcha-2008.html?phocaslideshow=1&tmpl=component HTTP/1.0" 200 2184 "-" "Mozilla/5.0 (compatible; METASpider; +http://meta.ua/spider)"
194.0.131.149 - - [05/Apr/2017:05:30:18 +0300] "GET /index.php/photogalery/26-palomnytstvo-do-polshchi-2008-rik/detail/286-polshcha-2008.html?phocaslideshow=1&tmpl=component HTTP/1.0" 200 2183 "-" "Mozilla/5.0 (compatible; METASpider; +http://meta.ua/spider)"
194.0.131.149 - - [05/Apr/2017:05:30:30 +0300] "GET /index.php/photogalery/26-palomnytstvo-do-polshchi-2008-rik/detail/291-polshcha-2008.html?phocaslideshow=1&tmpl=component HTTP/1.0" 200 2183 "-" "Mozilla/5.0 (compatible; METASpider; +http://meta.ua/spider)"
194.0.131.149 - - [05/Apr/2017:05:30:35 +0300] "GET /index.php/photogalery/category/31-velykodnia-zustrich-parafiialnoho-khoru-2012.html HTTP/1.0" 200 13406 "-" "Mozilla/5.0 (compatible; METASpider; +http://meta.ua/spider)"
194.0.131.149 - - [05/Apr/2017:05:30:42 +0300] "GET /index.php/photogalery/26-palomnytstvo-do-polshchi-2008-rik/detail/292-polshcha-2008.html?phocaslideshow=1&tmpl=component HTTP/1.0" 200 2184 "-" "Mozilla/5.0 (compatible; METASpider; +http://meta.ua/spider)"
194.0.131.130 - - [05/Apr/2017:05:30:54 +0300] "GET /index.php/photogalery/26-palomnytstvo-do-polshchi-2008-rik/detail/293-polshcha-2008.html?phocaslideshow=1&tmpl=component HTTP/1.0" 200 2184 "-" "Mozilla/5.0 (compatible; METASpider; +http://meta.ua/spider)"
194.0.131.149 - - [05/Apr/2017:05:31:07 +0300] "GET /index.php/photogalery/38-mariine-bohosluzhinnia-2012/detail/645-2012-09-12-15-55-32.html?phocaslideshow=1&tmpl=component HTTP/1.0" 200 2140 "-" "Mozilla/5.0 (compatible; METASpider; +http://meta.ua/spider)"
194.0.131.187 - - [05/Apr/2017:05:31:19 +0300] "GET /index.php/photogalery/38-mariine-bohosluzhinnia-2012/detail/646-2012-09-12-15-55-32.html?phocaslideshow=1&tmpl=component HTTP/1.0" 200 2140 "-" "Mozilla/5.0 (compatible; METASpider; +http://meta.ua/spider)"
194.0.131.160 - - [05/Apr/2017:05:31:20 +0300] "GET /index.php/statti/item/438-miloserdya-nayvazhlivisha-ta-naybilsha-prikmeta-boga.html HTTP/1.0" 200 14137 "-" "Mozilla/5.0 (compatible; METASpider; +http://meta.ua/spider)"
194.0.131.149 - - [05/Apr/2017:05:31:31 +0300] "GET /index.php/photogalery/38-mariine-bohosluzhinnia-2012/detail/650-2012-09-12-15-55-32.html?phocaslideshow=1&tmpl=component HTTP/1.0" 200 2141 "-" "Mozilla/5.0 (compatible; METASpider; +http://meta.ua/spider)"
194.0.131.161 - - [05/Apr/2017:05:31:43 +0300] "GET /index.php/photogalery/38-mariine-bohosluzhinnia-2012/detail/651-2012-09-12-15-55-32.html?phocaslideshow=1&tmpl=component HTTP/1.0" 200 2139 "-" "Mozilla/5.0 (compatible; METASpider; +http://meta.ua/spider)"
164.132.161.4 - - [05/Apr/2017:05:31:54 +0300] "GET /index.php/photogalery/43-urochystist-bozhoho-tila-2013/detail/716-2013-06-03-08-26-56.html?tmpl=component HTTP/1.0" 200 2418 "-" "Mozilla/5.0 (compatible; AhrefsBot/5.2; +http://ahrefs.com/robot/)"
194.0.131.149 - - [05/Apr/2017:05:31:55 +0300] "GET /index.php/photogalery/38-mariine-bohosluzhinnia-2012/detail/652-2012-09-12-15-55-32.html?phocaslideshow=1&tmpl=component HTTP/1.0" 200 2127 "-" "Mozilla/5.0 (compatible; METASpider; +http://meta.ua/spider)"
194.0.131.188 - - [05/Apr/2017:05:32:06 +0300] "GET /index.php/statti/item/485-chernivetskiy-hram-zbudovaniy-za-vkazivkoyu-tsisarya.html HTTP/1.0" 200 16256 "-" "Mozilla/5.0 (compatible; METASpider; +http://meta.ua/spider)"
194.0.131.149 - - [05/Apr/2017:05:32:12 +0300] "GET /index.php/photogalery/26-palomnytstvo-do-polshchi-2008-rik/detail/283-polshcha-2008.html?tmpl=component&phocaslideshow=0 HTTP/1.0" 200 2251 "-" "Mozilla/5.0 (compatible; METASpider; +http://meta.ua/spider)"
194.0.131.149 - - [05/Apr/2017:05:32:22 +0300] "GET /index.php/photogalery/26-palomnytstvo-do-polshchi-2008-rik/detail/284-polshcha-2008.html?tmpl=component&phocaslideshow=0 HTTP/1.0" 200 2265 "-" "Mozilla/5.0 (compatible; METASpider; +http://meta.ua/spider)"
194.0.131.149 - - [05/Apr/2017:05:32:34 +0300] "GET /index.php/photogalery/26-palomnytstvo-do-polshchi-2008-rik/detail/285-polshcha-2008.html?tmpl=component&phocaslideshow=0 HTTP/1.0" 200 2265 "-" "Mozilla/5.0 (compatible; METASpider; +http://meta.ua/spider)"
194.0.131.149 - - [05/Apr/2017:05:32:45 +0300] "GET /index.php/photogalery/26-palomnytstvo-do-polshchi-2008-rik/detail/286-polshcha-2008.html?tmpl=component&phocaslideshow=0 HTTP/1.0" 200 2266 "-" "Mozilla/5.0 (compatible; METASpider; +http://meta.ua/spider)"
194.0.131.141 - - [05/Apr/2017:05:32:51 +0300] "GET /index.php/news/item/602-vi-arhidietsezialniy-z%e2%80%99yizd-vivtarnoyi-sluzhbi.html HTTP/1.0" 200 15089 "-" "Mozilla/5.0 (compatible; METASpider; +http://meta.ua/spider)"
194.0.131.149 - - [05/Apr/2017:05:32:58 +0300] "GET /index.php/photogalery/26-palomnytstvo-do-polshchi-2008-rik/detail/291-polshcha-2008.html?tmpl=component&phocaslideshow=0 HTTP/1.0" 200 2266 "-" "Mozilla/5.0 (compatible; METASpider; +http://meta.ua/spider)"
194.0.131.149 - - [05/Apr/2017:05:33:10 +0300] "GET /index.php/photogalery/26-palomnytstvo-do-polshchi-2008-rik/detail/292-polshcha-2008.html?tmpl=component&phocaslideshow=0 HTTP/1.0" 200 2266 "-" "Mozilla/5.0 (compatible; METASpider; +http://meta.ua/spider)"
194.0.131.149 - - [05/Apr/2017:05:33:21 +0300] "GET /index.php/photogalery/26-palomnytstvo-do-polshchi-2008-rik/detail/293-polshcha-2008.html?tmpl=component&phocaslideshow=0 HTTP/1.0" 200 2266 "-" "Mozilla/5.0 (compatible; METASpider; +http://meta.ua/spider)"
194.0.131.149 - - [05/Apr/2017:05:33:33 +0300] "GET /index.php/photogalery/38-mariine-bohosluzhinnia-2012/detail/645-2012-09-12-15-55-32.html?tmpl=component&phocaslideshow=0 HTTP/1.0" 200 2222 "-" "Mozilla/5.0 (compatible; METASpider; +http://meta.ua/spider)"
194.0.131.149 - - [05/Apr/2017:05:33:36 +0300] "GET /index.php/oholoshennia/item/662-parafiyalni-ogoloshennya-vid-16-listopada-2014.html HTTP/1.0" 200 14997 "-" "Mozilla/5.0 (compatible; METASpider; +http://meta.ua/spider)"
194.0.131.190 - - [05/Apr/2017:05:33:45 +0300] "GET /index.php/photogalery/38-mariine-bohosluzhinnia-2012/detail/646-2012-09-12-15-55-32.html?tmpl=component&phocaslideshow=0 HTTP/1.0" 200 2222 "-" "Mozilla/5.0 (compatible; METASpider; +http://meta.ua/spider)"
194.0.131.149 - - [05/Apr/2017:05:33:57 +0300] "GET /index.php/photogalery/38-mariine-bohosluzhinnia-2012/detail/650-2012-09-12-15-55-32.html?tmpl=component&phocaslideshow=0 HTTP/1.0" 200 2224 "-" "Mozilla/5.0 (compatible; METASpider; +http://meta.ua/spider)"
194.0.131.149 - - [05/Apr/2017:05:34:10 +0300] "GET /index.php/photogalery/38-mariine-bohosluzhinnia-2012/detail/651-2012-09-12-15-55-32.html?tmpl=component&phocaslideshow=0 HTTP/1.0" 200 2222 "-" "Mozilla/5.0 (compatible; METASpider; +http://meta.ua/spider)"
194.0.131.149 - - [05/Apr/2017:05:34:21 +0300] "GET /index.php/oholoshennia/item/829-programa-dushpastirskih-vidvidin-2016-2017-rik.html HTTP/1.0" 200 15393 "-" "Mozilla/5.0 (compatible; METASpider; +http://meta.ua/spider)"
194.0.131.149 - - [05/Apr/2017:05:34:27 +0300] "GET /index.php/photogalery/38-mariine-bohosluzhinnia-2012/detail/652-2012-09-12-15-55-32.html?tmpl=component&phocaslideshow=0 HTTP/1.0" 200 2207 "-" "Mozilla/5.0 (compatible; METASpider; +http://meta.ua/spider)"
194.0.131.149 - - [05/Apr/2017:05:34:37 +0300] "GET /index.php/photogalery/34-pershe-sviate-prychastia-2012/detail/412-2012-06-06-20-46-17.html?tmpl=component&phocadownload=2 HTTP/1.0" 200 146706 "-" "Mozilla/5.0 (compatible; METASpider; +http://meta.ua/spider)"
194.0.131.158 - - [05/Apr/2017:05:34:48 +0300] "GET /index.php/photogalery/34-pershe-sviate-prychastia-2012/detail/413-2012-06-06-20-46-17.html?tmpl=component&phocadownload=2 HTTP/1.0" 200 147477 "-" "Mozilla/5.0 (compatible; METASpider; +http://meta.ua/spider)"
194.0.131.175 - - [05/Apr/2017:05:35:01 +0300] "GET /index.php/photogalery/34-pershe-sviate-prychastia-2012/detail/414-2012-06-06-20-46-17.html?tmpl=component&phocadownload=2 HTTP/1.0" 200 130302 "-" "Mozilla/5.0 (compatible; METASpider; +http://meta.ua/spider)"
194.0.131.149 - - [05/Apr/2017:05:35:06 +0300] "GET /index.php/photogalery/category/5-khresna-doroha-vulytsiamy-chernivtsiv-2011-rik.html HTTP/1.0" 200 13836 "-" "Mozilla/5.0 (compatible; METASpider; +http://meta.ua/spider)"
194.0.131.149 - - [05/Apr/2017:05:35:11 +0300] "GET /index.php/photogalery/34-pershe-sviate-prychastia-2012/detail/415-2012-06-06-20-46-17.html?tmpl=component&phocadownload=2 HTTP/1.0" 200 157959 "-" "Mozilla/5.0 (compatible; METASpider; +http://meta.ua/spider)"
194.0.131.149 - - [05/Apr/2017:05:35:23 +0300] "GET /index.php/photogalery/34-pershe-sviate-prychastia-2012/detail/416-2012-06-06-20-46-17.html?tmpl=component&phocadownload=2 HTTP/1.0" 200 165373 "-" "Mozilla/5.0 (compatible; METASpider; +http://meta.ua/spider)"
194.0.131.149 - - [05/Apr/2017:05:35:35 +0300] "GET /index.php/photogalery/34-pershe-sviate-prychastia-2012/detail/417-2012-06-06-20-46-17.html?tmpl=component&phocadownload=2 HTTP/1.0" 200 154546 "-" "Mozilla/5.0 (compatible; METASpider; +http://meta.ua/spider)"
52.2.10.94 - - [05/Apr/2017:05:35:40 +0300] "GET /robots.txt HTTP/1.0" 200 1151 "-" "ltx71 - (http://ltx71.com/)"
194.0.131.149 - - [05/Apr/2017:05:35:47 +0300] "GET /index.php/photogalery/34-pershe-sviate-prychastia-2012/detail/418-2012-06-06-20-46-17.html?tmpl=component&phocadownload=2 HTTP/1.0" 200 176979 "-" "Mozilla/5.0 (compatible; METASpider; +http://meta.ua/spider)"
194.0.131.149 - - [05/Apr/2017:05:35:51 +0300] "GET /index.php/photogalery/category/6-khresna-doroha-vulytsiamy-chernivtsiv-2012-rik.html HTTP/1.0" 200 14452 "-" "Mozilla/5.0 (compatible; METASpider; +http://meta.ua/spider)"
178.154.200.36 - - [05/Apr/2017:05:37:36 +0300] "GET /index.php/oholoshennia/item/613-parafiyalni-ogoloshennya-vid-13-lipnya-2014-roku.html HTTP/1.0" 200 15439 "-" "Mozilla/5.0 (compatible; YandexBot/3.0; +http://yandex.com/bots)"
141.8.183.16 - - [05/Apr/2017:05:37:41 +0300] "GET /index.php/news/item/769-mizhkonfesiyna-zustrich.html HTTP/1.0" 200 15072 "-" "Mozilla/5.0 (compatible; YandexBot/3.0; +http://yandex.com/bots)"
141.8.183.16 - - [05/Apr/2017:05:37:48 +0300] "GET /index.php/oholoshennia/item/767-primitsiyna-mesa.html HTTP/1.0" 200 15258 "-" "Mozilla/5.0 (compatible; YandexBot/3.0; +http://yandex.com/bots)"
141.8.183.16 - - [05/Apr/2017:05:37:55 +0300] "GET /index.php/yuvilei-200-littia/item/617-teleprograma-svyatini-bukovini-pro-kostel.html HTTP/1.0" 200 14062 "-" "Mozilla/5.0 (compatible; YandexBot/3.0; +http://yandex.com/bots)"
141.8.183.16 - - [05/Apr/2017:05:37:59 +0300] "GET /index.php/statti.html?start=30 HTTP/1.0" 200 16004 "-" "Mozilla/5.0 (compatible; YandexBot/3.0; +http://yandex.com/bots)"
141.8.132.48 - - [05/Apr/2017:05:38:03 +0300] "GET /index.php/oholoshennia/item/439-parafiyalni-ogoloshennya-vid-7-kvitnya-2013-roku.html HTTP/1.0" 200 15134 "-" "Mozilla/5.0 (compatible; YandexBot/3.0; +http://yandex.com/bots)"
141.8.132.48 - - [05/Apr/2017:05:38:08 +0300] "GET /index.php/news/item/843-vidpochinok-z-bogom-u-boyanah.html HTTP/1.0" 200 15996 "-" "Mozilla/5.0 (compatible; YandexBot/3.0; +http://yandex.com/bots)"
141.8.183.16 - - [05/Apr/2017:05:38:16 +0300] "GET /index.php/statti/item/710-hochu-dobre-robite-te-scho-robili-moyi-poperedniki.html HTTP/1.0" 200 15878 "-" "Mozilla/5.0 (compatible; YandexBot/3.0; +http://yandex.com/bots)"
141.8.132.48 - - [05/Apr/2017:05:38:21 +0300] "GET /index.php/news/item/842-molitovna-zustrich-studentiv-z-indiyi.html HTTP/1.0" 200 15087 "-" "Mozilla/5.0 (compatible; YandexBot/3.0; +http://yandex.com/bots)"
178.154.200.36 - - [05/Apr/2017:05:38:26 +0300] "GET /index.php/statti.html?start=40 HTTP/1.0" 200 14854 "-" "Mozilla/5.0 (compatible; YandexBot/3.0; +http://yandex.com/bots)"
141.8.183.16 - - [05/Apr/2017:05:39:21 +0300] "GET /index.php/oholoshennia/item/727-parafiyalni-ogoloshennya-vid-13-grudnya-2015-roku.html HTTP/1.0" 200 15424 "-" "Mozilla/5.0 (compatible; YandexBot/3.0; +http://yandex.com/bots)"
178.154.200.36 - - [05/Apr/2017:05:39:27 +0300] "GET /index.php/news/item/771-pastirskiy-vizit.html?_escaped_fragment_=prettyPhoto[gallery6f35656729]/4/ HTTP/1.0" 200 14904 "-" "Mozilla/5.0 (compatible; YandexBot/3.0; +http://yandex.com/bots)"
141.8.132.48 - - [05/Apr/2017:05:39:32 +0300] "GET /index.php/yuvilei-200-littia/item/623-pro-urochistist-z-nagodi-200-richchya-osvyachennya-kostelu-povidomlyae-chernivetskiy-reporter.html HTTP/1.0" 200 16301 "-" "Mozilla/5.0 (compatible; YandexBot/3.0; +http://yandex.com/bots)"
178.154.200.36 - - [05/Apr/2017:05:39:37 +0300] "GET /index.php/yuvilei-200-littia/item/624-pochesniy-titul-maloyi-baziliki-vid-predstavnika-vatikanu.html HTTP/1.0" 200 14017 "-" "Mozilla/5.0 (compatible; YandexBot/3.0; +http://yandex.com/bots)"
178.154.200.36 - - [05/Apr/2017:05:39:43 +0300] "GET /index.php/photogalery/category/36-rekolektsii-dlia-ditei-polshcha-brenna-2011.html?limitstart=0 HTTP/1.0" 200 14405 "-" "Mozilla/5.0 (compatible; YandexBot/3.0; +http://yandex.com/bots)"
141.8.183.16 - - [05/Apr/2017:05:39:47 +0300] "GET /index.php/statti/item/322-%d0%b2%d1%85%d1%96%d0%b4-%d0%b3%d0%be%d1%81%d0%bf%d0%be%d0%b4%d0%bd%d1%96%d0%b9-%d1%83-%d1%94%d1%80%d1%83%d1%81%d0%b0%d0%bb%d0%b8%d0%bc.html HTTP/1.0" 200 14380 "-" "Mozilla/5.0 (compatible; YandexBot/3.0; +http://yandex.com/bots)"
141.8.183.16 - - [05/Apr/2017:05:39:51 +0300] "GET /index.php/statti/item/524-pam%e2%80%99yatay-svit-pochinaetsya-z-tebe.html HTTP/1.0" 200 14656 "-" "Mozilla/5.0 (compatible; YandexBot/3.0; +http://yandex.com/bots)"
141.8.183.16 - - [05/Apr/2017:05:39:56 +0300] "GET /index.php/news/item/744-gulyannya-pered-velikim-postom.html HTTP/1.0" 200 15455 "-" "Mozilla/5.0 (compatible; YandexBot/3.0; +http://yandex.com/bots)"
194.0.131.133 - - [05/Apr/2017:05:39:56 +0300] "GET /index.php/statti/item/770-muzika-organu-ta-violoncheli-u-chernivetskomu-kosteli.html HTTP/1.0" 200 18333 "-" "Mozilla/5.0 (compatible; METASpider; +http://meta.ua/spider)"
194.0.131.149 - - [05/Apr/2017:05:40:03 +0300] "GET /index.php/photogalery/34-pershe-sviate-prychastia-2012/detail/419-2012-06-06-20-46-17.html?tmpl=component&phocadownload=2 HTTP/1.0" 200 175996 "-" "Mozilla/5.0 (compatible; METASpider; +http://meta.ua/spider)"
40.77.167.13 - - [05/Apr/2017:05:40:04 +0300] "GET /document/2/105_2.html HTTP/1.0" 404 1784 "-" "Mozilla/5.0 (iPhone; CPU iPhone OS 7_0 like Mac OS X) AppleWebKit/537.51.1 (KHTML, like Gecko) Version/7.0 Mobile/11A465 Safari/9537.53 (compatible; bingbot/2.0; +http://www.bing.com/bingbot.htm)"
141.8.132.48 - - [05/Apr/2017:05:40:02 +0300] "GET /index.php/statti/item/663-svyata-tsetsiliya-diva-i-muchenitsya.html HTTP/1.0" 200 14295 "-" "Mozilla/5.0 (compatible; YandexBot/3.0; +http://yandex.com/bots)"
141.8.132.48 - - [05/Apr/2017:05:40:06 +0300] "GET /index.php?start=450 HTTP/1.0" 200 16277 "-" "Mozilla/5.0 (compatible; YandexBot/3.0; +http://yandex.com/bots)"
194.0.131.173 - - [05/Apr/2017:05:40:14 +0300] "GET /index.php/photogalery/34-pershe-sviate-prychastia-2012/detail/420-2012-06-06-20-46-17.html?tmpl=component&phocadownload=2 HTTP/1.0" 200 167476 "-" "Mozilla/5.0 (compatible; METASpider; +http://meta.ua/spider)"
178.154.200.36 - - [05/Apr/2017:05:40:11 +0300] "GET /index.php/news/item/367-%d0%b2%d1%96%d0%b4%d0%bf%d1%83%d1%81%d1%82%d0%be%d0%b2%d0%b0-%d1%83%d1%80%d0%be%d1%87%d0%b8%d1%81%d1%82%d1%96%d1%81%d1%82%d1%8c-%d1%83-%d0%bd%d0%b0%d1%88%d1%96%d0%b9-%d0%bf%d0%b0%d1%80%d0%b0%d1%84%d1%96%d1%97.html HTTP/1.0" 200 15312 "-" "Mozilla/5.0 (compatible; YandexBot/3.0; +http://yandex.com/bots)"
141.8.132.48 - - [05/Apr/2017:05:40:16 +0300] "GET /index.php/news/item/451-vitannya-nastoyatelyu.html HTTP/1.0" 200 13464 "-" "Mozilla/5.0 (compatible; YandexBot/3.0; +http://yandex.com/bots)"
194.0.131.150 - - [05/Apr/2017:05:40:26 +0300] "GET /index.php/photogalery/34-pershe-sviate-prychastia-2012/detail/421-2012-06-06-20-46-17.html?tmpl=component&phocadownload=2 HTTP/1.0" 200 147696 "-" "Mozilla/5.0 (compatible; METASpider; +http://meta.ua/spider)"
141.8.132.48 - - [05/Apr/2017:05:40:22 +0300] "GET /index.php?start=460 HTTP/1.0" 200 16558 "-" "Mozilla/5.0 (compatible; YandexBot/3.0; +http://yandex.com/bots)"
178.154.200.36 - - [05/Apr/2017:05:40:27 +0300] "GET /index.php/istoriia.html HTTP/1.0" 200 15940 "-" "Mozilla/5.0 (compatible; YandexBot/3.0; +http://yandex.com/bots)"
178.154.200.36 - - [05/Apr/2017:05:40:32 +0300] "GET /index.php/oholoshennia.html?start=135 HTTP/1.0" 200 15502 "-" "Mozilla/5.0 (compatible; YandexBot/3.0; +http://yandex.com/bots)"
178.154.200.36 - - [05/Apr/2017:05:40:37 +0300] "GET /index.php/oholoshennia/item/464-parafiyalni-ogoloshennya-vid-7-lipnya-2013-roku.html HTTP/1.0" 200 14588 "-" "Mozilla/5.0 (compatible; YandexBot/3.0; +http://yandex.com/bots)"
141.8.183.16 - - [05/Apr/2017:05:40:42 +0300] "GET /index.php/statti/item/639-zhittya-moeyi-druzhini-zalezhit-ne-lishe-vid-mozhlivostey-meditsini.html HTTP/1.0" 200 14132 "-" "Mozilla/5.0 (compatible; YandexBot/3.0; +http://yandex.com/bots)"
178.154.200.36 - - [05/Apr/2017:05:40:47 +0300] "GET /index.php/statti/item/542-pershiy-krok-do-dobra-v-nashiy-derzhavi-%e2%80%93-tse-perestati-znevazhati-boga-u-nedilyu-i-svyatkovi-dni.html HTTP/1.0" 200 14854 "-" "Mozilla/5.0 (compatible; YandexBot/3.0; +http://yandex.com/bots)"
141.8.183.16 - - [05/Apr/2017:05:41:38 +0300] "GET /index.php/news.html?start=60 HTTP/1.0" 200 15152 "-" "Mozilla/5.0 (compatible; YandexBot/3.0; +http://yandex.com/bots)"
141.8.132.48 - - [05/Apr/2017:05:41:42 +0300] "GET /index.php/restavratsiini-roboty.html HTTP/1.0" 200 16070 "-" "Mozilla/5.0 (compatible; YandexBot/3.0; +http://yandex.com/bots)"
178.154.149.9 - - [05/Apr/2017:05:41:46 +0300] "GET /index.php/oholoshennia/item/441-parafiyalni-ogoloshennya-vid-21-kvitnya-2013-roku.html HTTP/1.0" 200 14943 "-" "Mozilla/5.0 (compatible; YandexBot/3.0; +http://yandex.com/bots)"
141.8.132.48 - - [05/Apr/2017:05:41:50 +0300] "GET /index.php/statti/item/596-moloda-matir-potrebue-dopomogi-na-likuvannya.html HTTP/1.0" 200 15589 "-" "Mozilla/5.0 (compatible; YandexBot/3.0; +http://yandex.com/bots)"
141.8.132.48 - - [05/Apr/2017:05:41:55 +0300] "GET /index.php/oholoshennia/item/502-parafiyalni-ogoloshennya-vid-27-zhovtnya-2013-roku.html HTTP/1.0" 200 15607 "-" "Mozilla/5.0 (compatible; YandexBot/3.0; +http://yandex.com/bots)"
141.8.132.48 - - [05/Apr/2017:05:41:59 +0300] "GET /index.php/news/item/578-den-zoseredzhennya-chernivetskogo-dekanatu.html HTTP/1.0" 200 14661 "-" "Mozilla/5.0 (compatible; YandexBot/3.0; +http://yandex.com/bots)"
178.154.200.36 - - [05/Apr/2017:05:42:04 +0300] "GET /index.php/oholoshennia.html?start=35 HTTP/1.0" 200 14966 "-" "Mozilla/5.0 (compatible; YandexBot/3.0; +http://yandex.com/bots)"
141.8.132.48 - - [05/Apr/2017:05:42:09 +0300] "GET /index.php/news/item/590-urochistist-pershogo-prichastya.html?print=1&tmpl=component HTTP/1.0" 200 4398 "-" "Mozilla/5.0 (compatible; YandexBot/3.0; +http://yandex.com/bots)"
52.2.10.94 - - [05/Apr/2017:05:42:14 +0300] "GET /robots.txt HTTP/1.0" 200 1151 "-" "ltx71 - (http://ltx71.com/)"
141.8.183.16 - - [05/Apr/2017:05:42:10 +0300] "GET /index.php?start=270 HTTP/1.0" 200 16135 "-" "Mozilla/5.0 (compatible; YandexBot/3.0; +http://yandex.com/bots)"
178.154.200.36 - - [05/Apr/2017:05:42:14 +0300] "GET /index.php/statti/item/833-razom-vidkrivati-shlyahi-nadiyi-pidsumki-palomnitstva-doviri-taiz%c3%a9-u-rizi.html HTTP/1.0" 200 18423 "-" "Mozilla/5.0 (compatible; YandexBot/3.0; +http://yandex.com/bots)"
194.0.131.149 - - [05/Apr/2017:05:42:28 +0300] "GET /index.php/yuvilei-200-littia/item/617-teleprograma-svyatini-bukovini-pro-kostel.html HTTP/1.0" 200 14117 "-" "Mozilla/5.0 (compatible; METASpider; +http://meta.ua/spider)"
194.0.131.181 - - [05/Apr/2017:05:42:34 +0300] "GET /index.php/photogalery/34-pershe-sviate-prychastia-2012/detail/422-2012-06-06-20-46-17.html?tmpl=component&phocadownload=2 HTTP/1.0" 200 166479 "-" "Mozilla/5.0 (compatible; METASpider; +http://meta.ua/spider)"
194.0.131.149 - - [05/Apr/2017:05:42:46 +0300] "GET /index.php/photogalery/34-pershe-sviate-prychastia-2012/detail/423-2012-06-06-20-46-17.html?tmpl=component&phocadownload=2 HTTP/1.0" 200 97183 "-" "Mozilla/5.0 (compatible; METASpider; +http://meta.ua/spider)"
194.0.131.149 - - [05/Apr/2017:05:42:58 +0300] "GET /index.php/photogalery/34-pershe-sviate-prychastia-2012/detail/424-2012-06-06-20-46-17.html?tmpl=component&phocadownload=2 HTTP/1.0" 200 120421 "-" "Mozilla/5.0 (compatible; METASpider; +http://meta.ua/spider)"
194.0.131.149 - - [05/Apr/2017:05:43:09 +0300] "GET /index.php/photogalery/34-pershe-sviate-prychastia-2012/detail/425-2012-06-06-20-46-17.html?tmpl=component&phocadownload=2 HTTP/1.0" 200 126210 "-" "Mozilla/5.0 (compatible; METASpider; +http://meta.ua/spider)"
194.0.131.152 - - [05/Apr/2017:05:43:13 +0300] "GET /index.php/oholoshennia/item/464-parafiyalni-ogoloshennya-vid-7-lipnya-2013-roku.html HTTP/1.0" 200 14618 "-" "Mozilla/5.0 (compatible; METASpider; +http://meta.ua/spider)"
194.0.131.149 - - [05/Apr/2017:05:43:20 +0300] "GET /index.php/photogalery/34-pershe-sviate-prychastia-2012/detail/426-2012-06-06-20-46-17.html?tmpl=component&phocadownload=2 HTTP/1.0" 200 175300 "-" "Mozilla/5.0 (compatible; METASpider; +http://meta.ua/spider)"
194.0.131.149 - - [05/Apr/2017:05:43:31 +0300] "GET /index.php/photogalery/34-pershe-sviate-prychastia-2012/detail/427-2012-06-06-20-46-17.html?tmpl=component&phocadownload=2 HTTP/1.0" 200 169997 "-" "Mozilla/5.0 (compatible; METASpider; +http://meta.ua/spider)"
194.0.131.128 - - [05/Apr/2017:05:45:40 +0300] "GET /index.php/photogalery/34-pershe-sviate-prychastia-2012/detail/428-2012-06-06-20-46-17.html?tmpl=component&phocadownload=2 HTTP/1.0" 200 130963 "-" "Mozilla/5.0 (compatible; METASpider; +http://meta.ua/spider)"
194.0.131.149 - - [05/Apr/2017:05:45:42 +0300] "GET /index.php/oholoshennia/item/611-parafiyalni-ogoloshennya-vid-6-lipnya-2014-roku.html HTTP/1.0" 200 15016 "-" "Mozilla/5.0 (compatible; METASpider; +http://meta.ua/spider)"
194.0.131.136 - - [05/Apr/2017:05:45:52 +0300] "GET /index.php/photogalery/34-pershe-sviate-prychastia-2012/detail/429-2012-06-06-20-46-17.html?tmpl=component&phocadownload=2 HTTP/1.0" 200 113356 "-" "Mozilla/5.0 (compatible; METASpider; +http://meta.ua/spider)"
194.0.131.149 - - [05/Apr/2017:05:46:03 +0300] "GET /index.php/photogalery/34-pershe-sviate-prychastia-2012/detail/430-2012-06-06-20-46-17.html?tmpl=component&phocadownload=2 HTTP/1.0" 200 173891 "-" "Mozilla/5.0 (compatible; METASpider; +http://meta.ua/spider)"
194.0.131.172 - - [05/Apr/2017:05:46:14 +0300] "GET /index.php/photogalery/34-pershe-sviate-prychastia-2012/detail/431-2012-06-06-20-46-17.html?tmpl=component&phocadownload=2 HTTP/1.0" 200 126578 "-" "Mozilla/5.0 (compatible; METASpider; +http://meta.ua/spider)"
194.0.131.149 - - [05/Apr/2017:05:46:25 +0300] "GET /index.php/photogalery/43-urochystist-bozhoho-tila-2013/detail/710-2013-06-03-08-26-56.html?tmpl=component&phocadownload=2 HTTP/1.0" 200 297470 "-" "Mozilla/5.0 (compatible; METASpider; +http://meta.ua/spider)"
194.0.131.149 - - [05/Apr/2017:05:46:26 +0300] "GET /index.php/oholoshennia/item/791-parafiyalni-ogoloshennya-vid-10-lipnya-2016-roku.html HTTP/1.0" 200 14381 "-" "Mozilla/5.0 (compatible; METASpider; +http://meta.ua/spider)"
194.0.131.149 - - [05/Apr/2017:05:46:36 +0300] "GET /index.php/photogalery/43-urochystist-bozhoho-tila-2013/detail/711-2013-06-03-08-26-56.html?tmpl=component&phocadownload=2 HTTP/1.0" 200 284700 "-" "Mozilla/5.0 (compatible; METASpider; +http://meta.ua/spider)"
194.0.131.162 - - [05/Apr/2017:05:46:49 +0300] "GET /index.php/photogalery/43-urochystist-bozhoho-tila-2013/detail/712-2013-06-03-08-26-56.html?tmpl=component&phocadownload=2 HTTP/1.0" 200 268649 "-" "Mozilla/5.0 (compatible; METASpider; +http://meta.ua/spider)"
194.0.131.149 - - [05/Apr/2017:05:47:01 +0300] "GET /index.php/photogalery/43-urochystist-bozhoho-tila-2013/detail/713-2013-06-03-08-26-56.html?tmpl=component&phocadownload=2 HTTP/1.0" 200 263696 "-" "Mozilla/5.0 (compatible; METASpider; +http://meta.ua/spider)"
194.0.131.149 - - [05/Apr/2017:05:47:12 +0300] "GET /index.php/oholoshennia/item/799-parafiyalni-ogoloshennya-vid-7-serpnya-2016-roku.html HTTP/1.0" 200 14496 "-" "Mozilla/5.0 (compatible; METASpider; +http://meta.ua/spider)"
194.0.131.161 - - [05/Apr/2017:05:47:18 +0300] "GET /index.php/photogalery/43-urochystist-bozhoho-tila-2013/detail/714-2013-06-03-08-26-56.html?tmpl=component&phocadownload=2 HTTP/1.0" 200 237268 "-" "Mozilla/5.0 (compatible; METASpider; +http://meta.ua/spider)"
194.0.131.149 - - [05/Apr/2017:05:47:30 +0300] "GET /index.php/photogalery/43-urochystist-bozhoho-tila-2013/detail/715-2013-06-03-08-26-56.html?tmpl=component&phocadownload=2 HTTP/1.0" 200 282178 "-" "Mozilla/5.0 (compatible; METASpider; +http://meta.ua/spider)"
164.132.161.7 - - [05/Apr/2017:05:47:38 +0300] "GET /index.php/oholoshennia/item/366-%d0%bf%d0%b0%d1%80%d0%b0%d1%84%d1%96%d1%8f%d0%bb%d1%8c%d0%bd%d1%96-%d0%be%d0%b3%d0%be%d0%bb%d0%be%d1%88%d0%b5%d0%bd%d0%bd%d1%8f-%d0%b2%d1%96%d0%b4-16-%d0%b2%d0%b5%d1%80%d0%b5%d1%81%d0%bd%d1%8f-2012-%d1%80%d0%be%d0%ba%d1%83.html?tmpl=component&print=1 HTTP/1.0" 200 4952 "-" "Mozilla/5.0 (compatible; AhrefsBot/5.2; +http://ahrefs.com/robot/)"
194.0.131.149 - - [05/Apr/2017:05:49:39 +0300] "GET /index.php/restavratsiini-roboty/item/523-freski-otrimuyut-sviy-pervisniy-viglyad.html HTTP/1.0" 200 16752 "-" "Mozilla/5.0 (compatible; METASpider; +http://meta.ua/spider)"
194.0.131.149 - - [05/Apr/2017:05:49:45 +0300] "GET /index.php/photogalery/43-urochystist-bozhoho-tila-2013/detail/716-2013-06-03-08-26-56.html?tmpl=component&phocadownload=2 HTTP/1.0" 200 262362 "-" "Mozilla/5.0 (compatible; METASpider; +http://meta.ua/spider)"
194.0.131.149 - - [05/Apr/2017:05:49:55 +0300] "GET /index.php/photogalery/43-urochystist-bozhoho-tila-2013/detail/717-2013-06-03-08-26-56.html?tmpl=component&phocadownload=2 HTTP/1.0" 200 279453 "-" "Mozilla/5.0 (compatible; METASpider; +http://meta.ua/spider)"
194.0.131.149 - - [05/Apr/2017:05:50:07 +0300] "GET /index.php/photogalery/43-urochystist-bozhoho-tila-2013/detail/718-2013-06-03-08-26-56.html?tmpl=component&phocadownload=2 HTTP/1.0" 200 278662 "-" "Mozilla/5.0 (compatible; METASpider; +http://meta.ua/spider)"
194.0.131.170 - - [05/Apr/2017:05:50:19 +0300] "GET /index.php/photogalery/43-urochystist-bozhoho-tila-2013/detail/719-2013-06-03-08-26-56.html?tmpl=component&phocadownload=2 HTTP/1.0" 200 265029 "-" "Mozilla/5.0 (compatible; METASpider; +http://meta.ua/spider)"
194.0.131.157 - - [05/Apr/2017:05:50:24 +0300] "GET /index.php/oholoshennia/item/763-parafiyalni-ogoloshennya-vid-3-kvitnya-2016-roku.html HTTP/1.0" 200 14914 "-" "Mozilla/5.0 (compatible; METASpider; +http://meta.ua/spider)"
178.154.149.9 - - [05/Apr/2017:05:50:30 +0300] "GET /index.php/statti/item/541-parafiyalniy-gazeti-prominchik-%e2%80%93-5-rokiv.html HTTP/1.0" 200 14317 "-" "Mozilla/5.0 (compatible; YandexBot/3.0; +http://yandex.com/bots)"
141.8.132.48 - - [05/Apr/2017:05:50:35 +0300] "GET /index.php/news/item/708-scho-spilnogo-mizh-ministrom-ta-ministrantom?.html HTTP/1.0" 200 15991 "-" "Mozilla/5.0 (compatible; YandexBot/3.0; +http://yandex.com/bots)"
141.8.183.16 - - [05/Apr/2017:05:50:39 +0300] "GET /index.php/statti/item/545-tserkva-ne-mozhe-stoyati-ostoron.html HTTP/1.0" 200 19832 "-" "Mozilla/5.0 (compatible; YandexBot/3.0; +http://yandex.com/bots)"
178.154.149.9 - - [05/Apr/2017:05:50:44 +0300] "GET /index.php/oholoshennia/item/754-svyate-pashalne-tridennya-2016.html HTTP/1.0" 200 15241 "-" "Mozilla/5.0 (compatible; YandexBot/3.0; +http://yandex.com/bots)"
93.158.152.81 - - [05/Apr/2017:05:50:48 +0300] "GET /index.php?start=25 HTTP/1.0" 200 16725 "-" "Mozilla/5.0 (compatible; YandexBot/3.0; +http://yandex.com/bots)"
178.154.200.36 - - [05/Apr/2017:05:50:52 +0300] "GET /index.php/news/item/676-pid-chas-kanikul.html HTTP/1.0" 200 14903 "-" "Mozilla/5.0 (compatible; YandexBot/3.0; +http://yandex.com/bots)"
141.8.132.48 - - [05/Apr/2017:05:50:58 +0300] "GET /index.php/news.html?start=10 HTTP/1.0" 200 15304 "-" "Mozilla/5.0 (compatible; YandexBot/3.0; +http://yandex.com/bots)"
141.8.142.209 - - [05/Apr/2017:05:51:03 +0300] "GET /index.php?start=5 HTTP/1.0" 200 16371 "-" "Mozilla/5.0 (compatible; YandexBot/3.0; +http://yandex.com/bots)"
5.255.253.79 - - [05/Apr/2017:05:51:08 +0300] "GET /index.php/photogalery/category/13-palomnytstvo-do-pochaieva-2010.html HTTP/1.0" 200 13301 "-" "Mozilla/5.0 (compatible; YandexBot/3.0; +http://yandex.com/bots)"
93.158.152.81 - - [05/Apr/2017:05:51:12 +0300] "GET /index.php/oholoshennia/item/791-parafiyalni-ogoloshennya-vid-10-lipnya-2016-roku.html HTTP/1.0" 200 14348 "-" "Mozilla/5.0 (compatible; YandexBot/3.0; +http://yandex.com/bots)"
93.158.152.81 - - [05/Apr/2017:05:51:17 +0300] "GET /index.php/news/item/701-kanikuli-z-bogom.html HTTP/1.0" 200 15064 "-" "Mozilla/5.0 (compatible; YandexBot/3.0; +http://yandex.com/bots)"
141.8.132.48 - - [05/Apr/2017:05:51:24 +0300] "GET /index.php/news/item/467-kanikuli-z-bogom-u-kamyantsi%e2%80%93podilskomu.html HTTP/1.0" 200 14441 "-" "Mozilla/5.0 (compatible; YandexBot/3.0; +http://yandex.com/bots)"
178.154.149.9 - - [05/Apr/2017:05:51:28 +0300] "GET /index.php/oholoshennia/item/571-pashalne-tridennya-ta-voskresinnya-gospodne-2014.html HTTP/1.0" 200 15095 "-" "Mozilla/5.0 (compatible; YandexBot/3.0; +http://yandex.com/bots)"
178.154.200.36 - - [05/Apr/2017:05:51:32 +0300] "GET /index.php/news/item/331-%d0%b2%d0%b5%d0%bb%d0%b8%d0%ba%d0%b4%d0%b5%d0%bd%d1%8c-2012.html HTTP/1.0" 200 17025 "-" "Mozilla/5.0 (compatible; YandexBot/3.0; +http://yandex.com/bots)"
141.8.183.16 - - [05/Apr/2017:05:51:41 +0300] "GET /index.php/news.html?start=70 HTTP/1.0" 200 15094 "-" "Mozilla/5.0 (compatible; YandexBot/3.0; +http://yandex.com/bots)"
178.154.149.9 - - [05/Apr/2017:05:51:46 +0300] "GET /index.php?start=15 HTTP/1.0" 200 16456 "-" "Mozilla/5.0 (compatible; YandexBot/3.0; +http://yandex.com/bots)"
178.154.200.36 - - [05/Apr/2017:05:51:52 +0300] "GET /index.php/photogalery/category/38-mariine-bohosluzhinnia-2012.html HTTP/1.0" 200 13635 "-" "Mozilla/5.0 (compatible; YandexBot/3.0; +http://yandex.com/bots)"
141.8.132.48 - - [05/Apr/2017:05:51:58 +0300] "GET /index.php/oholoshennia/item/443-parafiyalni-ogoloshennya-vid-28-kvitnya-2013-roku.html HTTP/1.0" 200 14886 "-" "Mozilla/5.0 (compatible; YandexBot/3.0; +http://yandex.com/bots)"
141.8.183.16 - - [05/Apr/2017:05:52:03 +0300] "GET /index.php/news/item/448-tayinstvo-miropomazannya-%e2%80%93-parafiyalne-svyato.html HTTP/1.0" 200 15662 "-" "Mozilla/5.0 (compatible; YandexBot/3.0; +http://yandex.com/bots)"
5.255.253.79 - - [05/Apr/2017:05:52:06 +0300] "GET / HTTP/1.0" 200 16389 "-" "Mozilla/5.0 (compatible; YandexBot/3.0; +http://yandex.com/bots)"
93.158.152.81 - - [05/Apr/2017:05:52:08 +0300] "GET /index.php/oholoshennia/item/314-%d1%85%d1%80%d0%b5%d1%81%d0%bd%d0%b0-%d0%b4%d0%be%d1%80%d0%be%d0%b3%d0%b0-%d1%83-%d1%87%d0%b5%d1%80%d0%bd%d1%96%d0%b2%d1%86%d1%8f%d1%85.html HTTP/1.0" 200 14023 "-" "Mozilla/5.0 (compatible; YandexBot/3.0; +http://yandex.com/bots)"
141.8.183.16 - - [05/Apr/2017:05:52:12 +0300] "GET /index.php/photogalery/category/24-festyn-2008-rik.html?start=20 HTTP/1.0" 200 13321 "-" "Mozilla/5.0 (compatible; YandexBot/3.0; +http://yandex.com/bots)"
141.8.183.16 - - [05/Apr/2017:05:52:17 +0300] "GET /index.php/news/item/762-hresna-hoda-vulitsyami-mista.html HTTP/1.0" 200 15719 "-" "Mozilla/5.0 (compatible; YandexBot/3.0; +http://yandex.com/bots)"
178.154.149.9 - - [05/Apr/2017:05:52:28 +0300] "GET /index.php/oholoshennia/item/364-%d0%bf%d0%b0%d1%80%d0%b0%d1%84%d1%96%d1%8f%d0%bb%d1%8c%d0%bd%d1%96-%d0%be%d0%b3%d0%be%d0%bb%d0%be%d1%88%d0%b5%d0%bd%d0%bd%d1%8f-%d0%b2%d1%96%d0%b4-9-%d0%b2%d0%b5%d1%80%d0%b5%d1%81%d0%bd%d1%8f-2012-%d1%80%d0%be%d0%ba%d1%83.html HTTP/1.0" 200 15516 "-" "Mozilla/5.0 (compatible; YandexBot/3.0; +http://yandex.com/bots)"
194.0.131.149 - - [05/Apr/2017:05:52:28 +0300] "GET /index.php/oholoshennia/item/772-parafiyalni-ogoloshennya-vid-1-travnya-2016-roku.html HTTP/1.0" 200 15370 "-" "Mozilla/5.0 (compatible; METASpider; +http://meta.ua/spider)"
194.0.131.149 - - [05/Apr/2017:05:52:35 +0300] "GET /index.php/photogalery/43-urochystist-bozhoho-tila-2013/detail/720-2013-06-03-08-26-56.html?tmpl=component&phocadownload=2 HTTP/1.0" 200 258793 "-" "Mozilla/5.0 (compatible; METASpider; +http://meta.ua/spider)"
40.77.167.13 - - [05/Apr/2017:05:52:36 +0300] "GET /document/2/105_2.html HTTP/1.0" 404 1784 "-" "Mozilla/5.0 (iPhone; CPU iPhone OS 7_0 like Mac OS X) AppleWebKit/537.51.1 (KHTML, like Gecko) Version/7.0 Mobile/11A465 Safari/9537.53 (compatible; bingbot/2.0; +http://www.bing.com/bingbot.htm)"
141.8.132.48 - - [05/Apr/2017:05:52:42 +0300] "GET /index.php?start=60 HTTP/1.0" 200 16336 "-" "Mozilla/5.0 (compatible; YandexBot/3.0; +http://yandex.com/bots)"
5.255.253.79 - - [05/Apr/2017:05:52:51 +0300] "GET /index.php/oholoshennia.html?start=115 HTTP/1.0" 200 15265 "-" "Mozilla/5.0 (compatible; YandexBot/3.0; +http://yandex.com/bots)"
93.158.152.81 - - [05/Apr/2017:05:53:03 +0300] "GET /index.php/oholoshennia.html?start=110 HTTP/1.0" 200 14724 "-" "Mozilla/5.0 (compatible; YandexBot/3.0; +http://yandex.com/bots)"
93.158.152.81 - - [05/Apr/2017:05:53:11 +0300] "GET /index.php/dushpastyri.html HTTP/1.0" 200 12381 "-" "Mozilla/5.0 (compatible; YandexBot/3.0; +http://yandex.com/bots)"
141.8.132.48 - - [05/Apr/2017:05:53:16 +0300] "GET /index.php/oholoshennia.html?start=245 HTTP/1.0" 200 14658 "-" "Mozilla/5.0 (compatible; YandexBot/3.0; +http://yandex.com/bots)"
93.158.152.81 - - [05/Apr/2017:05:53:21 +0300] "GET /index.php/oholoshennia/item/817-parafiyalni-ogoloshennya-vid-27-listopada-2016-roku.html HTTP/1.0" 200 14574 "-" "Mozilla/5.0 (compatible; YandexBot/3.0; +http://yandex.com/bots)"
141.8.132.48 - - [05/Apr/2017:05:53:26 +0300] "GET /index.php/statti/item/540-parafiyalna-molod-na-teze-u-strasburzi.html HTTP/1.0" 200 15905 "-" "Mozilla/5.0 (compatible; YandexBot/3.0; +http://yandex.com/bots)"
178.154.200.36 - - [05/Apr/2017:05:53:32 +0300] "GET /index.php/oholoshennia/item/577-parafiyalni-ogoloshennya-vid-4-travnya-2014-roku.html HTTP/1.0" 200 14894 "-" "Mozilla/5.0 (compatible; YandexBot/3.0; +http://yandex.com/bots)"
141.8.132.48 - - [05/Apr/2017:05:53:36 +0300] "GET /index.php/statti.html?start=25 HTTP/1.0" 200 15642 "-" "Mozilla/5.0 (compatible; YandexBot/3.0; +http://yandex.com/bots)"
5.255.253.79 - - [05/Apr/2017:05:53:40 +0300] "GET /index.php/oholoshennia/item/824-parafiyalni-ogoloshennya-vid-18-grudnya-2016-roku.html HTTP/1.0" 200 14888 "-" "Mozilla/5.0 (compatible; YandexBot/3.0; +http://yandex.com/bots)"
178.154.200.36 - - [05/Apr/2017:05:53:45 +0300] "GET /index.php/news/item/756-verbna-nedilya-v-nashiy-parafiyi.html HTTP/1.0" 200 15335 "-" "Mozilla/5.0 (compatible; YandexBot/3.0; +http://yandex.com/bots)"
178.154.149.9 - - [05/Apr/2017:05:53:52 +0300] "GET /index.php/news/item/503-konferentsiya-dlya-svyaschenikiv-sprava-kolpinga-u-chernivtsyah.html HTTP/1.0" 200 14957 "-" "Mozilla/5.0 (compatible; YandexBot/3.0; +http://yandex.com/bots)"
141.8.183.16 - - [05/Apr/2017:05:53:57 +0300] "GET /index.php/statti/item/556-molitva-pist-ta-milostinya.html HTTP/1.0" 200 14443 "-" "Mozilla/5.0 (compatible; YandexBot/3.0; +http://yandex.com/bots)"
93.158.152.81 - - [05/Apr/2017:05:54:01 +0300] "GET /index.php/statti/item/438-miloserdya-nayvazhlivisha-ta-naybilsha-prikmeta-boga.html HTTP/1.0" 200 14112 "-" "Mozilla/5.0 (compatible; YandexBot/3.0; +http://yandex.com/bots)"
178.154.200.36 - - [05/Apr/2017:05:54:06 +0300] "GET /index.php/statti/item/535-svyatkuvannya-rizdva-hristovogo-na-bukovini.html HTTP/1.0" 200 15341 "-" "Mozilla/5.0 (compatible; YandexBot/3.0; +http://yandex.com/bots)"
178.154.200.61 - - [05/Apr/2017:05:54:10 +0300] "GET /index.php/statti/item/726-episkop-rkts-leon-maliy-ne-mayu-vlasnogo-avtomobilya-koristuyusya-velosipedom-i-poyizdom.html HTTP/1.0" 200 22116 "-" "Mozilla/5.0 (compatible; YandexBot/3.0; +http://yandex.com/bots)"
141.8.183.16 - - [05/Apr/2017:05:54:15 +0300] "GET /index.php/oholoshennia.html?start=215 HTTP/1.0" 200 14770 "-" "Mozilla/5.0 (compatible; YandexBot/3.0; +http://yandex.com/bots)"
178.154.149.9 - - [05/Apr/2017:05:54:20 +0300] "GET /index.php/news/item/630-ivan-ribak-vzyav-uchast-v-200-richchi-osvyachennya-hramu.html HTTP/1.0" 200 14248 "-" "Mozilla/5.0 (compatible; YandexBot/3.0; +http://yandex.com/bots)"
178.154.200.36 - - [05/Apr/2017:05:54:25 +0300] "GET /index.php/news/item/769-mizhkonfesiyna-zustrich.html HTTP/1.0" 200 15063 "-" "Mozilla/5.0 (compatible; YandexBot/3.0; +http://yandex.com/bots)"
93.158.152.81 - - [05/Apr/2017:05:54:29 +0300] "GET /index.php/oholoshennia/item/366-%d0%bf%d0%b0%d1%80%d0%b0%d1%84%d1%96%d1%8f%d0%bb%d1%8c%d0%bd%d1%96-%d0%be%d0%b3%d0%be%d0%bb%d0%be%d1%88%d0%b5%d0%bd%d0%bd%d1%8f-%d0%b2%d1%96%d0%b4-16-%d0%b2%d0%b5%d1%80%d0%b5%d1%81%d0%bd%d1%8f-2012-%d1%80%d0%be%d0%ba%d1%83.html HTTP/1.0" 200 15419 "-" "Mozilla/5.0 (compatible; YandexBot/3.0; +http://yandex.com/bots)"
178.154.149.9 - - [05/Apr/2017:05:54:34 +0300] "GET /index.php/news.html?start=90 HTTP/1.0" 200 14683 "-" "Mozilla/5.0 (compatible; YandexBot/3.0; +http://yandex.com/bots)"
194.0.131.149 - - [05/Apr/2017:05:54:35 +0300] "GET /index.php/oholoshennia/item/773-parafiyalni-ogoloshennya-vid-8-travnya-2016-roku.html HTTP/1.0" 200 15579 "-" "Mozilla/5.0 (compatible; METASpider; +http://meta.ua/spider)"
194.0.131.171 - - [05/Apr/2017:05:54:42 +0300] "GET /index.php/photogalery/43-urochystist-bozhoho-tila-2013/detail/721-2013-06-03-08-26-56.html?tmpl=component&phocadownload=2 HTTP/1.0" 200 260031 "-" "Mozilla/5.0 (compatible; METASpider; +http://meta.ua/spider)"
5.255.253.79 - - [05/Apr/2017:05:54:38 +0300] "GET /index.php/oholoshennia/item/349-%d0%bf%d0%b0%d1%80%d0%b0%d1%84%d1%96%d1%8f%d0%bb%d1%8c%d0%bd%d1%96-%d0%be%d0%b3%d0%be%d0%bb%d0%be%d1%88%d0%b5%d0%bd%d0%bd%d1%8f-%d0%b2%d1%96%d0%b4-8-%d0%bb%d0%b8%d0%bf%d0%bd%d1%8f-2012-%d1%80%d0%be%d0%ba%d1%83.html HTTP/1.0" 200 15099 "-" "Mozilla/5.0 (compatible; YandexBot/3.0; +http://yandex.com/bots)"
178.154.200.36 - - [05/Apr/2017:05:54:44 +0300] "GET /index.php/news/item/718-tsaryuy-nam-hriste.html HTTP/1.0" 200 14959 "-" "Mozilla/5.0 (compatible; YandexBot/3.0; +http://yandex.com/bots)"
178.154.200.36 - - [05/Apr/2017:05:54:49 +0300] "GET /index.php/news/item/673-rizdvyaniy-chas-ditey-ta-molodi-u-fotografiyah.html HTTP/1.0" 200 16249 "-" "Mozilla/5.0 (compatible; YandexBot/3.0; +http://yandex.com/bots)"
194.0.131.149 - - [05/Apr/2017:05:54:54 +0300] "GET /index.php/photogalery/43-urochystist-bozhoho-tila-2013/detail/722-2013-06-03-08-26-56.html?tmpl=component&phocadownload=2 HTTP/1.0" 200 273683 "-" "Mozilla/5.0 (compatible; METASpider; +http://meta.ua/spider)"
141.8.132.48 - - [05/Apr/2017:05:54:53 +0300] "GET /index.php/oholoshennia/item/463-parafiyalni-ogoloshennya-vid-30-chervnya-2013-roku.html HTTP/1.0" 200 14691 "-" "Mozilla/5.0 (compatible; YandexBot/3.0; +http://yandex.com/bots)"
141.8.132.48 - - [05/Apr/2017:05:54:59 +0300] "GET /index.php/oholoshennia/item/855-programa-rekolektsiy-u-velikomu-posti.html HTTP/1.0" 200 13628 "-" "Mozilla/5.0 (compatible; YandexBot/3.0; +http://yandex.com/bots)"
194.0.131.149 - - [05/Apr/2017:05:55:06 +0300] "GET /index.php/photogalery/43-urochystist-bozhoho-tila-2013/detail/723-2013-06-03-08-26-56.html?tmpl=component&phocadownload=2 HTTP/1.0" 200 185244 "-" "Mozilla/5.0 (compatible; METASpider; +http://meta.ua/spider)"
178.154.200.36 - - [05/Apr/2017:05:55:04 +0300] "GET /index.php/oholoshennia/item/747-parafiyalni-ogoloshennya-vid-14-lyutogo-2016-roku.html HTTP/1.0" 200 15071 "-" "Mozilla/5.0 (compatible; YandexBot/3.0; +http://yandex.com/bots)"
178.154.200.36 - - [05/Apr/2017:05:55:09 +0300] "GET /index.php/oholoshennia/item/410-parafiyalni-ogoloshennya-vid-20-sichnya-2013-roku.html HTTP/1.0" 200 15171 "-" "Mozilla/5.0 (compatible; YandexBot/3.0; +http://yandex.com/bots)"
141.8.132.48 - - [05/Apr/2017:05:55:13 +0300] "GET /index.php/oholoshennia/item/750-parafiyalni-ogoloshennya-vid-6-bereznya-2016-roku.html HTTP/1.0" 200 15362 "-" "Mozilla/5.0 (compatible; YandexBot/3.0; +http://yandex.com/bots)"
194.0.131.132 - - [05/Apr/2017:05:55:18 +0300] "GET /index.php/photogalery/43-urochystist-bozhoho-tila-2013/detail/724-2013-06-03-08-26-56.html?tmpl=component&phocadownload=2 HTTP/1.0" 200 182904 "-" "Mozilla/5.0 (compatible; METASpider; +http://meta.ua/spider)"
141.8.132.48 - - [05/Apr/2017:05:55:18 +0300] "GET /index.php/oholoshennia/item/313-%d0%b2%d0%b5%d0%bb%d0%b8%d0%ba%d0%be%d0%bf%d1%96%d1%81%d0%bd%d1%96-%d1%80%d0%b5%d0%ba%d0%be%d0%bb%d0%b5%d0%ba%d1%86%d1%96%d1%97.html HTTP/1.0" 200 14195 "-" "Mozilla/5.0 (compatible; YandexBot/3.0; +http://yandex.com/bots)"
194.0.131.184 - - [05/Apr/2017:05:55:21 +0300] "GET /index.php/oholoshennia/item/723-parafiyalni-ogoloshennya-vid-6-grudnya-2015-roku.html HTTP/1.0" 200 15497 "-" "Mozilla/5.0 (compatible; METASpider; +http://meta.ua/spider)"
178.154.200.36 - - [05/Apr/2017:05:55:22 +0300] "GET /index.php/oholoshennia/item/690-parafiyalni-ogoloshennya-vid-23-bereznya-2015-roku.html HTTP/1.0" 200 15613 "-" "Mozilla/5.0 (compatible; YandexBot/3.0; +http://yandex.com/bots)"
194.0.131.149 - - [05/Apr/2017:05:55:30 +0300] "GET /index.php/photogalery/43-urochystist-bozhoho-tila-2013/detail/725-2013-06-03-08-26-56.html?tmpl=component&phocadownload=2 HTTP/1.0" 200 280087 "-" "Mozilla/5.0 (compatible; METASpider; +http://meta.ua/spider)"
93.158.152.81 - - [05/Apr/2017:05:55:34 +0300] "GET /index.php/photogalery/22-beatyfikatsiia-marty-vietskoi-2008-rik/detail/234-beatyfikatsiia-marty-vietskoi.html?tmpl=component&phocadownload=2 HTTP/1.0" 200 47988 "-" "Mozilla/5.0 (compatible; YandexImages/3.0; +http://yandex.com/bots)"
194.0.131.149 - - [05/Apr/2017:05:55:42 +0300] "GET /index.php/photogalery/43-urochystist-bozhoho-tila-2013/detail/726-2013-06-03-08-26-56.html?tmpl=component&phocadownload=2 HTTP/1.0" 200 278559 "-" "Mozilla/5.0 (compatible; METASpider; +http://meta.ua/spider)"
141.8.183.16 - - [05/Apr/2017:05:55:43 +0300] "GET /index.php/photogalery/20-rekolektsii-dlia-ditei-brenna-2007-rik/detail/216-brenna-2007.html?tmpl=component&phocadownload=2 HTTP/1.0" 200 57016 "-" "Mozilla/5.0 (compatible; YandexImages/3.0; +http://yandex.com/bots)"
141.8.132.48 - - [05/Apr/2017:05:55:45 +0300] "GET /index.php/photogalery/41-tainstvo-myropomazannia-parafiialne-sviato/detail/692-2013-05-16-06-24-31.html?tmpl=component&phocadownload=2 HTTP/1.0" 200 204672 "-" "Mozilla/5.0 (compatible; YandexImages/3.0; +http://yandex.com/bots)"
178.154.200.61 - - [05/Apr/2017:05:55:46 +0300] "GET /index.php/photogalery/39-diakuiemo-tobi-bozhe-za-plody-iaki-dav-nam/detail/655-2012-09-12-16-02-24.html?tmpl=component&phocadownload=2 HTTP/1.0" 200 190641 "-" "Mozilla/5.0 (compatible; YandexImages/3.0; +http://yandex.com/bots)"
178.154.149.9 - - [05/Apr/2017:05:55:47 +0300] "GET /index.php/photogalery/40-v-urochystist-vsikh-sviatykh-na-staromu-kladovyshchi-u-chernivtsiakh-2012/detail/679-2012-11-04-21-05-31.html?tmpl=component&phocadownload=2 HTTP/1.0" 200 248959 "-" "Mozilla/5.0 (compatible; YandexImages/3.0; +http://yandex.com/bots)"
141.8.183.28 - - [05/Apr/2017:05:55:48 +0300] "GET /index.php/oholoshennia.html?start=80 HTTP/1.0" 200 15206 "-" "Mozilla/5.0 (compatible; YandexBot/3.0; +http://yandex.com/bots)"
194.0.131.149 - - [05/Apr/2017:05:55:54 +0300] "GET /index.php/photogalery/43-urochystist-bozhoho-tila-2013/detail/727-2013-06-03-08-26-56.html?tmpl=component&phocadownload=2 HTTP/1.0" 200 265558 "-" "Mozilla/5.0 (compatible; METASpider; +http://meta.ua/spider)"
178.154.200.36 - - [05/Apr/2017:05:55:54 +0300] "GET /index.php/statti.html?start=20 HTTP/1.0" 200 16064 "-" "Mozilla/5.0 (compatible; YandexBot/3.0; +http://yandex.com/bots)"
178.154.149.9 - - [05/Apr/2017:05:56:04 +0300] "GET /index.php/photogalery/14-vidpustova-sluzhba-bozha-u-kosteli-sviatoho-antoniia/detail/182-kostel-sviatoho-antoniia.html?tmpl=component&phocadownload=2 HTTP/1.0" 200 118701 "-" "Mozilla/5.0 (compatible; YandexImages/3.0; +http://yandex.com/bots)"
194.0.131.149 - - [05/Apr/2017:05:56:06 +0300] "GET /index.php/photogalery/43-urochystist-bozhoho-tila-2013/detail/728-2013-06-03-08-26-56.html?tmpl=component&phocadownload=2 HTTP/1.0" 200 297897 "-" "Mozilla/5.0 (compatible; METASpider; +http://meta.ua/spider)"
194.0.131.149 - - [05/Apr/2017:05:56:17 +0300] "GET /index.php/oholoshennia/item/743-parafiyalni-ogoloshennya-vid-7-lyutogo-2016-roku.html HTTP/1.0" 200 15380 "-" "Mozilla/5.0 (compatible; METASpider; +http://meta.ua/spider)"
194.0.131.149 - - [05/Apr/2017:05:56:24 +0300] "GET /index.php/photogalery/43-urochystist-bozhoho-tila-2013/detail/729-2013-06-03-08-26-56.html?tmpl=component&phocadownload=2 HTTP/1.0" 200 299363 "-" "Mozilla/5.0 (compatible; METASpider; +http://meta.ua/spider)"
178.154.200.61 - - [05/Apr/2017:05:56:32 +0300] "GET /index.php/photogalery/40-v-urochystist-vsikh-sviatykh-na-staromu-kladovyshchi-u-chernivtsiakh-2012/detail/670-2012-11-04-21-05-31.html?tmpl=component&phocadownload=2 HTTP/1.0" 200 171999 "-" "Mozilla/5.0 (compatible; YandexImages/3.0; +http://yandex.com/bots)"
178.154.200.61 - - [05/Apr/2017:05:56:39 +0300] "GET /index.php/photogalery/4-khresna-doroha/detail/46-station07.html?tmpl=component&phocadownload=2 HTTP/1.0" 200 27664 "-" "Mozilla/5.0 (compatible; YandexImages/3.0; +http://yandex.com/bots)"
141.8.183.16 - - [05/Apr/2017:05:56:48 +0300] "GET /index.php/photogalery/27-sviato-mykolaia-2011/detail/298-sviato-mykolaia.html?tmpl=component&phocadownload=2 HTTP/1.0" 200 39351 "-" "Mozilla/5.0 (compatible; YandexImages/3.0; +http://yandex.com/bots)"
178.154.149.9 - - [05/Apr/2017:05:56:49 +0300] "GET /index.php/photogalery/41-tainstvo-myropomazannia-parafiialne-sviato/detail/693-2013-05-16-06-24-31.html?tmpl=component&phocadownload=2 HTTP/1.0" 200 117733 "-" "Mozilla/5.0 (compatible; YandexImages/3.0; +http://yandex.com/bots)"
141.8.142.214 - - [05/Apr/2017:05:56:52 +0300] "GET /index.php/photogalery/24-festyn-2008-rik/detail/252-festyn.html?tmpl=component&phocadownload=2 HTTP/1.0" 200 70236 "-" "Mozilla/5.0 (compatible; YandexImages/3.0; +http://yandex.com/bots)"
178.154.200.36 - - [05/Apr/2017:05:56:56 +0300] "GET /index.php/photogalery/37-festyn-2011/detail/590-2012-07-04-15-15-01.html?tmpl=component&phocadownload=2 HTTP/1.0" 200 49110 "-" "Mozilla/5.0 (compatible; YandexImages/3.0; +http://yandex.com/bots)"
141.8.132.48 - - [05/Apr/2017:05:57:04 +0300] "GET /bukovina/img/zast.gif HTTP/1.0" 404 - "-" "Mozilla/5.0 (compatible; YandexImages/3.0; +http://yandex.com/bots)"
194.0.131.149 - - [05/Apr/2017:05:58:33 +0300] "GET /index.php/news/item/630-ivan-ribak-vzyav-uchast-v-200-richchi-osvyachennya-hramu.html HTTP/1.0" 200 14267 "-" "Mozilla/5.0 (compatible; METASpider; +http://meta.ua/spider)"
194.0.131.148 - - [05/Apr/2017:05:58:39 +0300] "GET /index.php/photogalery/34-pershe-sviate-prychastia-2012/detail/452-2012-06-06-20-46-17.html?tmpl=component&phocadownload=2 HTTP/1.0" 200 142557 "-" "Mozilla/5.0 (compatible; METASpider; +http://meta.ua/spider)"
194.0.131.149 - - [05/Apr/2017:05:58:50 +0300] "GET /index.php/photogalery/34-pershe-sviate-prychastia-2012/detail/453-2012-06-06-20-46-17.html?tmpl=component&phocadownload=2 HTTP/1.0" 200 165857 "-" "Mozilla/5.0 (compatible; METASpider; +http://meta.ua/spider)"
194.0.131.149 - - [05/Apr/2017:05:59:02 +0300] "GET /index.php/photogalery/34-pershe-sviate-prychastia-2012/detail/454-2012-06-06-20-46-17.html?tmpl=component&phocadownload=2 HTTP/1.0" 200 153654 "-" "Mozilla/5.0 (compatible; METASpider; +http://meta.ua/spider)"
194.0.131.149 - - [05/Apr/2017:05:59:14 +0300] "GET /index.php/photogalery/34-pershe-sviate-prychastia-2012/detail/455-2012-06-06-20-46-17.html?tmpl=component&phocadownload=2 HTTP/1.0" 200 81431 "-" "Mozilla/5.0 (compatible; METASpider; +http://meta.ua/spider)"
194.0.131.149 - - [05/Apr/2017:05:59:18 +0300] "GET /index.php/oholoshennia/item/392-parafiyalni-ogoloshennya-vid-2-grudnya-2012-roku.html HTTP/1.0" 200 15604 "-" "Mozilla/5.0 (compatible; METASpider; +http://meta.ua/spider)"
194.0.131.149 - - [05/Apr/2017:05:59:25 +0300] "GET /index.php/photogalery/34-pershe-sviate-prychastia-2012/detail/456-2012-06-06-20-46-17.html?tmpl=component&phocadownload=2 HTTP/1.0" 200 141528 "-" "Mozilla/5.0 (compatible; METASpider; +http://meta.ua/spider)"
194.0.131.182 - - [05/Apr/2017:05:59:36 +0300] "GET /index.php/photogalery/34-pershe-sviate-prychastia-2012/detail/457-2012-06-06-20-46-17.html?tmpl=component&phocadownload=2 HTTP/1.0" 200 131325 "-" "Mozilla/5.0 (compatible; METASpider; +http://meta.ua/spider)"
194.0.131.142 - - [05/Apr/2017:05:59:47 +0300] "GET /index.php/photogalery/34-pershe-sviate-prychastia-2012/detail/458-2012-06-06-20-46-17.html?tmpl=component&phocadownload=2 HTTP/1.0" 200 187994 "-" "Mozilla/5.0 (compatible; METASpider; +http://meta.ua/spider)"
194.0.131.137 - - [05/Apr/2017:05:59:59 +0300] "GET /index.php/photogalery/34-pershe-sviate-prychastia-2012/detail/459-2012-06-06-20-46-17.html?tmpl=component&phocadownload=2 HTTP/1.0" 200 156981 "-" "Mozilla/5.0 (compatible; METASpider; +http://meta.ua/spider)"
194.0.131.184 - - [05/Apr/2017:06:00:03 +0300] "GET /index.php/oholoshennia/item/395-parafiyalni-ogoloshennya-vid-9-grudnya-2012-roku.html HTTP/1.0" 200 15311 "-" "Mozilla/5.0 (compatible; METASpider; +http://meta.ua/spider)"
194.0.131.149 - - [05/Apr/2017:06:00:10 +0300] "GET /index.php/photogalery/34-pershe-sviate-prychastia-2012/detail/460-2012-06-06-20-46-17.html?tmpl=component&phocadownload=2 HTTP/1.0" 200 239006 "-" "Mozilla/5.0 (compatible; METASpider; +http://meta.ua/spider)"
