194.0.131.166 - - [05/Apr/2017:00:35:00 +0300] "GET /index.php/news/item/744-gulyannya-pered-velikim-postom.html HTTP/1.0" 200 15534 "-" "Mozilla/5.0 (compatible; METASpider; +http://meta.ua/spider)"
194.0.131.138 - - [05/Apr/2017:00:35:38 +0300] "GET /index.php?start=430 HTTP/1.0" 200 16114 "-" "Mozilla/5.0 (compatible; METASpider; +http://meta.ua/spider)"
194.0.131.138 - - [05/Apr/2017:00:36:55 +0300] "GET /index.php?start=435 HTTP/1.0" 200 16479 "-" "Mozilla/5.0 (compatible; METASpider; +http://meta.ua/spider)"
178.154.200.36 - - [05/Apr/2017:00:38:09 +0300] "GET /robots.txt HTTP/1.0" 200 1151 "-" "Mozilla/5.0 (compatible; YandexBot/3.0; +http://yandex.com/bots)"
51.255.65.13 - - [05/Apr/2017:00:38:09 +0300] "GET /index.php/photogalery/32-parafiialnyi-den-khvoroho-2012/detail/357-2012-05-15-16-51-30.html?tmpl=component&phocadownload=2 HTTP/1.0" 200 189994 "-" "Mozilla/5.0 (compatible; AhrefsBot/5.2; +http://ahrefs.com/robot/)"
93.158.152.81 - - [05/Apr/2017:00:38:13 +0300] "GET / HTTP/1.0" 200 16354 "-" "Mozilla/5.0 (compatible; YandexCatalog/3.0; +http://yandex.com/bots)"
194.0.131.138 - - [05/Apr/2017:00:38:24 +0300] "GET /index.php?start=445 HTTP/1.0" 200 16784 "-" "Mozilla/5.0 (compatible; METASpider; +http://meta.ua/spider)"
164.132.161.79 - - [05/Apr/2017:00:38:37 +0300] "GET /index.php/oholoshennia/item/674-parafiyalni-ogoloshennya-vid-18-sichnya-2015-roku.html?tmpl=component&print=1 HTTP/1.0" 200 4952 "-" "Mozilla/5.0 (compatible; AhrefsBot/5.2; +http://ahrefs.com/robot/)"
194.0.131.149 - - [05/Apr/2017:00:39:04 +0300] "GET /index.php/photogalery/category/37-festyn-2011.html?start=20 HTTP/1.0" 200 14226 "-" "Mozilla/5.0 (compatible; METASpider; +http://meta.ua/spider)"
194.0.131.163 - - [05/Apr/2017:00:39:09 +0300] "GET /index.php/photogalery/27-sviato-mykolaia-2011/detail/299-sviato-mykolaia.html?tmpl=component&phocadownload=2 HTTP/1.0" 200 49715 "-" "Mozilla/5.0 (compatible; METASpider; +http://meta.ua/spider)"
194.0.131.149 - - [05/Apr/2017:00:39:21 +0300] "GET /index.php/photogalery/27-sviato-mykolaia-2011/detail/300-sviato-mykolaia.html?tmpl=component&phocadownload=2 HTTP/1.0" 200 45886 "-" "Mozilla/5.0 (compatible; METASpider; +http://meta.ua/spider)"
194.0.131.149 - - [05/Apr/2017:00:39:33 +0300] "GET /index.php/photogalery/27-sviato-mykolaia-2011/detail/301-sviato-mykolaia.html?tmpl=component&phocadownload=2 HTTP/1.0" 200 48247 "-" "Mozilla/5.0 (compatible; METASpider; +http://meta.ua/spider)"
194.0.131.149 - - [05/Apr/2017:00:39:45 +0300] "GET /index.php/photogalery/27-sviato-mykolaia-2011/detail/302-sviato-mykolaia.html?tmpl=component&phocadownload=2 HTTP/1.0" 200 39570 "-" "Mozilla/5.0 (compatible; METASpider; +http://meta.ua/spider)"
194.0.131.149 - - [05/Apr/2017:00:39:49 +0300] "GET /index.php/news/item/394-svyatiy-mikolay-u-chernivtsyah.html HTTP/1.0" 200 14937 "-" "Mozilla/5.0 (compatible; METASpider; +http://meta.ua/spider)"
194.0.131.149 - - [05/Apr/2017:00:39:57 +0300] "GET /index.php/photogalery/27-sviato-mykolaia-2011/detail/303-sviato-mykolaia.html?tmpl=component&phocadownload=2 HTTP/1.0" 200 54391 "-" "Mozilla/5.0 (compatible; METASpider; +http://meta.ua/spider)"
51.255.65.52 - - [05/Apr/2017:00:40:04 +0300] "GET /tour/1/3_3.html HTTP/1.0" 404 1784 "-" "Mozilla/5.0 (compatible; AhrefsBot/5.2; +http://ahrefs.com/robot/)"
194.0.131.149 - - [05/Apr/2017:00:40:09 +0300] "GET /index.php/photogalery/27-sviato-mykolaia-2011/detail/304-sviato-mykolaia.html?tmpl=component&phocadownload=2 HTTP/1.0" 200 54176 "-" "Mozilla/5.0 (compatible; METASpider; +http://meta.ua/spider)"
194.0.131.172 - - [05/Apr/2017:00:40:21 +0300] "GET /index.php/photogalery/27-sviato-mykolaia-2011/detail/305-sviato-mykolaia.html?tmpl=component&phocadownload=2 HTTP/1.0" 200 53972 "-" "Mozilla/5.0 (compatible; METASpider; +http://meta.ua/spider)"
194.0.131.191 - - [05/Apr/2017:00:40:33 +0300] "GET /index.php/photogalery/16-zustrich-zi-studentamy-litseiu/detail/188-zustrich-zi-studentamy.html?tmpl=component HTTP/1.0" 200 2197 "-" "Mozilla/5.0 (compatible; METASpider; +http://meta.ua/spider)"
194.0.131.149 - - [05/Apr/2017:00:40:44 +0300] "GET /index.php/photogalery/16-zustrich-zi-studentamy-litseiu/detail/189-zustrich-zi-studentamy.html?tmpl=component HTTP/1.0" 200 2214 "-" "Mozilla/5.0 (compatible; METASpider; +http://meta.ua/spider)"
194.0.131.149 - - [05/Apr/2017:00:40:46 +0300] "GET /index.php/news/item/491-pochatok-restavratsiynih-robit.html HTTP/1.0" 200 14858 "-" "Mozilla/5.0 (compatible; METASpider; +http://meta.ua/spider)"
194.0.131.141 - - [05/Apr/2017:00:40:56 +0300] "GET /index.php/photogalery/16-zustrich-zi-studentamy-litseiu/detail/190-zustrich-zi-studentamy.html?tmpl=component HTTP/1.0" 200 2214 "-" "Mozilla/5.0 (compatible; METASpider; +http://meta.ua/spider)"
194.0.131.138 - - [05/Apr/2017:00:41:02 +0300] "GET /index.php?start=450 HTTP/1.0" 200 16315 "-" "Mozilla/5.0 (compatible; METASpider; +http://meta.ua/spider)"
194.0.131.138 - - [05/Apr/2017:00:41:48 +0300] "GET /index.php?start=455 HTTP/1.0" 200 15485 "-" "Mozilla/5.0 (compatible; METASpider; +http://meta.ua/spider)"
194.0.131.138 - - [05/Apr/2017:00:42:45 +0300] "GET /index.php?start=460 HTTP/1.0" 200 16495 "-" "Mozilla/5.0 (compatible; METASpider; +http://meta.ua/spider)"
194.0.131.149 - - [05/Apr/2017:00:43:08 +0300] "GET /index.php/news/item/521-svyatiy-mikolay-u-chernivtsyah.html HTTP/1.0" 200 14813 "-" "Mozilla/5.0 (compatible; METASpider; +http://meta.ua/spider)"
194.0.131.149 - - [05/Apr/2017:00:43:14 +0300] "GET /index.php/photogalery/16-zustrich-zi-studentamy-litseiu/detail/191-zustrich-zi-studentamy.html?tmpl=component HTTP/1.0" 200 2196 "-" "Mozilla/5.0 (compatible; METASpider; +http://meta.ua/spider)"
194.0.131.149 - - [05/Apr/2017:00:43:26 +0300] "GET /index.php/news/item/380-%d0%bf%d0%be%d0%bb%d1%8e%d0%b1%d0%b8%d1%82%d0%b8-%d0?%D1%96%D0%B2%D1%83-%D0%BC%D0%B0%D1%80%D1%96%D1%8E-%D1%82%D0%B0-%D1%97%D1%97-%D1%80%D0%BE%D0%B7%D0%B0%D1%80%D1%96%D1%94%D0%B2%D1%83-%D0%BC%D0%BE%D0%BB%D0%B8%D1%82%D0%B2%D1%83.html HTTP/1.0" 404 1784 "-" "Mozilla/5.0 (compatible; METASpider; +http://meta.ua/spider)"
194.0.131.149 - - [05/Apr/2017:00:43:38 +0300] "GET /index.php/statti/item/651-chenstohova-kalvariya-%e2%80%93-molitva-v-tsih-sanktuariyah-zavzhdi-nezabutnya.html HTTP/1.0" 200 16863 "-" "Mozilla/5.0 (compatible; METASpider; +http://meta.ua/spider)"
194.0.131.149 - - [05/Apr/2017:00:43:53 +0300] "GET /index.php/photogalery/7-instsenovana-khresna-doroha/detail/ HTTP/1.0" 200 14663 "-" "Mozilla/5.0 (compatible; METASpider; +http://meta.ua/spider)"
194.0.131.149 - - [05/Apr/2017:00:44:45 +0300] "GET /index.php/photogalery/27-sviato-mykolaia-2011/detail/297-sviato-mykolaia.html?phocaslideshow=1&tmpl=component HTTP/1.0" 200 2117 "-" "Mozilla/5.0 (compatible; METASpider; +http://meta.ua/spider)"
194.0.131.139 - - [05/Apr/2017:00:44:54 +0300] "GET /index.php?start=465 HTTP/1.0" 200 15800 "-" "Mozilla/5.0 (compatible; METASpider; +http://meta.ua/spider)"
194.0.131.138 - - [05/Apr/2017:00:45:39 +0300] "GET /index.php?start=475 HTTP/1.0" 200 16040 "-" "Mozilla/5.0 (compatible; METASpider; +http://meta.ua/spider)"
194.0.131.149 - - [05/Apr/2017:00:46:53 +0300] "GET /index.php/oholoshennia/item/579-programa-svyatih-misiy.html HTTP/1.0" 200 16025 "-" "Mozilla/5.0 (compatible; METASpider; +http://meta.ua/spider)"
194.0.131.149 - - [05/Apr/2017:00:46:58 +0300] "GET /index.php/photogalery/27-sviato-mykolaia-2011/detail/298-sviato-mykolaia.html?phocaslideshow=1&tmpl=component HTTP/1.0" 200 2130 "-" "Mozilla/5.0 (compatible; METASpider; +http://meta.ua/spider)"
194.0.131.152 - - [05/Apr/2017:00:47:09 +0300] "GET /index.php/photogalery/27-sviato-mykolaia-2011/detail/299-sviato-mykolaia.html?phocaslideshow=1&tmpl=component HTTP/1.0" 200 2132 "-" "Mozilla/5.0 (compatible; METASpider; +http://meta.ua/spider)"
194.0.131.138 - - [05/Apr/2017:00:48:52 +0300] "GET /index.php?start=470 HTTP/1.0" 200 15737 "-" "Mozilla/5.0 (compatible; METASpider; +http://meta.ua/spider)"
194.0.131.138 - - [05/Apr/2017:00:49:48 +0300] "GET /index.php?start=485 HTTP/1.0" 200 15946 "-" "Mozilla/5.0 (compatible; METASpider; +http://meta.ua/spider)"
194.0.131.138 - - [05/Apr/2017:00:50:44 +0300] "GET /index.php?start=480 HTTP/1.0" 200 16416 "-" "Mozilla/5.0 (compatible; METASpider; +http://meta.ua/spider)"
194.0.131.149 - - [05/Apr/2017:00:51:10 +0300] "GET /index.php/oholoshennia/item/609-zaproshuemo-na-yuviley.html HTTP/1.0" 200 15111 "-" "Mozilla/5.0 (compatible; METASpider; +http://meta.ua/spider)"
194.0.131.164 - - [05/Apr/2017:00:51:15 +0300] "GET /index.php/photogalery/27-sviato-mykolaia-2011/detail/300-sviato-mykolaia.html?phocaslideshow=1&tmpl=component HTTP/1.0" 200 2135 "-" "Mozilla/5.0 (compatible; METASpider; +http://meta.ua/spider)"
194.0.131.162 - - [05/Apr/2017:00:51:27 +0300] "GET /index.php/photogalery/27-sviato-mykolaia-2011/detail/301-sviato-mykolaia.html?phocaslideshow=1&tmpl=component HTTP/1.0" 200 2131 "-" "Mozilla/5.0 (compatible; METASpider; +http://meta.ua/spider)"
194.0.131.182 - - [05/Apr/2017:00:51:38 +0300] "GET /index.php/photogalery/27-sviato-mykolaia-2011/detail/302-sviato-mykolaia.html?phocaslideshow=1&tmpl=component HTTP/1.0" 200 2131 "-" "Mozilla/5.0 (compatible; METASpider; +http://meta.ua/spider)"
194.0.131.149 - - [05/Apr/2017:00:51:50 +0300] "GET /index.php/photogalery/27-sviato-mykolaia-2011/detail/303-sviato-mykolaia.html?phocaslideshow=1&tmpl=component HTTP/1.0" 200 2131 "-" "Mozilla/5.0 (compatible; METASpider; +http://meta.ua/spider)"
194.0.131.149 - - [05/Apr/2017:00:51:55 +0300] "GET /index.php/oholoshennia/item/522-adventovi-rekolektsiyi.html HTTP/1.0" 200 14135 "-" "Mozilla/5.0 (compatible; METASpider; +http://meta.ua/spider)"
194.0.131.131 - - [05/Apr/2017:00:52:02 +0300] "GET /index.php/photogalery/27-sviato-mykolaia-2011/detail/304-sviato-mykolaia.html?phocaslideshow=1&tmpl=component HTTP/1.0" 200 2131 "-" "Mozilla/5.0 (compatible; METASpider; +http://meta.ua/spider)"
194.0.131.149 - - [05/Apr/2017:00:52:14 +0300] "GET /index.php/photogalery/27-sviato-mykolaia-2011/detail/305-sviato-mykolaia.html?phocaslideshow=1&tmpl=component HTTP/1.0" 200 2117 "-" "Mozilla/5.0 (compatible; METASpider; +http://meta.ua/spider)"
194.0.131.142 - - [05/Apr/2017:00:52:26 +0300] "GET /index.php/photogalery/27-sviato-mykolaia-2011/detail/297-sviato-mykolaia.html?tmpl=component&phocaslideshow=0 HTTP/1.0" 200 2192 "-" "Mozilla/5.0 (compatible; METASpider; +http://meta.ua/spider)"
194.0.131.149 - - [05/Apr/2017:00:52:38 +0300] "GET /index.php/photogalery/27-sviato-mykolaia-2011/detail/298-sviato-mykolaia.html?tmpl=component&phocaslideshow=0 HTTP/1.0" 200 2213 "-" "Mozilla/5.0 (compatible; METASpider; +http://meta.ua/spider)"
194.0.131.149 - - [05/Apr/2017:00:52:49 +0300] "GET /index.php/photogalery/27-sviato-mykolaia-2011/detail/299-sviato-mykolaia.html?tmpl=component&phocaslideshow=0 HTTP/1.0" 200 2215 "-" "Mozilla/5.0 (compatible; METASpider; +http://meta.ua/spider)"
194.0.131.149 - - [05/Apr/2017:00:52:51 +0300] "GET /index.php/photogalery/category/12-den-khvorykh-2010-rik.html HTTP/1.0" 200 13328 "-" "Mozilla/5.0 (compatible; METASpider; +http://meta.ua/spider)"
194.0.131.149 - - [05/Apr/2017:00:53:01 +0300] "GET /index.php/photogalery/27-sviato-mykolaia-2011/detail/300-sviato-mykolaia.html?tmpl=component&phocaslideshow=0 HTTP/1.0" 200 2219 "-" "Mozilla/5.0 (compatible; METASpider; +http://meta.ua/spider)"
194.0.131.135 - - [05/Apr/2017:00:53:13 +0300] "GET /index.php/photogalery/27-sviato-mykolaia-2011/detail/301-sviato-mykolaia.html?tmpl=component&phocaslideshow=0 HTTP/1.0" 200 2213 "-" "Mozilla/5.0 (compatible; METASpider; +http://meta.ua/spider)"
194.0.131.138 - - [05/Apr/2017:00:53:17 +0300] "GET /index.php?start=490 HTTP/1.0" 200 15638 "-" "Mozilla/5.0 (compatible; METASpider; +http://meta.ua/spider)"
194.0.131.173 - - [05/Apr/2017:00:54:24 +0300] "GET /index.php?start=495 HTTP/1.0" 200 16241 "-" "Mozilla/5.0 (compatible; METASpider; +http://meta.ua/spider)"
194.0.131.138 - - [05/Apr/2017:00:55:20 +0300] "GET /index.php/sestry.html HTTP/1.0" 200 12691 "-" "Mozilla/5.0 (compatible; METASpider; +http://meta.ua/spider)"
194.0.131.138 - - [05/Apr/2017:00:56:05 +0300] "GET /index.php/statti.html HTTP/1.0" 200 15880 "-" "Mozilla/5.0 (compatible; METASpider; +http://meta.ua/spider)"
194.0.131.138 - - [05/Apr/2017:00:57:03 +0300] "GET /index.php?limitstart=0 HTTP/1.0" 200 16381 "-" "Mozilla/5.0 (compatible; METASpider; +http://meta.ua/spider)"
194.0.131.149 - - [05/Apr/2017:00:57:20 +0300] "GET /index.php/news/item/760-nedilya-voskresinnya-gospodnogo.html HTTP/1.0" 200 15340 "-" "Mozilla/5.0 (compatible; METASpider; +http://meta.ua/spider)"
194.0.131.149 - - [05/Apr/2017:00:57:28 +0300] "GET /index.php/photogalery/27-sviato-mykolaia-2011/detail/302-sviato-mykolaia.html?tmpl=component&phocaslideshow=0 HTTP/1.0" 200 2213 "-" "Mozilla/5.0 (compatible; METASpider; +http://meta.ua/spider)"
194.0.131.149 - - [05/Apr/2017:00:57:40 +0300] "GET /index.php/photogalery/27-sviato-mykolaia-2011/detail/303-sviato-mykolaia.html?tmpl=component&phocaslideshow=0 HTTP/1.0" 200 2215 "-" "Mozilla/5.0 (compatible; METASpider; +http://meta.ua/spider)"
194.0.131.149 - - [05/Apr/2017:00:57:52 +0300] "GET /index.php/photogalery/27-sviato-mykolaia-2011/detail/304-sviato-mykolaia.html?tmpl=component&phocaslideshow=0 HTTP/1.0" 200 2216 "-" "Mozilla/5.0 (compatible; METASpider; +http://meta.ua/spider)"
194.0.131.149 - - [05/Apr/2017:00:58:27 +0300] "GET /index.php/news/item/675-evropeyska-zustrich-molodi-teze.html HTTP/1.0" 200 17351 "-" "Mozilla/5.0 (compatible; METASpider; +http://meta.ua/spider)"
194.0.131.167 - - [05/Apr/2017:00:58:38 +0300] "GET /index.php/photogalery/27-sviato-mykolaia-2011/detail/305-sviato-mykolaia.html?tmpl=component&phocaslideshow=0 HTTP/1.0" 200 2199 "-" "Mozilla/5.0 (compatible; METASpider; +http://meta.ua/spider)"
194.0.131.149 - - [05/Apr/2017:00:58:51 +0300] "GET /index.php/statti/item/833-razom-vidkrivati-shlyahi-nadiyi-pidsumki-palomnitstva-doviri-taiz%c3%a9-u-rizi.html HTTP/1.0" 200 18440 "-" "Mozilla/5.0 (compatible; METASpider; +http://meta.ua/spider)"
194.0.131.151 - - [05/Apr/2017:00:59:45 +0300] "GET /index.php/news/item/729-rizdvyana-shopka-v-chernivtsyah.html HTTP/1.0" 200 15565 "-" "Mozilla/5.0 (compatible; METASpider; +http://meta.ua/spider)"
194.0.131.170 - - [05/Apr/2017:00:59:54 +0300] "GET /index.php/photogalery/7-instsenovana-khresna-doroha/detail/103-p25032012-01.html?tmpl=component&phocadownload=2 HTTP/1.0" 200 149758 "-" "Mozilla/5.0 (compatible; METASpider; +http://meta.ua/spider)"
194.0.131.149 - - [05/Apr/2017:01:00:06 +0300] "GET /index.php/photogalery/7-instsenovana-khresna-doroha/detail/104-p25032012-02.html?tmpl=component&phocadownload=2 HTTP/1.0" 200 115250 "-" "Mozilla/5.0 (compatible; METASpider; +http://meta.ua/spider)"
194.0.131.149 - - [05/Apr/2017:01:00:18 +0300] "GET /index.php/photogalery/7-instsenovana-khresna-doroha/detail/105-p25032012-03.html?tmpl=component&phocadownload=2 HTTP/1.0" 200 114492 "-" "Mozilla/5.0 (compatible; METASpider; +http://meta.ua/spider)"
194.0.131.149 - - [05/Apr/2017:01:00:30 +0300] "GET /index.php/photogalery/7-instsenovana-khresna-doroha/detail/106-p25032012-04.html?tmpl=component&phocadownload=2 HTTP/1.0" 200 156360 "-" "Mozilla/5.0 (compatible; METASpider; +http://meta.ua/spider)"
194.0.131.167 - - [05/Apr/2017:01:00:42 +0300] "GET /index.php/photogalery/7-instsenovana-khresna-doroha/detail/107-p25032012-05.html?tmpl=component&phocadownload=2 HTTP/1.0" 200 134427 "-" "Mozilla/5.0 (compatible; METASpider; +http://meta.ua/spider)"
194.0.131.156 - - [05/Apr/2017:01:00:54 +0300] "GET /index.php/photogalery/7-instsenovana-khresna-doroha/detail/108-p25032012-06.html?tmpl=component&phocadownload=2 HTTP/1.0" 200 155316 "-" "Mozilla/5.0 (compatible; METASpider; +http://meta.ua/spider)"
194.0.131.173 - - [05/Apr/2017:01:01:06 +0300] "GET /index.php/photogalery/7-instsenovana-khresna-doroha/detail/109-p25032012-07.html?tmpl=component&phocadownload=2 HTTP/1.0" 200 135995 "-" "Mozilla/5.0 (compatible; METASpider; +http://meta.ua/spider)"
194.0.131.149 - - [05/Apr/2017:01:01:14 +0300] "GET /index.php/statti/item/720-ochikuvannya-na-prihid-hrista.html HTTP/1.0" 200 15685 "-" "Mozilla/5.0 (compatible; METASpider; +http://meta.ua/spider)"
194.0.131.133 - - [05/Apr/2017:01:01:21 +0300] "GET /index.php/photogalery/7-instsenovana-khresna-doroha/detail/110-p25032012-08.html?tmpl=component&phocadownload=2 HTTP/1.0" 200 136266 "-" "Mozilla/5.0 (compatible; METASpider; +http://meta.ua/spider)"
194.0.131.149 - - [05/Apr/2017:01:01:33 +0300] "GET /index.php/photogalery/7-instsenovana-khresna-doroha/detail/111-p25032012-09.html?tmpl=component&phocadownload=2 HTTP/1.0" 200 137947 "-" "Mozilla/5.0 (compatible; METASpider; +http://meta.ua/spider)"
68.180.229.126 - - [05/Apr/2017:01:07:08 +0300] "GET /robots.txt HTTP/1.0" 200 1151 "-" "Mozilla/5.0 (compatible; Yahoo! Slurp; http://help.yahoo.com/help/us/ysearch/slurp)"
68.180.229.126 - - [05/Apr/2017:01:07:09 +0300] "GET /index.php/oholoshennia/item/855-programa-rekolektsiy-u-velikomu-posti.html HTTP/1.0" 200 13561 "-" "Mozilla/5.0 (compatible; Yahoo! Slurp; http://help.yahoo.com/help/us/ysearch/slurp)"
40.77.167.1 - - [05/Apr/2017:01:07:31 +0300] "GET /index.php/oholoshennia/item/854-parafiyalni-ogoloshennya-vid-26-bereznya-2017-roku.html HTTP/1.0" 200 14547 "-" "Mozilla/5.0 (compatible; bingbot/2.0; +http://www.bing.com/bingbot.htm)"
40.77.167.1 - - [05/Apr/2017:01:07:36 +0300] "GET /index.php/photogalery/28-rizdvo-2011/detail/309-rizdvo-2011.html?tmpl=component&phocadownload=2 HTTP/1.0" 200 43508 "-" "Mozilla/5.0 (compatible; bingbot/2.0; +http://www.bing.com/bingbot.htm)"
40.77.167.1 - - [05/Apr/2017:01:07:36 +0300] "GET /index.php?start=405 HTTP/1.0" 200 16144 "-" "Mozilla/5.0 (compatible; bingbot/2.0; +http://www.bing.com/bingbot.htm)"
194.0.131.138 - - [05/Apr/2017:01:07:42 +0300] "GET /index.php/statti/item/ HTTP/1.0" 404 1818 "-" "Mozilla/5.0 (compatible; METASpider; +http://meta.ua/spider)"
40.77.167.1 - - [05/Apr/2017:01:07:41 +0300] "GET /index.php/photogalery/category/36-rekolektsii-dlia-ditei-polshcha-brenna-2011.html?start=60 HTTP/1.0" 200 14094 "-" "Mozilla/5.0 (compatible; bingbot/2.0; +http://www.bing.com/bingbot.htm)"
40.77.167.1 - - [05/Apr/2017:01:07:46 +0300] "GET /index.php/photogalery/36-rekolektsii-dlia-ditei-polshcha-brenna-2011/detail/552-2012-07-04-15-08-52.html?tmpl=component&phocadownload=2 HTTP/1.0" 200 57813 "-" "Mozilla/5.0 (compatible; bingbot/2.0; +http://www.bing.com/bingbot.htm)"
40.77.167.1 - - [05/Apr/2017:01:07:47 +0300] "GET /index.php/restavratsiini-roboty/item/606-u-chernivtsyah-restavruyut-kostel-vozdvizhennya-vsechesnogo-hresta-molbukua.html HTTP/1.0" 200 15682 "-" "Mozilla/5.0 (compatible; bingbot/2.0; +http://www.bing.com/bingbot.htm)"
40.77.167.1 - - [05/Apr/2017:01:07:52 +0300] "GET /index.php/statti.html?start=60 HTTP/1.0" 200 15112 "-" "Mozilla/5.0 (compatible; bingbot/2.0; +http://www.bing.com/bingbot.htm)"
40.77.167.1 - - [05/Apr/2017:01:07:57 +0300] "GET /index.php/statti/item/322-%d0%b2%d1%85%d1%96%d0%b4-%d0%b3%d0%be%d1%81%d0%bf%d0%be%d0%b4%d0%bd%d1%96%d0%b9-%d1%83-%d1%94%d1%80%d1%83%d1%81%d0%b0%d0%bb%d0%b8%d0%bc.html HTTP/1.0" 200 13639 "-" "Mozilla/5.0 (compatible; bingbot/2.0; +http://www.bing.com/bingbot.htm)"
40.77.167.1 - - [05/Apr/2017:01:08:01 +0300] "GET /index.php/statti/item/494-v-chernivtsyah-predstavniki-riznih-religiynih-konfesiy-zaklali-pershiy-v-ukrayini-bibliynogo-sad.html HTTP/1.0" 200 14482 "-" "Mozilla/5.0 (compatible; bingbot/2.0; +http://www.bing.com/bingbot.htm)"
40.77.167.1 - - [05/Apr/2017:01:08:09 +0300] "GET /index.php/statti/item/562-spovid.html HTTP/1.0" 200 13203 "-" "Mozilla/5.0 (compatible; bingbot/2.0; +http://www.bing.com/bingbot.htm)"
40.77.167.1 - - [05/Apr/2017:01:08:14 +0300] "GET /index.php/statti/item/596-moloda-matir-potrebue-dopomogi-na-likuvannya.html HTTP/1.0" 200 15593 "-" "Mozilla/5.0 (compatible; bingbot/2.0; +http://www.bing.com/bingbot.htm)"
40.77.167.1 - - [05/Apr/2017:01:08:22 +0300] "GET /index.php/statti/item/649-duh-molitvi-svyatogo-yoana-pavla-ii-buv-prisutniy-i-na-nashiy-hresniy-dorozi.html HTTP/1.0" 200 16579 "-" "Mozilla/5.0 (compatible; bingbot/2.0; +http://www.bing.com/bingbot.htm)"
40.77.167.1 - - [05/Apr/2017:01:08:26 +0300] "GET /index.php/statti/item/651-chenstohova-kalvariya-%e2%80%93-molitva-v-tsih-sanktuariyah-zavzhdi-nezabutnya.html HTTP/1.0" 200 16822 "-" "Mozilla/5.0 (compatible; bingbot/2.0; +http://www.bing.com/bingbot.htm)"
194.0.131.138 - - [05/Apr/2017:01:08:30 +0300] "GET /index.php/news/item/ HTTP/1.0" 404 1818 "-" "Mozilla/5.0 (compatible; METASpider; +http://meta.ua/spider)"
40.77.167.1 - - [05/Apr/2017:01:08:27 +0300] "GET /index.php/statti/item/736-palomnitstvo-doviri-taiz%c3%a9-na-zemli-u-valensiyi.html HTTP/1.0" 200 19457 "-" "Mozilla/5.0 (compatible; bingbot/2.0; +http://www.bing.com/bingbot.htm)"
40.77.167.1 - - [05/Apr/2017:01:08:30 +0300] "GET /index.php/statti/item/736-palomnitstvo-doviri-taiz%c3%a9-na-zemli-u-valensiyi.html HTTP/1.0" 200 19434 "-" "Mozilla/5.0 (compatible; bingbot/2.0; +http://www.bing.com/bingbot.htm)"
40.77.167.1 - - [05/Apr/2017:01:08:30 +0300] "GET /index.php/oholoshennia.html?start=215 HTTP/1.0" 200 14730 "-" "Mozilla/5.0 (compatible; bingbot/2.0; +http://www.bing.com/bingbot.htm)"
40.77.167.1 - - [05/Apr/2017:01:08:37 +0300] "GET /index.php/statti/item/833-razom-vidkrivati-shlyahi-nadiyi-pidsumki-palomnitstva-doviri-taiz%c3%a9-u-rizi.html HTTP/1.0" 200 18412 "-" "Mozilla/5.0 (compatible; bingbot/2.0; +http://www.bing.com/bingbot.htm)"
40.77.167.1 - - [05/Apr/2017:01:08:37 +0300] "GET /index.php/statti/item/833-razom-vidkrivati-shlyahi-nadiyi-pidsumki-palomnitstva-doviri-taiz%c3%83%c2%a9-u-rizi.html HTTP/1.0" 200 18458 "-" "Mozilla/5.0 (compatible; bingbot/2.0; +http://www.bing.com/bingbot.htm)"
40.77.167.1 - - [05/Apr/2017:01:08:42 +0300] "GET /index.php/statti/item/833-razom-vidkrivati-shlyahi-nadiyi-pidsumki-palomnitstva-doviri-taiz%c3%83%c2%a9-u-rizi.html HTTP/1.0" 200 18424 "-" "Mozilla/5.0 (compatible; bingbot/2.0; +http://www.bing.com/bingbot.htm)"
40.77.167.1 - - [05/Apr/2017:01:08:43 +0300] "GET /index.php/statti/item/833-razom-vidkrivati-shlyahi-nadiyi-pidsumki-palomnitstva-doviri-taiz%c3%a9-u-rizi.html HTTP/1.0" 200 18418 "-" "Mozilla/5.0 (compatible; bingbot/2.0; +http://www.bing.com/bingbot.htm)"
40.77.167.1 - - [05/Apr/2017:01:08:48 +0300] "GET /index.php/oholoshennia.html?start=55 HTTP/1.0" 200 15049 "-" "Mozilla/5.0 (compatible; bingbot/2.0; +http://www.bing.com/bingbot.htm)"
40.77.167.1 - - [05/Apr/2017:01:08:47 +0300] "GET /index.php/news/item/689-dekanalniy-den-zoseredzhennya-cholovikiv.html HTTP/1.0" 200 15141 "-" "Mozilla/5.0 (compatible; bingbot/2.0; +http://www.bing.com/bingbot.htm)"
40.77.167.1 - - [05/Apr/2017:01:08:53 +0300] "GET /index.php/yuvilei-200-littia.html?start=10 HTTP/1.0" 200 15064 "-" "Mozilla/5.0 (compatible; bingbot/2.0; +http://www.bing.com/bingbot.htm)"
40.77.167.1 - - [05/Apr/2017:01:08:53 +0300] "GET /index.php/yuvilei-200-littia/item/620-chernivetskiy-kostel-stav-maloyu-bazilikoyu.html HTTP/1.0" 200 18717 "-" "Mozilla/5.0 (compatible; bingbot/2.0; +http://www.bing.com/bingbot.htm)"
40.77.167.1 - - [05/Apr/2017:01:08:58 +0300] "GET /index.php/yuvilei-200-littia/item/631-skoshtuvati-mozhna-bulo-bigos-z-kovbaskami-zhurek-golubtsi-yuvileyniy-festin.html HTTP/1.0" 200 15159 "-" "Mozilla/5.0 (compatible; bingbot/2.0; +http://www.bing.com/bingbot.htm)"
40.77.167.1 - - [05/Apr/2017:01:08:59 +0300] "GET /index.php/oholoshennia.html?start=60 HTTP/1.0" 200 15034 "-" "Mozilla/5.0 (compatible; bingbot/2.0; +http://www.bing.com/bingbot.htm)"
40.77.167.1 - - [05/Apr/2017:01:09:00 +0300] "GET /index.php?start=165 HTTP/1.0" 200 16057 "-" "Mozilla/5.0 (compatible; bingbot/2.0; +http://www.bing.com/bingbot.htm)"
40.77.167.1 - - [05/Apr/2017:01:09:03 +0300] "GET /index.php/news/item/620-chernivetskiy-kostel-stav-maloyu-bazilikoyu.html?_escaped_fragment_=prettyPhoto[galleryf2a88a2499]/0/ HTTP/1.0" 200 18754 "-" "Mozilla/5.0 (compatible; bingbot/2.0; +http://www.bing.com/bingbot.htm)"
40.77.167.1 - - [05/Apr/2017:01:09:06 +0300] "GET /index.php/news/item/620-chernivetskiy-kostel-stav-maloyu-bazilikoyu.html HTTP/1.0" 200 18713 "-" "Mozilla/5.0 (compatible; bingbot/2.0; +http://www.bing.com/bingbot.htm)"
40.77.167.1 - - [05/Apr/2017:01:09:08 +0300] "GET /index.php/oholoshennia/item/313-%d0%b2%d0%b5%d0%bb%d0%b8%d0%ba%d0%be%d0%bf%d1%96%d1%81%d0%bd%d1%96-%d1%80%d0%b5%d0%ba%d0%be%d0%bb%d0%b5%d0%ba%d1%86%d1%96%d1%97.html HTTP/1.0" 200 14140 "-" "Mozilla/5.0 (compatible; bingbot/2.0; +http://www.bing.com/bingbot.htm)"
40.77.167.1 - - [05/Apr/2017:01:09:11 +0300] "GET /index.php?start=175 HTTP/1.0" 200 15979 "-" "Mozilla/5.0 (compatible; bingbot/2.0; +http://www.bing.com/bingbot.htm)"
40.77.167.1 - - [05/Apr/2017:01:09:13 +0300] "GET /index.php?start=195 HTTP/1.0" 200 16832 "-" "Mozilla/5.0 (compatible; bingbot/2.0; +http://www.bing.com/bingbot.htm)"
40.77.167.1 - - [05/Apr/2017:01:09:16 +0300] "GET /index.php/news/item/568-hresna-doroga-ta-ustanovlennya-hresta-v-chernivtsyah.html HTTP/1.0" 200 15881 "-" "Mozilla/5.0 (compatible; bingbot/2.0; +http://www.bing.com/bingbot.htm)"
40.77.167.1 - - [05/Apr/2017:01:09:17 +0300] "GET /index.php/oholoshennia/item/382-%d0%bf%d0%b0%d1%80%d0%b0%d1%84%d1%96%d1%8f%d0%bb%d1%8c%d0%bd%d1%96-%d0%be%d0%b3%d0%be%d0%bb%d0%be%d1%88%d0%b5%d0%bd%d0%bd%d1%8f-%d0%b2%d1%96%d0%b4-4-%d0%bb%d0%b8%d1%81%d1%82%d0%be%d0%bf%d0%b0%d0%b4%d0%b0-2012-%d1%80%d0%be%d0%ba%d1%83.html HTTP/1.0" 200 15144 "-" "Mozilla/5.0 (compatible; bingbot/2.0; +http://www.bing.com/bingbot.htm)"
40.77.167.1 - - [05/Apr/2017:01:09:21 +0300] "GET /index.php/oholoshennia/item/384-%d0%bf%d0%b0%d1%80%d0%b0%d1%84%d1%96%d1%8f%d0%bb%d1%8c%d0%bd%d1%96-%d0%be%d0%b3%d0%be%d0%bb%d0%be%d1%88%d0%b5%d0%bd%d0%bd%d1%8f-%d0%b2%d1%96%d0%b4-11-%d0%bb%d0%b8%d1%81%d1%82%d0%be%d0%bf%d0%b0%d0%b4%d0%b0-2012-%d1%80%d0%be%d0%ba%d1%83.html HTTP/1.0" 200 15143 "-" "Mozilla/5.0 (compatible; bingbot/2.0; +http://www.bing.com/bingbot.htm)"
40.77.167.1 - - [05/Apr/2017:01:09:22 +0300] "GET /index.php/news/item/532-rizdvo-hristove-na-bukovini.html HTTP/1.0" 200 13912 "-" "Mozilla/5.0 (compatible; bingbot/2.0; +http://www.bing.com/bingbot.htm)"
40.77.167.1 - - [05/Apr/2017:01:09:27 +0300] "GET /index.php/photogalery/36-rekolektsii-dlia-ditei-polshcha-brenna-2011/detail/554-2012-07-04-15-08-52.html?tmpl=component&phocadownload=2 HTTP/1.0" 200 49041 "-" "Mozilla/5.0 (compatible; bingbot/2.0; +http://www.bing.com/bingbot.htm)"
40.77.167.1 - - [05/Apr/2017:01:09:27 +0300] "GET /index.php/photogalery/36-rekolektsii-dlia-ditei-polshcha-brenna-2011/detail/546-2012-07-04-15-08-52.html?tmpl=component&phocadownload=2 HTTP/1.0" 200 49762 "-" "Mozilla/5.0 (compatible; bingbot/2.0; +http://www.bing.com/bingbot.htm)"
40.77.167.1 - - [05/Apr/2017:01:09:26 +0300] "GET /index.php/news/item/729-rizdvyana-shopka-v-chernivtsyah.html HTTP/1.0" 200 15602 "-" "Mozilla/5.0 (compatible; bingbot/2.0; +http://www.bing.com/bingbot.htm)"
40.77.167.1 - - [05/Apr/2017:01:09:28 +0300] "GET /index.php?start=260 HTTP/1.0" 200 15730 "-" "Mozilla/5.0 (compatible; bingbot/2.0; +http://www.bing.com/bingbot.htm)"
40.77.167.1 - - [05/Apr/2017:01:09:32 +0300] "GET /index.php/photogalery/36-rekolektsii-dlia-ditei-polshcha-brenna-2011/detail/558-2012-07-04-15-08-52.html?tmpl=component&phocadownload=2 HTTP/1.0" 200 61087 "-" "Mozilla/5.0 (compatible; bingbot/2.0; +http://www.bing.com/bingbot.htm)"
40.77.167.1 - - [05/Apr/2017:01:09:31 +0300] "GET /index.php/news/item/484-nadiya-ta-sila-iz-hresta-isusa-parafiyalniy-vidpust.html HTTP/1.0" 200 15713 "-" "Mozilla/5.0 (compatible; bingbot/2.0; +http://www.bing.com/bingbot.htm)"
40.77.167.1 - - [05/Apr/2017:01:09:33 +0300] "GET /index.php?start=270 HTTP/1.0" 200 16136 "-" "Mozilla/5.0 (compatible; bingbot/2.0; +http://www.bing.com/bingbot.htm)"
40.77.167.1 - - [05/Apr/2017:01:09:37 +0300] "GET /index.php/news/item/454-pershe-prichastya.html HTTP/1.0" 200 13640 "-" "Mozilla/5.0 (compatible; bingbot/2.0; +http://www.bing.com/bingbot.htm)"
40.77.167.1 - - [05/Apr/2017:01:09:37 +0300] "GET /index.php/news/item/448-tayinstvo-miropomazannya-%e2%80%93-parafiyalne-svyato.html HTTP/1.0" 200 15658 "-" "Mozilla/5.0 (compatible; bingbot/2.0; +http://www.bing.com/bingbot.htm)"
40.77.167.1 - - [05/Apr/2017:01:09:41 +0300] "GET /index.php/news/item/448-tayinstvo-miropomazannya-%e2%80%93-parafiyalne-svyato.html HTTP/1.0" 200 15665 "-" "Mozilla/5.0 (compatible; bingbot/2.0; +http://www.bing.com/bingbot.htm)"
194.0.131.149 - - [05/Apr/2017:01:09:41 +0300] "GET /index.php/news/item/590-urochistist-pershogo-prichastya.html HTTP/1.0" 200 14937 "-" "Mozilla/5.0 (compatible; METASpider; +http://meta.ua/spider)"
40.77.167.1 - - [05/Apr/2017:01:09:43 +0300] "GET /index.php/news/item/391-zabavi-ta-igri-do-dnya-svyatogo-andriya.html HTTP/1.0" 200 15447 "-" "Mozilla/5.0 (compatible; bingbot/2.0; +http://www.bing.com/bingbot.htm)"
40.77.167.1 - - [05/Apr/2017:01:09:46 +0300] "GET /index.php/news/item/385-%d0%bf%d0%be%d0%bb%d0%b5%d0%b3%d0%bb%d1%96-%d0%bf%d0%be%d0%bb%d1%8c%d1%81%d1%8c%d0%ba%d1%96-%d0%bb%d0%b5%d0%b3%d1%96%d0%be%d0%bd%d0%b5%d1%80%d0%b8-%d1%83-%d1%80%d1%96%d0%b4%d0%ba%d1%96%d0%b2%d1%86%d1%8f%d1%85.html HTTP/1.0" 200 14854 "-" "Mozilla/5.0 (compatible; bingbot/2.0; +http://www.bing.com/bingbot.htm)"
194.0.131.149 - - [05/Apr/2017:01:09:47 +0300] "GET /index.php/statti/item/287-%d0%bf%d1%80%d0%be-%d0%bc%d0%be%d0%bb%d0%b8%d1%82%d0%b2%d1%83-%d1%83-%d1%a5%d0%b2%d1%8f%d1%82%d0%be%d0%bc%d1%83-%d0%bf%d0%b8%d1%a5%d1%8c%d0%bc%d1%96-%d1%82%d0%b0-%d1%a5%d0%b2%d1%8f%d1%82%d0%b8%d1%85-%d0%be%d1%82%d1%86%d1%96%d0%b2.html HTTP/1.0" 200 19023 "-" "Mozilla/5.0 (compatible; METASpider; +http://meta.ua/spider)"
40.77.167.1 - - [05/Apr/2017:01:09:49 +0300] "GET /index.php/oholoshennia/item/447-parafiyalni-ogoloshennya-vid-12-travnya-2013-roku.html HTTP/1.0" 200 15108 "-" "Mozilla/5.0 (compatible; bingbot/2.0; +http://www.bing.com/bingbot.htm)"
40.77.167.1 - - [05/Apr/2017:01:09:53 +0300] "GET /index.php/photogalery/3-kostel/detail/72-rizni-foto-nashoho-khramu.html?tmpl=component&phocadownload=2 HTTP/1.0" 200 42270 "-" "Mozilla/5.0 (compatible; bingbot/2.0; +http://www.bing.com/bingbot.htm)"
40.77.167.1 - - [05/Apr/2017:01:09:51 +0300] "GET /index.php/news/item/385-%d0%bf%d0%be%d0%bb%d0%b5%d0%b3%d0%bb%d1%96-%d0%bf%d0%be%d0%bb%d1%8c%d1%81%d1%8c%d0%ba%d1%96-%d0%bb%d0%b5%d0%b3%d1%96%d0%be%d0%bd%d0%b5%d1%80%d0%b8-%d1%83-%d1%80%d1%96%d0%b4%d0%ba%d1%96%d0%b2%d1%86%d1%8f%d1%85.html HTTP/1.0" 200 14854 "-" "Mozilla/5.0 (compatible; bingbot/2.0; +http://www.bing.com/bingbot.htm)"
40.77.167.1 - - [05/Apr/2017:01:09:54 +0300] "GET /index.php/oholoshennia/item/469-parafiyalni-ogoloshennya-vid-11-serpnya-2013-roku.html HTTP/1.0" 200 15065 "-" "Mozilla/5.0 (compatible; bingbot/2.0; +http://www.bing.com/bingbot.htm)"
40.77.167.1 - - [05/Apr/2017:01:09:56 +0300] "GET /index.php?start=370 HTTP/1.0" 200 15725 "-" "Mozilla/5.0 (compatible; bingbot/2.0; +http://www.bing.com/bingbot.htm)"
40.77.167.1 - - [05/Apr/2017:01:09:58 +0300] "GET /index.php/news/item/755-dekanalniy-den-zoseredzhennya-dlya-cholovikiv.html HTTP/1.0" 200 15580 "-" "Mozilla/5.0 (compatible; bingbot/2.0; +http://www.bing.com/bingbot.htm)"
40.77.167.1 - - [05/Apr/2017:01:10:01 +0300] "GET /index.php?start=380 HTTP/1.0" 200 15387 "-" "Mozilla/5.0 (compatible; bingbot/2.0; +http://www.bing.com/bingbot.htm)"
40.77.167.1 - - [05/Apr/2017:01:10:04 +0300] "GET /index.php?start=390 HTTP/1.0" 200 16016 "-" "Mozilla/5.0 (compatible; bingbot/2.0; +http://www.bing.com/bingbot.htm)"
40.77.167.1 - - [05/Apr/2017:01:10:06 +0300] "GET /index.php/news/item/757-vidvidini-magalyanskogo-dityachogo-budinku.html HTTP/1.0" 200 15559 "-" "Mozilla/5.0 (compatible; bingbot/2.0; +http://www.bing.com/bingbot.htm)"
40.77.167.1 - - [05/Apr/2017:01:10:08 +0300] "GET /index.php/news/item/319-%d1%96%d0%bd%d1%81%d1%86%d0%b5%d0%bd%d1%96%d0%b7%d0%be%d0%b2%d0%b0%d0%bd%d0%b0-%d1%85%d1%80%d0%b5%d1%81%d0%bd%d0%b0-%d0%b4%d0%be%d1%80%d0%be%d0%b3%d0%b0.html HTTP/1.0" 200 15400 "-" "Mozilla/5.0 (compatible; bingbot/2.0; +http://www.bing.com/bingbot.htm)"
40.77.167.1 - - [05/Apr/2017:01:10:12 +0300] "GET /index.php/news.html?start=95 HTTP/1.0" 200 15051 "-" "Mozilla/5.0 (compatible; bingbot/2.0; +http://www.bing.com/bingbot.htm)"
40.77.167.1 - - [05/Apr/2017:01:10:14 +0300] "GET /index.php/oholoshennia/item/552-parafiyalni-ogoloshennya-vid-16-lyutogo-2014-roku.html HTTP/1.0" 200 14966 "-" "Mozilla/5.0 (compatible; bingbot/2.0; +http://www.bing.com/bingbot.htm)"
40.77.167.1 - - [05/Apr/2017:01:10:16 +0300] "GET /index.php?start=415 HTTP/1.0" 200 15518 "-" "Mozilla/5.0 (compatible; bingbot/2.0; +http://www.bing.com/bingbot.htm)"
40.77.167.1 - - [05/Apr/2017:01:10:18 +0300] "GET /index.php/oholoshennia/item/553-ogoloshennya.html HTTP/1.0" 200 13649 "-" "Mozilla/5.0 (compatible; bingbot/2.0; +http://www.bing.com/bingbot.htm)"
40.77.167.1 - - [05/Apr/2017:01:10:21 +0300] "GET /index.php/oholoshennia/item/563-parafiyalni-ogoloshennya-vid-16-bereznya-2014-roku.html HTTP/1.0" 200 15198 "-" "Mozilla/5.0 (compatible; bingbot/2.0; +http://www.bing.com/bingbot.htm)"
40.77.167.1 - - [05/Apr/2017:01:10:23 +0300] "GET /index.php?start=420 HTTP/1.0" 200 15869 "-" "Mozilla/5.0 (compatible; bingbot/2.0; +http://www.bing.com/bingbot.htm)"
40.77.167.1 - - [05/Apr/2017:01:10:26 +0300] "GET /index.php/news.html?start=50 HTTP/1.0" 200 14981 "-" "Mozilla/5.0 (compatible; bingbot/2.0; +http://www.bing.com/bingbot.htm)"
194.0.131.149 - - [05/Apr/2017:01:10:26 +0300] "GET /index.php/statti/item/414-rozmova-z-tsikavoyu-lyudinoyu.html HTTP/1.0" 200 14219 "-" "Mozilla/5.0 (compatible; METASpider; +http://meta.ua/spider)"
40.77.167.1 - - [05/Apr/2017:01:10:27 +0300] "GET /index.php/news.html?start=40 HTTP/1.0" 200 15063 "-" "Mozilla/5.0 (compatible; bingbot/2.0; +http://www.bing.com/bingbot.htm)"
194.0.131.149 - - [05/Apr/2017:01:10:33 +0300] "GET /index.php/photogalery/21-turynska-plashchanytsia-2008-rik/detail/227-turynska-plashchanytsia.html?tmpl=component HTTP/1.0" 200 2242 "-" "Mozilla/5.0 (compatible; METASpider; +http://meta.ua/spider)"
40.77.167.1 - - [05/Apr/2017:01:10:31 +0300] "GET /index.php/news/item/775-den-spilnoti-u-boyanah.html HTTP/1.0" 200 15516 "-" "Mozilla/5.0 (compatible; bingbot/2.0; +http://www.bing.com/bingbot.htm)"
40.77.167.1 - - [05/Apr/2017:01:10:31 +0300] "GET /index.php/news/item/774-nasha-molod-v-kam%e2%80%b2yantsi-podilskomu.html HTTP/1.0" 200 16918 "-" "Mozilla/5.0 (compatible; bingbot/2.0; +http://www.bing.com/bingbot.htm)"
40.77.167.1 - - [05/Apr/2017:01:10:39 +0300] "GET /index.php/photogalery/category/23-sviato-bozhoho-tila-2008-rik.html HTTP/1.0" 200 13757 "-" "Mozilla/5.0 (compatible; bingbot/2.0; +http://www.bing.com/bingbot.htm)"
40.77.167.1 - - [05/Apr/2017:01:10:37 +0300] "GET /index.php/news/item/782-urochistist-presvyatih-tila-i-krovi-hrista.html?_escaped_fragment_=prettyPhoto[gallerya16ad11140]/0/ HTTP/1.0" 200 15829 "-" "Mozilla/5.0 (compatible; bingbot/2.0; +http://www.bing.com/bingbot.htm)"
194.0.131.182 - - [05/Apr/2017:01:10:44 +0300] "GET /index.php/photogalery/21-turynska-plashchanytsia-2008-rik/detail/228-turynska-plashchanytsia.html?tmpl=component HTTP/1.0" 200 2260 "-" "Mozilla/5.0 (compatible; METASpider; +http://meta.ua/spider)"
40.77.167.1 - - [05/Apr/2017:01:10:43 +0300] "GET /index.php?start=505 HTTP/1.0" 200 15732 "-" "Mozilla/5.0 (compatible; bingbot/2.0; +http://www.bing.com/bingbot.htm)"
40.77.167.1 - - [05/Apr/2017:01:10:44 +0300] "GET /index.php/news/item/785-zavershennya-navchalnogo-roku.html HTTP/1.0" 200 15584 "-" "Mozilla/5.0 (compatible; bingbot/2.0; +http://www.bing.com/bingbot.htm)"
40.77.167.1 - - [05/Apr/2017:01:10:48 +0300] "GET /index.php/news/item/785-zavershennya-navchalnogo-roku.html?tmpl=component&print=1 HTTP/1.0" 200 4926 "-" "Mozilla/5.0 (compatible; bingbot/2.0; +http://www.bing.com/bingbot.htm)"
40.77.167.1 - - [05/Apr/2017:01:10:49 +0300] "GET /index.php/news/item/794-sdm-v-radomskiy-dietseziyi.html?tmpl=component&print=1 HTTP/1.0" 200 5858 "-" "Mozilla/5.0 (compatible; bingbot/2.0; +http://www.bing.com/bingbot.htm)"
40.77.167.1 - - [05/Apr/2017:01:10:49 +0300] "GET /index.php?start=65 HTTP/1.0" 200 16561 "-" "Mozilla/5.0 (compatible; bingbot/2.0; +http://www.bing.com/bingbot.htm)"
40.77.167.1 - - [05/Apr/2017:01:10:49 +0300] "GET /index.php/news/item/795-sdm-v-radomskiy-dietseziyi-%e2%80%93-visoke-kolo.html HTTP/1.0" 200 16444 "-" "Mozilla/5.0 (compatible; bingbot/2.0; +http://www.bing.com/bingbot.htm)"
194.0.131.149 - - [05/Apr/2017:01:10:56 +0300] "GET /index.php/photogalery/21-turynska-plashchanytsia-2008-rik/detail/229-turynska-plashchanytsia.html?tmpl=component HTTP/1.0" 200 2260 "-" "Mozilla/5.0 (compatible; METASpider; +http://meta.ua/spider)"
40.77.167.1 - - [05/Apr/2017:01:10:53 +0300] "GET /index.php/oholoshennia/item/599-parafiyalni-ogoloshennya-vid-15-chervnya-2014-roku.html HTTP/1.0" 200 15442 "-" "Mozilla/5.0 (compatible; bingbot/2.0; +http://www.bing.com/bingbot.htm)"
40.77.167.1 - - [05/Apr/2017:01:10:57 +0300] "GET /index.php?start=75 HTTP/1.0" 200 16529 "-" "Mozilla/5.0 (compatible; bingbot/2.0; +http://www.bing.com/bingbot.htm)"
40.77.167.1 - - [05/Apr/2017:01:10:58 +0300] "GET /index.php?start=85 HTTP/1.0" 200 15999 "-" "Mozilla/5.0 (compatible; bingbot/2.0; +http://www.bing.com/bingbot.htm)"
40.77.167.1 - - [05/Apr/2017:01:11:02 +0300] "GET /index.php?start=95 HTTP/1.0" 200 16710 "-" "Mozilla/5.0 (compatible; bingbot/2.0; +http://www.bing.com/bingbot.htm)"
194.0.131.176 - - [05/Apr/2017:01:11:09 +0300] "GET /index.php/photogalery/21-turynska-plashchanytsia-2008-rik/detail/230-turynska-plashchanytsia.html?tmpl=component HTTP/1.0" 200 2261 "-" "Mozilla/5.0 (compatible; METASpider; +http://meta.ua/spider)"
40.77.167.1 - - [05/Apr/2017:01:11:02 +0300] "GET /index.php/news/item/827-urochista-pastirka-v-nashiy-parafiyi.html HTTP/1.0" 200 16089 "-" "Mozilla/5.0 (compatible; bingbot/2.0; +http://www.bing.com/bingbot.htm)"
40.77.167.1 - - [05/Apr/2017:01:11:08 +0300] "GET /index.php/oholoshennia/item/667-parafiyalni-ogoloshennya-vid-1-grudnya-2014-roku.html HTTP/1.0" 200 15496 "-" "Mozilla/5.0 (compatible; bingbot/2.0; +http://www.bing.com/bingbot.htm)"
40.77.167.1 - - [05/Apr/2017:01:11:10 +0300] "GET /index.php/news/item/848-pid-materinskim-pokrovom-divi-mariyi.html HTTP/1.0" 200 15374 "-" "Mozilla/5.0 (compatible; bingbot/2.0; +http://www.bing.com/bingbot.htm)"
40.77.167.1 - - [05/Apr/2017:01:11:14 +0300] "GET /index.php/oholoshennia/item/672-parafiyalni-ogoloshennya-vid-11-sichnya-2015-roku.html HTTP/1.0" 200 15118 "-" "Mozilla/5.0 (compatible; bingbot/2.0; +http://www.bing.com/bingbot.htm)"
40.77.167.1 - - [05/Apr/2017:01:11:13 +0300] "GET /index.php/news/item/852-molodizhniy-den-spilnoti.html HTTP/1.0" 200 15831 "-" "Mozilla/5.0 (compatible; bingbot/2.0; +http://www.bing.com/bingbot.htm)"
40.77.167.1 - - [05/Apr/2017:01:11:15 +0300] "GET /index.php/news/item/856-hresna-doroga-%e2%80%93-duhovniy-maydan.html HTTP/1.0" 200 15188 "-" "Mozilla/5.0 (compatible; bingbot/2.0; +http://www.bing.com/bingbot.htm)"
194.0.131.149 - - [05/Apr/2017:01:11:20 +0300] "GET /index.php/photogalery/21-turynska-plashchanytsia-2008-rik/detail/231-turynska-plashchanytsia.html?tmpl=component HTTP/1.0" 200 2275 "-" "Mozilla/5.0 (compatible; METASpider; +http://meta.ua/spider)"
40.77.167.1 - - [05/Apr/2017:01:11:18 +0300] "GET /index.php/oholoshennia HTTP/1.0" 200 14980 "-" "Mozilla/5.0 (compatible; bingbot/2.0; +http://www.bing.com/bingbot.htm)"
40.77.167.1 - - [05/Apr/2017:01:11:21 +0300] "GET /index.php/oholoshennia.html?start=100 HTTP/1.0" 200 14726 "-" "Mozilla/5.0 (compatible; bingbot/2.0; +http://www.bing.com/bingbot.htm)"
40.77.167.1 - - [05/Apr/2017:01:11:21 +0300] "GET /index.php/oholoshennia.html?start=125 HTTP/1.0" 200 14877 "-" "Mozilla/5.0 (compatible; bingbot/2.0; +http://www.bing.com/bingbot.htm)"
194.0.131.149 - - [05/Apr/2017:01:11:22 +0300] "GET /index.php/statti/item/417-katolitske-telebachennya-ewtn.html HTTP/1.0" 200 14727 "-" "Mozilla/5.0 (compatible; METASpider; +http://meta.ua/spider)"
40.77.167.1 - - [05/Apr/2017:01:11:23 +0300] "GET /index.php/oholoshennia.html?start=135 HTTP/1.0" 200 15548 "-" "Mozilla/5.0 (compatible; bingbot/2.0; +http://www.bing.com/bingbot.htm)"
40.77.167.1 - - [05/Apr/2017:01:11:25 +0300] "GET /index.php/oholoshennia/item/685-parafiyalni-ogoloshennya-vid-1-bereznya-2015-roku.html HTTP/1.0" 200 15155 "-" "Mozilla/5.0 (compatible; bingbot/2.0; +http://www.bing.com/bingbot.htm)"
40.77.167.1 - - [05/Apr/2017:01:11:26 +0300] "GET /index.php/oholoshennia/item/688-parafiyalni-ogoloshennya-vid-15-bereznya-2015-roku.html HTTP/1.0" 200 15497 "-" "Mozilla/5.0 (compatible; bingbot/2.0; +http://www.bing.com/bingbot.htm)"
40.77.167.1 - - [05/Apr/2017:01:11:28 +0300] "GET /index.php/oholoshennia.html?start=205 HTTP/1.0" 200 14561 "-" "Mozilla/5.0 (compatible; bingbot/2.0; +http://www.bing.com/bingbot.htm)"
40.77.167.1 - - [05/Apr/2017:01:11:32 +0300] "GET /index.php/component/mailto/?tmpl=component&template=allrounder-j1.6&link=42d17120105c1fc93e7ffc0a65512851297baef5 HTTP/1.0" 200 1843 "-" "Mozilla/5.0 (compatible; bingbot/2.0; +http://www.bing.com/bingbot.htm)"
194.0.131.142 - - [05/Apr/2017:01:11:32 +0300] "GET /index.php/photogalery/7-instsenovana-khresna-doroha/detail/103-p25032012-01.html?phocaslideshow=1&tmpl=component HTTP/1.0" 200 2128 "-" "Mozilla/5.0 (compatible; METASpider; +http://meta.ua/spider)"
40.77.167.1 - - [05/Apr/2017:01:11:32 +0300] "GET /index.php/component/mailto/?tmpl=component&template=allrounder-j1.6&link=41e3e07748f303e85f1bb0cd4d3f34c65546f6aa HTTP/1.0" 200 1841 "-" "Mozilla/5.0 (compatible; bingbot/2.0; +http://www.bing.com/bingbot.htm)"
40.77.167.1 - - [05/Apr/2017:01:11:33 +0300] "GET /index.php/component/mailto/?tmpl=component&template=allrounder-j1.6&link=32a45696054b66c4c14cbc68ae0b872067a6afbd HTTP/1.0" 200 1840 "-" "Mozilla/5.0 (compatible; bingbot/2.0; +http://www.bing.com/bingbot.htm)"
40.77.167.1 - - [05/Apr/2017:01:11:31 +0300] "GET /index.php/oholoshennia/item/724-mikolay-prigadue-nam-pro-poklikannya-do-svyatosti.html HTTP/1.0" 200 14984 "-" "Mozilla/5.0 (compatible; bingbot/2.0; +http://www.bing.com/bingbot.htm)"
40.77.167.1 - - [05/Apr/2017:01:11:33 +0300] "GET /index.php/photogalery/category/28-rizdvo-2011.html HTTP/1.0" 200 13641 "-" "Mozilla/5.0 (compatible; bingbot/2.0; +http://www.bing.com/bingbot.htm)"
40.77.167.1 - - [05/Apr/2017:01:11:33 +0300] "GET /index.php/photogalery/category/3-kostel.html HTTP/1.0" 200 14318 "-" "Mozilla/5.0 (compatible; bingbot/2.0; +http://www.bing.com/bingbot.htm)"
194.0.131.149 - - [05/Apr/2017:01:12:07 +0300] "GET /index.php/statti/item/429-rozmova-z-tsikavoyu-lyudinoyu.html HTTP/1.0" 200 15914 "-" "Mozilla/5.0 (compatible; METASpider; +http://meta.ua/spider)"
194.0.131.176 - - [05/Apr/2017:01:12:12 +0300] "GET /index.php/photogalery/7-instsenovana-khresna-doroha/detail/106-p25032012-04.html?phocaslideshow=1&tmpl=component HTTP/1.0" 200 2144 "-" "Mozilla/5.0 (compatible; METASpider; +http://meta.ua/spider)"
194.0.131.176 - - [05/Apr/2017:01:12:23 +0300] "GET /index.php/photogalery/7-instsenovana-khresna-doroha/detail/107-p25032012-05.html?phocaslideshow=1&tmpl=component HTTP/1.0" 200 2144 "-" "Mozilla/5.0 (compatible; METASpider; +http://meta.ua/spider)"
194.0.131.187 - - [05/Apr/2017:01:12:35 +0300] "GET /index.php/photogalery/7-instsenovana-khresna-doroha/detail/108-p25032012-06.html?phocaslideshow=1&tmpl=component HTTP/1.0" 200 2145 "-" "Mozilla/5.0 (compatible; METASpider; +http://meta.ua/spider)"
194.0.131.149 - - [05/Apr/2017:01:12:46 +0300] "GET /index.php/photogalery/7-instsenovana-khresna-doroha/detail/109-p25032012-07.html?phocaslideshow=1&tmpl=component HTTP/1.0" 200 2146 "-" "Mozilla/5.0 (compatible; METASpider; +http://meta.ua/spider)"
194.0.131.187 - - [05/Apr/2017:01:12:52 +0300] "GET /index.php/photogalery/38-mariine-bohosluzhinnia-2012/detail/ HTTP/1.0" 200 14640 "-" "Mozilla/5.0 (compatible; METASpider; +http://meta.ua/spider)"
194.0.131.149 - - [05/Apr/2017:01:13:00 +0300] "GET /index.php/photogalery/7-instsenovana-khresna-doroha/detail/110-p25032012-08.html?phocaslideshow=1&tmpl=component HTTP/1.0" 200 2146 "-" "Mozilla/5.0 (compatible; METASpider; +http://meta.ua/spider)"
194.0.131.149 - - [05/Apr/2017:01:13:12 +0300] "GET /index.php/photogalery/7-instsenovana-khresna-doroha/detail/111-p25032012-09.html?phocaslideshow=1&tmpl=component HTTP/1.0" 200 2128 "-" "Mozilla/5.0 (compatible; METASpider; +http://meta.ua/spider)"
194.0.131.133 - - [05/Apr/2017:01:13:24 +0300] "GET /index.php/photogalery/7-instsenovana-khresna-doroha/detail/103-p25032012-01.html?tmpl=component&phocaslideshow=0 HTTP/1.0" 200 2204 "-" "Mozilla/5.0 (compatible; METASpider; +http://meta.ua/spider)"
194.0.131.147 - - [05/Apr/2017:01:13:36 +0300] "GET /index.php/photogalery/7-instsenovana-khresna-doroha/detail/104-p25032012-02.html?tmpl=component&phocaslideshow=0 HTTP/1.0" 200 2226 "-" "Mozilla/5.0 (compatible; METASpider; +http://meta.ua/spider)"
194.0.131.149 - - [05/Apr/2017:01:13:49 +0300] "GET /index.php/photogalery/7-instsenovana-khresna-doroha/detail/105-p25032012-03.html?tmpl=component&phocaslideshow=0 HTTP/1.0" 200 2226 "-" "Mozilla/5.0 (compatible; METASpider; +http://meta.ua/spider)"
194.0.131.149 - - [05/Apr/2017:01:14:00 +0300] "GET /index.php/photogalery/7-instsenovana-khresna-doroha/detail/106-p25032012-04.html?tmpl=component&phocaslideshow=0 HTTP/1.0" 200 2226 "-" "Mozilla/5.0 (compatible; METASpider; +http://meta.ua/spider)"
194.0.131.149 - - [05/Apr/2017:01:14:10 +0300] "GET /index.php/oholoshennia/item/616-anons-dlya-zhurnalistiv.html HTTP/1.0" 200 14981 "-" "Mozilla/5.0 (compatible; METASpider; +http://meta.ua/spider)"
194.0.131.146 - - [05/Apr/2017:01:14:15 +0300] "GET /index.php/photogalery/7-instsenovana-khresna-doroha/detail/107-p25032012-05.html?tmpl=component&phocaslideshow=0 HTTP/1.0" 200 2227 "-" "Mozilla/5.0 (compatible; METASpider; +http://meta.ua/spider)"
194.0.131.149 - - [05/Apr/2017:01:14:26 +0300] "GET /index.php/photogalery/7-instsenovana-khresna-doroha/detail/108-p25032012-06.html?tmpl=component&phocaslideshow=0 HTTP/1.0" 200 2227 "-" "Mozilla/5.0 (compatible; METASpider; +http://meta.ua/spider)"
194.0.131.149 - - [05/Apr/2017:01:14:38 +0300] "GET /index.php/photogalery/7-instsenovana-khresna-doroha/detail/109-p25032012-07.html?tmpl=component&phocaslideshow=0 HTTP/1.0" 200 2228 "-" "Mozilla/5.0 (compatible; METASpider; +http://meta.ua/spider)"
194.0.131.173 - - [05/Apr/2017:01:14:51 +0300] "GET /index.php/photogalery/7-instsenovana-khresna-doroha/detail/110-p25032012-08.html?tmpl=component&phocaslideshow=0 HTTP/1.0" 200 2228 "-" "Mozilla/5.0 (compatible; METASpider; +http://meta.ua/spider)"
194.0.131.149 - - [05/Apr/2017:01:14:55 +0300] "GET /index.php/news/item/756-verbna-nedilya-v-nashiy-parafiyi.html HTTP/1.0" 200 15309 "-" "Mozilla/5.0 (compatible; METASpider; +http://meta.ua/spider)"
194.0.131.149 - - [05/Apr/2017:01:15:02 +0300] "GET /index.php/photogalery/7-instsenovana-khresna-doroha/detail/111-p25032012-09.html?tmpl=component&phocaslideshow=0 HTTP/1.0" 200 2209 "-" "Mozilla/5.0 (compatible; METASpider; +http://meta.ua/spider)"
194.0.131.149 - - [05/Apr/2017:01:15:14 +0300] "GET /index.php/photogalery/11-mizhkonfesiina-zustrich-2010/detail/167-zustrich-2010.html?tmpl=component&phocadownload=2 HTTP/1.0" 200 216847 "-" "Mozilla/5.0 (compatible; METASpider; +http://meta.ua/spider)"
194.0.131.149 - - [05/Apr/2017:01:15:25 +0300] "GET /index.php/photogalery/11-mizhkonfesiina-zustrich-2010/detail/168-zustrich-2010.html?tmpl=component&phocadownload=2 HTTP/1.0" 200 221972 "-" "Mozilla/5.0 (compatible; METASpider; +http://meta.ua/spider)"
194.0.131.149 - - [05/Apr/2017:01:15:51 +0300] "GET /index.php/news/item/731-rizdvyana-zustrich-dlya-samotnih.html HTTP/1.0" 200 15066 "-" "Mozilla/5.0 (compatible; METASpider; +http://meta.ua/spider)"
194.0.131.149 - - [05/Apr/2017:01:16:10 +0300] "GET /index.php/photogalery/11-mizhkonfesiina-zustrich-2010/detail/169-zustrich-2010.html?tmpl=component&phocadownload=2 HTTP/1.0" 200 134021 "-" "Mozilla/5.0 (compatible; METASpider; +http://meta.ua/spider)"
194.0.131.171 - - [05/Apr/2017:01:16:22 +0300] "GET /index.php/oholoshennia/item/348-%d0%bf%d0%b0%d1%80%d0%b0%d1%84%d1%96%d1%8f%d0%bb%d1%8c%d0%bd%d1%96-%d0%be%d0%b3%d0%be%d0%bb%d0%be%d1%88%d0%b5%d0%bd%d0%bd%d1%8f-%d0%b2%d1%96%d0?-1-%D0%BB%D0%B8%D0%BF%D0%BD%D1%8F-2012-%D1%80%D0%BE%D0%BA%D1%83.html HTTP/1.0" 404 1784 "-" "Mozilla/5.0 (compatible; METASpider; +http://meta.ua/spider)"
194.0.131.149 - - [05/Apr/2017:01:16:34 +0300] "GET /index.php/oholoshennia/item/349-%d0%bf%d0%b0%d1%80%d0%b0%d1%84%d1%96%d1%8f%d0%bb%d1%8c%d0%bd%d1%96-%d0%be%d0%b3%d0%be%d0%bb%d0%be%d1%88%d0%b5%d0%bd%d0%bd%d1%8f-%d0%b2%d1%96%d0?-8-%D0%BB%D0%B8%D0%BF%D0%BD%D1%8F-2012-%D1%80%D0%BE%D0%BA%D1%83.html HTTP/1.0" 404 1784 "-" "Mozilla/5.0 (compatible; METASpider; +http://meta.ua/spider)"
194.0.131.180 - - [05/Apr/2017:01:16:36 +0300] "GET /index.php/statti/item/511-rozmova-z-diyakonom-gzhegozhom.html HTTP/1.0" 200 15105 "-" "Mozilla/5.0 (compatible; METASpider; +http://meta.ua/spider)"
194.0.131.149 - - [05/Apr/2017:01:16:45 +0300] "GET /index.php/photogalery/13-palomnytstvo-do-pochaieva-2010/detail/175-pochaiv-2010.html?tmpl=component&phocadownload=2 HTTP/1.0" 200 289262 "-" "Mozilla/5.0 (compatible; METASpider; +http://meta.ua/spider)"
194.0.131.149 - - [05/Apr/2017:01:16:58 +0300] "GET /index.php/photogalery/13-palomnytstvo-do-pochaieva-2010/detail/176-pochaiv-2010.html?tmpl=component&phocadownload=2 HTTP/1.0" 200 200291 "-" "Mozilla/5.0 (compatible; METASpider; +http://meta.ua/spider)"
194.0.131.149 - - [05/Apr/2017:01:17:11 +0300] "GET /index.php/photogalery/13-palomnytstvo-do-pochaieva-2010/detail/177-pochaiv-2010.html?tmpl=component&phocadownload=2 HTTP/1.0" 200 209833 "-" "Mozilla/5.0 (compatible; METASpider; +http://meta.ua/spider)"
