178.154.149.9 - - [05/Apr/2017:01:48:04 +0300] "GET /index.php?start=30 HTTP/1.0" 200 16220 "-" "Mozilla/5.0 (compatible; YandexBot/3.0; +http://yandex.com/bots)"
178.154.149.9 - - [05/Apr/2017:01:48:08 +0300] "GET /index.php/news/item/757-vidvidini-magalyanskogo-dityachogo-budinku.html HTTP/1.0" 200 15536 "-" "Mozilla/5.0 (compatible; YandexBot/3.0; +http://yandex.com/bots)"
93.158.152.81 - - [05/Apr/2017:01:48:12 +0300] "GET /index.php/statti.html?start=45 HTTP/1.0" 200 15496 "-" "Mozilla/5.0 (compatible; YandexBot/3.0; +http://yandex.com/bots)"
141.8.183.16 - - [05/Apr/2017:01:48:16 +0300] "GET /index.php/oholoshennia.html?start=55 HTTP/1.0" 200 15011 "-" "Mozilla/5.0 (compatible; YandexBot/3.0; +http://yandex.com/bots)"
141.8.132.48 - - [05/Apr/2017:01:48:20 +0300] "GET /index.php/oholoshennia/item/328-%d0%bf%d0%b0%d1%80%d0%b0%d1%84%d1%96%d1%8f%d0%bb%d1%8c%d0%bd%d1%96-%d0%be%d0%b3%d0%be%d0%bb%d0%be%d1%88%d0%b5%d0%bd%d0%bd%d1%8f-%d0%b2%d1%96%d0%b4-1-%d0%ba%d0%b2%d1%96%d1%82%d0%bd%d1%8f-2012-%d1%80%d0%be%d0%ba%d1%83.html HTTP/1.0" 200 15610 "-" "Mozilla/5.0 (compatible; YandexBot/3.0; +http://yandex.com/bots)"
178.154.149.9 - - [05/Apr/2017:01:48:24 +0300] "GET /index.php/news/item/778-palomnitstvo-do-svyatih-mists-ternopilschini.html HTTP/1.0" 200 16370 "-" "Mozilla/5.0 (compatible; YandexBot/3.0; +http://yandex.com/bots)"
178.154.200.36 - - [05/Apr/2017:01:48:29 +0300] "GET /index.php/oholoshennia/item/533-parafiyalni-ogoloshennya-vid-29-grudnya-2013-roku.html HTTP/1.0" 200 15780 "-" "Mozilla/5.0 (compatible; YandexBot/3.0; +http://yandex.com/bots)"
178.154.200.36 - - [05/Apr/2017:01:48:33 +0300] "GET /index.php/news/item/595-persha-richnitsya-svyatogo-prichastya.html HTTP/1.0" 200 13613 "-" "Mozilla/5.0 (compatible; YandexBot/3.0; +http://yandex.com/bots)"
178.154.200.36 - - [05/Apr/2017:01:48:37 +0300] "GET /index.php?start=10 HTTP/1.0" 200 16082 "-" "Mozilla/5.0 (compatible; YandexBot/3.0; +http://yandex.com/bots)"
178.154.149.9 - - [05/Apr/2017:01:48:42 +0300] "GET /index.php/oholoshennia/item/763-parafiyalni-ogoloshennya-vid-3-kvitnya-2016-roku.html HTTP/1.0" 200 14897 "-" "Mozilla/5.0 (compatible; YandexBot/3.0; +http://yandex.com/bots)"
178.154.200.36 - - [05/Apr/2017:01:48:41 +0300] "GET /index.php/statti/item/770-muzika-organu-ta-violoncheli-u-chernivetskomu-kosteli.html HTTP/1.0" 200 18317 "-" "Mozilla/5.0 (compatible; YandexBot/3.0; +http://yandex.com/bots)"
141.8.132.48 - - [05/Apr/2017:01:48:46 +0300] "GET /index.php/news/item/582-kardinal-mar%e2%80%99yan-yavorskiy-stav-lyudinoyu-roku-v-polschi.html HTTP/1.0" 200 14581 "-" "Mozilla/5.0 (compatible; YandexBot/3.0; +http://yandex.com/bots)"
178.154.149.9 - - [05/Apr/2017:01:48:47 +0300] "GET /index.php?start=200 HTTP/1.0" 200 16474 "-" "Mozilla/5.0 (compatible; YandexBot/3.0; +http://yandex.com/bots)"
141.8.132.48 - - [05/Apr/2017:01:48:50 +0300] "GET /index.php/photogalery/category/36-rekolektsii-dlia-ditei-polshcha-brenna-2011.html?start=20 HTTP/1.0" 200 14422 "-" "Mozilla/5.0 (compatible; YandexBot/3.0; +http://yandex.com/bots)"
141.8.132.48 - - [05/Apr/2017:01:48:51 +0300] "GET /index.php?start=115 HTTP/1.0" 200 16057 "-" "Mozilla/5.0 (compatible; YandexBot/3.0; +http://yandex.com/bots)"
178.154.200.36 - - [05/Apr/2017:01:48:54 +0300] "GET /index.php/oholoshennia/item/464-parafiyalni-ogoloshennya-vid-7-lipnya-2013-roku.html HTTP/1.0" 200 14597 "-" "Mozilla/5.0 (compatible; YandexBot/3.0; +http://yandex.com/bots)"
141.8.132.48 - - [05/Apr/2017:01:48:55 +0300] "GET /index.php/statti/item/652-kc-marek-gulik-dlya-viznachennya-hristiyanstva-ne-treba-bagato-mudrosti-i-filosofiyi-bo-vse-prosto-%e2%80%93-tse-lyubov-vira-ta-vzaemodopomoga.html HTTP/1.0" 200 15985 "-" "Mozilla/5.0 (compatible; YandexBot/3.0; +http://yandex.com/bots)"
141.8.132.48 - - [05/Apr/2017:01:48:58 +0300] "GET /index.php/oholoshennia/item/555-parafiyalni-ogoloshennya-vid-2-bereznya-2014-roku.html HTTP/1.0" 200 15209 "-" "Mozilla/5.0 (compatible; YandexBot/3.0; +http://yandex.com/bots)"
178.154.149.9 - - [05/Apr/2017:01:49:00 +0300] "GET /index.php/news/item/532-rizdvo-hristove-na-bukovini.html HTTP/1.0" 200 13891 "-" "Mozilla/5.0 (compatible; YandexBot/3.0; +http://yandex.com/bots)"
178.154.200.36 - - [05/Apr/2017:01:49:03 +0300] "GET /index.php/oholoshennia.html?start=45 HTTP/1.0" 200 15372 "-" "Mozilla/5.0 (compatible; YandexBot/3.0; +http://yandex.com/bots)"
178.154.149.9 - - [05/Apr/2017:01:49:04 +0300] "GET /index.php/news/item/521-svyatiy-mikolay-u-chernivtsyah.html HTTP/1.0" 200 14792 "-" "Mozilla/5.0 (compatible; YandexBot/3.0; +http://yandex.com/bots)"
141.8.132.48 - - [05/Apr/2017:01:49:07 +0300] "GET /index.php/oholoshennia/item/686-parafiyalni-ogoloshennya-vid-8-bereznya-2015-roku.html HTTP/1.0" 200 15368 "-" "Mozilla/5.0 (compatible; YandexBot/3.0; +http://yandex.com/bots)"
178.154.149.9 - - [05/Apr/2017:01:49:09 +0300] "GET /index.php/yuvilei-200-littia/item/618-naukovo-praktichna-konfentsiya-z-nagodi-200-littya-osvyachennya-kostelu.html HTTP/1.0" 200 16196 "-" "Mozilla/5.0 (compatible; YandexBot/3.0; +http://yandex.com/bots)"
141.8.132.48 - - [05/Apr/2017:01:49:11 +0300] "GET /index.php/oholoshennia/item/737-parafiyalni-ogoloshennya-vid-17-sichnya-2016-roku.html HTTP/1.0" 200 15673 "-" "Mozilla/5.0 (compatible; YandexBot/3.0; +http://yandex.com/bots)"
194.0.131.149 - - [05/Apr/2017:01:49:12 +0300] "GET /index.php/photogalery/category/24-festyn-2008-rik.html?start=20 HTTP/1.0" 200 13255 "-" "Mozilla/5.0 (compatible; METASpider; +http://meta.ua/spider)"
141.8.183.16 - - [05/Apr/2017:01:49:14 +0300] "GET /index.php/oholoshennia/item/579-programa-svyatih-misiy.html HTTP/1.0" 200 15991 "-" "Mozilla/5.0 (compatible; YandexBot/3.0; +http://yandex.com/bots)"
194.0.131.149 - - [05/Apr/2017:01:49:18 +0300] "GET /index.php/photogalery/25-rekolektsii-dlia-ditei-2008-rik/detail/274-rekolektsii.html?tmpl=component&phocaslideshow=0 HTTP/1.0" 200 2234 "-" "Mozilla/5.0 (compatible; METASpider; +http://meta.ua/spider)"
141.8.132.48 - - [05/Apr/2017:01:49:15 +0300] "GET /index.php/photogalery/category/42-vidpochynok-na-tsetsyno-2013.html HTTP/1.0" 200 13601 "-" "Mozilla/5.0 (compatible; YandexBot/3.0; +http://yandex.com/bots)"
141.8.183.16 - - [05/Apr/2017:01:49:19 +0300] "GET /index.php?start=385 HTTP/1.0" 200 15854 "-" "Mozilla/5.0 (compatible; YandexBot/3.0; +http://yandex.com/bots)"
178.154.149.9 - - [05/Apr/2017:01:49:20 +0300] "GET /index.php/photogalery/category/33-remont-dakhu-kostelu-2012.html?start=20 HTTP/1.0" 200 14274 "-" "Mozilla/5.0 (compatible; YandexBot/3.0; +http://yandex.com/bots)"
178.154.200.36 - - [05/Apr/2017:01:49:23 +0300] "GET /index.php/kitsmanskyi/luzhany.html HTTP/1.0" 200 13470 "-" "Mozilla/5.0 (compatible; YandexBot/3.0; +http://yandex.com/bots)"
141.8.183.16 - - [05/Apr/2017:01:49:25 +0300] "GET /index.php/oholoshennia/item/703-parafiyalni-ogoloshennya-vid-20-veresnya-2015-roku.html HTTP/1.0" 200 14584 "-" "Mozilla/5.0 (compatible; YandexBot/3.0; +http://yandex.com/bots)"
194.0.131.135 - - [05/Apr/2017:01:49:30 +0300] "GET /index.php/photogalery/25-rekolektsii-dlia-ditei-2008-rik/detail/275-rekolektsii.html?tmpl=component&phocaslideshow=0 HTTP/1.0" 200 2232 "-" "Mozilla/5.0 (compatible; METASpider; +http://meta.ua/spider)"
141.8.132.48 - - [05/Apr/2017:01:49:28 +0300] "GET /index.php?start=91 HTTP/1.0" 200 16023 "-" "Mozilla/5.0 (compatible; YandexBot/3.0; +http://yandex.com/bots)"
178.154.200.36 - - [05/Apr/2017:01:49:31 +0300] "GET /index.php/oholoshennia/item/386-%d0%bf%d0%b0%d1%80%d0%b0%d1%84%d1%96%d1%8f%d0%bb%d1%8c%d0%bd%d1%96-%d0%be%d0%b3%d0%be%d0%bb%d0%be%d1%88%d0%b5%d0%bd%d0%bd%d1%8f-%d0%b2%d1%96%d0%b4-18-%d0%bb%d0%b8%d1%81%d1%82%d0%be%d0%bf%d0%b0%d0%b4%d0%b0-2012-%d1%80%d0%be%d0%ba%d1%83.html HTTP/1.0" 200 14971 "-" "Mozilla/5.0 (compatible; YandexBot/3.0; +http://yandex.com/bots)"
141.8.183.16 - - [05/Apr/2017:01:49:32 +0300] "GET /index.php/statti/item/649-duh-molitvi-svyatogo-yoana-pavla-ii-buv-prisutniy-i-na-nashiy-hresniy-dorozi.html HTTP/1.0" 200 16569 "-" "Mozilla/5.0 (compatible; YandexBot/3.0; +http://yandex.com/bots)"
178.154.200.36 - - [05/Apr/2017:01:49:36 +0300] "GET /index.php/photogalery/category/37-festyn-2011.html HTTP/1.0" 200 14192 "-" "Mozilla/5.0 (compatible; YandexBot/3.0; +http://yandex.com/bots)"
178.154.200.36 - - [05/Apr/2017:01:49:37 +0300] "GET /index.php/photogalery/category/33-remont-dakhu-kostelu-2012.html?limitstart=0 HTTP/1.0" 200 14262 "-" "Mozilla/5.0 (compatible; YandexBot/3.0; +http://yandex.com/bots)"
194.0.131.149 - - [05/Apr/2017:01:49:42 +0300] "GET /index.php/photogalery/25-rekolektsii-dlia-ditei-2008-rik/detail/276-rekolektsii.html?tmpl=component&phocaslideshow=0 HTTP/1.0" 200 2234 "-" "Mozilla/5.0 (compatible; METASpider; +http://meta.ua/spider)"
178.154.200.36 - - [05/Apr/2017:01:49:40 +0300] "GET /index.php/oholoshennia/item/552-parafiyalni-ogoloshennya-vid-16-lyutogo-2014-roku.html HTTP/1.0" 200 14973 "-" "Mozilla/5.0 (compatible; YandexBot/3.0; +http://yandex.com/bots)"
141.8.132.48 - - [05/Apr/2017:01:49:41 +0300] "GET /index.php?start=220 HTTP/1.0" 200 16172 "-" "Mozilla/5.0 (compatible; YandexBot/3.0; +http://yandex.com/bots)"
141.8.132.48 - - [05/Apr/2017:01:49:44 +0300] "GET /index.php/oholoshennia/item/682-novi-kandidati-u-ministranti.html HTTP/1.0" 200 14877 "-" "Mozilla/5.0 (compatible; YandexBot/3.0; +http://yandex.com/bots)"
178.154.149.9 - - [05/Apr/2017:01:49:46 +0300] "GET /index.php/oholoshennia/item/808-peregrinatsiya-obrazu-miloserdnogo-isusa-programa.html HTTP/1.0" 200 13777 "-" "Mozilla/5.0 (compatible; YandexBot/3.0; +http://yandex.com/bots)"
141.8.132.48 - - [05/Apr/2017:01:49:49 +0300] "GET /index.php/oholoshennia/item/382-%d0%bf%d0%b0%d1%80%d0%b0%d1%84%d1%96%d1%8f%d0%bb%d1%8c%d0%bd%d1%96-%d0%be%d0%b3%d0%be%d0%bb%d0%be%d1%88%d0%b5%d0%bd%d0%bd%d1%8f-%d0%b2%d1%96%d0%b4-4-%d0%bb%d0%b8%d1%81%d1%82%d0%be%d0%bf%d0%b0%d0%b4%d0%b0-2012-%d1%80%d0%be%d0%ba%d1%83.html HTTP/1.0" 200 15124 "-" "Mozilla/5.0 (compatible; YandexBot/3.0; +http://yandex.com/bots)"
178.154.200.36 - - [05/Apr/2017:01:49:50 +0300] "GET /index.php/oholoshennia/item/753-parafiyalni-ogoloshennya-vid-20-bereznya-2016-roku.html HTTP/1.0" 200 15298 "-" "Mozilla/5.0 (compatible; YandexBot/3.0; +http://yandex.com/bots)"
194.0.131.176 - - [05/Apr/2017:01:49:54 +0300] "GET /index.php/photogalery/25-rekolektsii-dlia-ditei-2008-rik/detail/282-rekolektsii.html?tmpl=component&phocaslideshow=0 HTTP/1.0" 200 2218 "-" "Mozilla/5.0 (compatible; METASpider; +http://meta.ua/spider)"
141.8.183.16 - - [05/Apr/2017:01:49:53 +0300] "GET /index.php/oholoshennia.html?start=185 HTTP/1.0" 200 15168 "-" "Mozilla/5.0 (compatible; YandexBot/3.0; +http://yandex.com/bots)"
178.154.200.36 - - [05/Apr/2017:01:49:54 +0300] "GET /index.php/news/item/547-vira-u-zhitti-lyudini.html HTTP/1.0" 200 13985 "-" "Mozilla/5.0 (compatible; YandexBot/3.0; +http://yandex.com/bots)"
194.0.131.149 - - [05/Apr/2017:01:49:57 +0300] "GET /index.php/statti/item/545-tserkva-ne-mozhe-stoyati-ostoron.html HTTP/1.0" 200 19830 "-" "Mozilla/5.0 (compatible; METASpider; +http://meta.ua/spider)"
178.154.200.36 - - [05/Apr/2017:01:49:57 +0300] "GET /index.php/oholoshennia/item/501-parafiyalni-ogoloshennya-vid-20-zhovtnya-2013-roku.html HTTP/1.0" 200 15343 "-" "Mozilla/5.0 (compatible; YandexBot/3.0; +http://yandex.com/bots)"
141.8.132.48 - - [05/Apr/2017:01:49:59 +0300] "GET /index.php/statti.html?start=75 HTTP/1.0" 200 15620 "-" "Mozilla/5.0 (compatible; YandexBot/3.0; +http://yandex.com/bots)"
178.154.200.36 - - [05/Apr/2017:01:50:01 +0300] "GET /index.php/oholoshennia/item/704-parafiyalni-ogoloshennya-vid-27-veresnya-2015-roku.html HTTP/1.0" 200 15485 "-" "Mozilla/5.0 (compatible; YandexBot/3.0; +http://yandex.com/bots)"
194.0.131.149 - - [05/Apr/2017:01:50:07 +0300] "GET /index.php/photogalery/25-rekolektsii-dlia-ditei-2008-rik/detail/277-rekolektsii.html?phocaslideshow=1&tmpl=component HTTP/1.0" 200 2149 "-" "Mozilla/5.0 (compatible; METASpider; +http://meta.ua/spider)"
141.8.183.16 - - [05/Apr/2017:01:50:03 +0300] "GET /index.php/news.html?start=110 HTTP/1.0" 200 14450 "-" "Mozilla/5.0 (compatible; YandexBot/3.0; +http://yandex.com/bots)"
178.154.200.36 - - [05/Apr/2017:01:50:06 +0300] "GET /index.php/statti/item/419-hhi-vsesvitniy-den-hvorogo.html HTTP/1.0" 200 14557 "-" "Mozilla/5.0 (compatible; YandexBot/3.0; +http://yandex.com/bots)"
178.154.149.9 - - [05/Apr/2017:01:50:08 +0300] "GET /index.php/%d0%bf%d0%be%d1%80%d1%8f%d0%b4%d0%be%d0%ba-%d1%81%d0%b2%d1%8f%d1%82%d0%b8%d1%85-%d0%bc%d0%b5%d1%81-%d0%b2-%d1%87%d0%b5%d1%80%d0%bd%d1%96%d0%b2%d0%b5%d1%86%d1%8c%d0%ba%d0%be%d0%bc%d1%83-%d0%b4%d0%b5%d0%ba%d0%b0%d0%bd%d0%b0%d1%82%d1%96.html HTTP/1.0" 200 13950 "-" "Mozilla/5.0 (compatible; YandexBot/3.0; +http://yandex.com/bots)"
141.8.183.16 - - [05/Apr/2017:01:50:13 +0300] "GET /index.php/oholoshennia/item/799-parafiyalni-ogoloshennya-vid-7-serpnya-2016-roku.html HTTP/1.0" 200 14515 "-" "Mozilla/5.0 (compatible; YandexBot/3.0; +http://yandex.com/bots)"
178.154.200.36 - - [05/Apr/2017:01:50:17 +0300] "GET /index.php/news/item/381-%d0%b4%d0%b5%d0%bd%d1%8c-%d0%b7%d0%be%d1%81%d0%b5%d1%80%d0%b5%d0%b4%d0%b6%d0%b5%d0%bd%d0%bd%d1%8f-%d0%b4%d0%bb%d1%8f-%d0%b4%d1%96%d1%82%d0%b5%d0%b9.html HTTP/1.0" 200 15185 "-" "Mozilla/5.0 (compatible; YandexBot/3.0; +http://yandex.com/bots)"
194.0.131.181 - - [05/Apr/2017:01:50:21 +0300] "GET /index.php/photogalery/25-rekolektsii-dlia-ditei-2008-rik/detail/278-rekolektsii.html?phocaslideshow=1&tmpl=component HTTP/1.0" 200 2149 "-" "Mozilla/5.0 (compatible; METASpider; +http://meta.ua/spider)"
141.8.183.16 - - [05/Apr/2017:01:50:22 +0300] "GET /index.php/statti/item/518-vira-nemov-duhovna-kvitka.html HTTP/1.0" 200 14838 "-" "Mozilla/5.0 (compatible; YandexBot/3.0; +http://yandex.com/bots)"
141.8.183.16 - - [05/Apr/2017:01:50:27 +0300] "GET /index.php/yuvilei-200-littia/item/598-nastoyatel-pro-yuviley-200-richchya.html HTTP/1.0" 200 13465 "-" "Mozilla/5.0 (compatible; YandexBot/3.0; +http://yandex.com/bots)"
194.0.131.149 - - [05/Apr/2017:01:50:34 +0300] "GET /index.php/photogalery/25-rekolektsii-dlia-ditei-2008-rik/detail/279-rekolektsii.html?phocaslideshow=1&tmpl=component HTTP/1.0" 200 2150 "-" "Mozilla/5.0 (compatible; METASpider; +http://meta.ua/spider)"
178.154.200.36 - - [05/Apr/2017:01:50:31 +0300] "GET /index.php/statti/item/605-divo-v-chernivtsyah-zhinka-povernulasya-do-zhittya-pislya-pivrichnoyi-komi.html HTTP/1.0" 200 17409 "-" "Mozilla/5.0 (compatible; YandexBot/3.0; +http://yandex.com/bots)"
178.154.200.36 - - [05/Apr/2017:01:50:37 +0300] "GET /index.php?start=180 HTTP/1.0" 200 16897 "-" "Mozilla/5.0 (compatible; YandexBot/3.0; +http://yandex.com/bots)"
194.0.131.147 - - [05/Apr/2017:01:50:42 +0300] "GET /index.php/photogalery/category/37-festyn-2011.html?limitstart=0 HTTP/1.0" 200 14253 "-" "Mozilla/5.0 (compatible; METASpider; +http://meta.ua/spider)"
141.8.183.16 - - [05/Apr/2017:01:50:41 +0300] "GET /index.php/news/item/821-vizit-svyatogo-mikolaya.html HTTP/1.0" 200 15128 "-" "Mozilla/5.0 (compatible; YandexBot/3.0; +http://yandex.com/bots)"
194.0.131.149 - - [05/Apr/2017:01:50:47 +0300] "GET /index.php/photogalery/25-rekolektsii-dlia-ditei-2008-rik/detail/280-rekolektsii.html?phocaslideshow=1&tmpl=component HTTP/1.0" 200 2151 "-" "Mozilla/5.0 (compatible; METASpider; +http://meta.ua/spider)"
178.154.200.36 - - [05/Apr/2017:01:50:47 +0300] "GET /index.php?start=445 HTTP/1.0" 200 16811 "-" "Mozilla/5.0 (compatible; YandexBot/3.0; +http://yandex.com/bots)"
141.8.132.48 - - [05/Apr/2017:01:50:53 +0300] "GET /index.php/news/item/835-futbolniy-turnir-v-ivano-frankivsku.html?_escaped_fragment_=prettyPhoto[gallery95553f40d2]/1/ HTTP/1.0" 200 16039 "-" "Mozilla/5.0 (compatible; YandexBot/3.0; +http://yandex.com/bots)"
194.0.131.180 - - [05/Apr/2017:01:51:00 +0300] "GET /index.php/photogalery/25-rekolektsii-dlia-ditei-2008-rik/detail/281-rekolektsii.html?phocaslideshow=1&tmpl=component HTTP/1.0" 200 2148 "-" "Mozilla/5.0 (compatible; METASpider; +http://meta.ua/spider)"
178.154.149.9 - - [05/Apr/2017:01:50:57 +0300] "GET /index.php?start=65 HTTP/1.0" 200 16503 "-" "Mozilla/5.0 (compatible; YandexBot/3.0; +http://yandex.com/bots)"
94.50.195.22 - - [05/Apr/2017:01:51:02 +0300] "GET /index.php/communities/sprava-kolpinha HTTP/1.0" 302 - "http://go.mail.ru/redir?q=%D0%BC%D0%B0%D1%80%D0%B5%D0%BA%20%D0%B4%D1%80%D0%BE%D0%B7%D0%B4%D1%96%D0%BA%20%D1%81%D0%B2%D1%8F%D1%89%D0%B5%D0%BD%D0%BD%D0%B8%D0%BA%20%D0%BC%20.%20%D1%87%D0%B5%D1%80%D0%BD%D1%96%D0%B2%D1%86%D1%96&via_page=1&type=sr&redir=eJzLKCkpsNLXLy8v1yvKTtZLLtMrTdTPzEtJrdAryCjQT87PzS3NyyzJTC3WLy4oSixL1M3OzynIzMtIZLiw58KGiw0Xtl7YpXBhC5Cx78J2ID0NyL3YeGHTxf6LnUC5vUC4A6Rij4KewsX2C1uBCvcCFW262HZxGoOhiaWhibGRqYklg_WiOwWm-lqOPqtZT4l8zwwEAOy4S2I" "Mozilla/5.0 (Windows NT 6.1; WOW64) AppleWebKit/537.36 (KHTML, like Gecko) Chrome/56.0.2924.87 Safari/537.36"
178.154.200.36 - - [05/Apr/2017:01:50:59 +0300] "GET /index.php/oholoshennia/item/741-parafiyalni-ogoloshennya-vid-31-sichnya-2016-roku.html HTTP/1.0" 200 15552 "-" "Mozilla/5.0 (compatible; YandexBot/3.0; +http://yandex.com/bots)"
178.154.200.36 - - [05/Apr/2017:01:51:01 +0300] "GET /index.php/oholoshennia/item/738-parafiyalni-ogoloshennya-vid-24-sichnya-2016-roku.html HTTP/1.0" 200 15458 "-" "Mozilla/5.0 (compatible; YandexBot/3.0; +http://yandex.com/bots)"
178.154.200.36 - - [05/Apr/2017:01:51:03 +0300] "GET /index.php/statti/item/515-prirodniy-metod-chi-metod-yakiy-vbivae-tebe-ta-tvoyu-ditinu?.html HTTP/1.0" 200 18228 "-" "Mozilla/5.0 (compatible; YandexBot/3.0; +http://yandex.com/bots)"
141.8.132.48 - - [05/Apr/2017:01:51:05 +0300] "GET /index.php/oholoshennia/item/410-parafiyalni-ogoloshennya-vid-20-sichnya-2013-roku.html HTTP/1.0" 200 15137 "-" "Mozilla/5.0 (compatible; YandexBot/3.0; +http://yandex.com/bots)"
141.8.183.16 - - [05/Apr/2017:01:51:07 +0300] "GET /index.php/yuvilei-200-littia/item/604-pershomu-murovanomu-hramu-chernivtsiv-%e2%80%93-200-rokiv.html HTTP/1.0" 200 17036 "-" "Mozilla/5.0 (compatible; YandexBot/3.0; +http://yandex.com/bots)"
194.0.131.153 - - [05/Apr/2017:01:51:11 +0300] "GET /index.php/photogalery/25-rekolektsii-dlia-ditei-2008-rik/detail/277-rekolektsii.html?tmpl=component&phocaslideshow=0 HTTP/1.0" 200 2233 "-" "Mozilla/5.0 (compatible; METASpider; +http://meta.ua/spider)"
178.154.149.9 - - [05/Apr/2017:01:51:09 +0300] "GET /index.php/news.html?start=115 HTTP/1.0" 200 14458 "-" "Mozilla/5.0 (compatible; YandexBot/3.0; +http://yandex.com/bots)"
178.154.149.9 - - [05/Apr/2017:01:51:13 +0300] "GET /index.php/oholoshennia/item/569-parafiyalni-ogoloshennya-vid-13-kvitnya-2014-roku.html HTTP/1.0" 200 15421 "-" "Mozilla/5.0 (compatible; YandexBot/3.0; +http://yandex.com/bots)"
178.154.200.36 - - [05/Apr/2017:01:51:17 +0300] "GET /index.php/statti/item/530-interv%e2%80%99yu-z-ottsem-kanonikom-anatoliem-zayachkivskim.html HTTP/1.0" 200 15881 "-" "Mozilla/5.0 (compatible; YandexBot/3.0; +http://yandex.com/bots)"
194.0.131.149 - - [05/Apr/2017:01:51:22 +0300] "GET /index.php/photogalery/25-rekolektsii-dlia-ditei-2008-rik/detail/278-rekolektsii.html?tmpl=component&phocaslideshow=0 HTTP/1.0" 200 2233 "-" "Mozilla/5.0 (compatible; METASpider; +http://meta.ua/spider)"
141.8.132.48 - - [05/Apr/2017:01:51:22 +0300] "GET /index.php/news/item/762-hresna-hoda-vulitsyami-mista.html HTTP/1.0" 200 15715 "-" "Mozilla/5.0 (compatible; YandexBot/3.0; +http://yandex.com/bots)"
141.8.183.16 - - [05/Apr/2017:01:51:28 +0300] "GET /index.php/news/item/516-gurt-animachristi-na-konkursi-religiynoyi-pisni.html HTTP/1.0" 200 14518 "-" "Mozilla/5.0 (compatible; YandexBot/3.0; +http://yandex.com/bots)"
194.0.131.184 - - [05/Apr/2017:01:51:27 +0300] "GET /index.php/photogalery/16-zustrich-zi-studentamy-litseiu/detail/ HTTP/1.0" 200 14624 "-" "Mozilla/5.0 (compatible; METASpider; +http://meta.ua/spider)"
194.0.131.149 - - [05/Apr/2017:01:51:34 +0300] "GET /index.php/photogalery/25-rekolektsii-dlia-ditei-2008-rik/detail/279-rekolektsii.html?tmpl=component&phocaslideshow=0 HTTP/1.0" 200 2235 "-" "Mozilla/5.0 (compatible; METASpider; +http://meta.ua/spider)"
141.8.183.16 - - [05/Apr/2017:01:51:32 +0300] "GET /index.php/news/item/708-scho-spilnogo-mizh-ministrom-ta-ministrantom?.html HTTP/1.0" 200 16057 "-" "Mozilla/5.0 (compatible; YandexBot/3.0; +http://yandex.com/bots)"
178.154.200.36 - - [05/Apr/2017:01:51:39 +0300] "GET /index.php/statti/item/499-voni-vryatuvali-viru.html HTTP/1.0" 200 17885 "-" "Mozilla/5.0 (compatible; YandexBot/3.0; +http://yandex.com/bots)"
194.0.131.161 - - [05/Apr/2017:01:51:46 +0300] "GET /index.php/photogalery/25-rekolektsii-dlia-ditei-2008-rik/detail/280-rekolektsii.html?tmpl=component&phocaslideshow=0 HTTP/1.0" 200 2235 "-" "Mozilla/5.0 (compatible; METASpider; +http://meta.ua/spider)"
141.8.183.16 - - [05/Apr/2017:01:51:43 +0300] "GET /index.php/oholoshennia/item/685-parafiyalni-ogoloshennya-vid-1-bereznya-2015-roku.html HTTP/1.0" 200 15125 "-" "Mozilla/5.0 (compatible; YandexBot/3.0; +http://yandex.com/bots)"
141.8.183.16 - - [05/Apr/2017:01:51:47 +0300] "GET /index.php/news/item/383-%d1%88%d0%b5%d0%b4%d0%b5%d0%b2%d1%80%d0%b8-%d0%b4%d1%83%d1%85%d0%be%d0%b2%d0%bd%d0%be%d1%97-%d0%bc%d1%83%d0%b7%d0%b8%d0%ba%d0%b8-%d1%83-%d0%ba%d0%be%d1%81%d1%82%d0%b5%d0%bb%d1%96-%d0%b2%d0%be%d0%b7%d0%b4%d0%b2%d0%b8%d0%b6%d0%b5%d0%bd%d0%bd%d1%8f-%d1%81%d0%b2%d1%8f%d1%82%d0%be%d0%b3%d0%be-%d1%85%d1%80%d0%b5%d1%81%d1%82%d0%b0.html HTTP/1.0" 200 15650 "-" "Mozilla/5.0 (compatible; YandexBot/3.0; +http://yandex.com/bots)"
141.8.132.48 - - [05/Apr/2017:01:51:52 +0300] "GET /index.php/oholoshennia/item/695-parafiyalni-ogoloshennya-vid-26-kvitnya-2015-roku.html HTTP/1.0" 200 15479 "-" "Mozilla/5.0 (compatible; YandexBot/3.0; +http://yandex.com/bots)"
194.0.131.149 - - [05/Apr/2017:01:51:57 +0300] "GET /index.php/photogalery/25-rekolektsii-dlia-ditei-2008-rik/detail/281-rekolektsii.html?tmpl=component&phocaslideshow=0 HTTP/1.0" 200 2232 "-" "Mozilla/5.0 (compatible; METASpider; +http://meta.ua/spider)"
178.154.149.9 - - [05/Apr/2017:01:51:56 +0300] "GET /index.php/statti/item/637-oaza-novogo-zhittya-u-m-dolina.html HTTP/1.0" 200 14699 "-" "Mozilla/5.0 (compatible; YandexBot/3.0; +http://yandex.com/bots)"
178.154.200.36 - - [05/Apr/2017:01:52:00 +0300] "GET /index.php/news/item/527-adventovi-rekolektsiyi-chas-duhovnoyi-vidnovi.html HTTP/1.0" 200 14905 "-" "Mozilla/5.0 (compatible; YandexBot/3.0; +http://yandex.com/bots)"
178.154.200.36 - - [05/Apr/2017:01:52:05 +0300] "GET /index.php/oholoshennia.html?start=205 HTTP/1.0" 200 14544 "-" "Mozilla/5.0 (compatible; YandexBot/3.0; +http://yandex.com/bots)"
194.0.131.143 - - [05/Apr/2017:01:52:09 +0300] "GET /index.php/photogalery/33-remont-dakhu-kostelu-2012/detail/369-2012-05-22-09-35-27.html?tmpl=component&phocadownload=2 HTTP/1.0" 200 215470 "-" "Mozilla/5.0 (compatible; METASpider; +http://meta.ua/spider)"
93.158.152.81 - - [05/Apr/2017:01:52:09 +0300] "GET /index.php?start=160 HTTP/1.0" 200 15963 "-" "Mozilla/5.0 (compatible; YandexBot/3.0; +http://yandex.com/bots)"
141.8.183.16 - - [05/Apr/2017:01:52:14 +0300] "GET /index.php/statti/item/720-ochikuvannya-na-prihid-hrista.html HTTP/1.0" 200 15704 "-" "Mozilla/5.0 (compatible; YandexBot/3.0; +http://yandex.com/bots)"
194.0.131.188 - - [05/Apr/2017:01:52:22 +0300] "GET /index.php/photogalery/33-remont-dakhu-kostelu-2012/detail/370-2012-05-22-09-35-27.html?tmpl=component&phocadownload=2 HTTP/1.0" 200 198030 "-" "Mozilla/5.0 (compatible; METASpider; +http://meta.ua/spider)"
178.154.200.36 - - [05/Apr/2017:01:52:18 +0300] "GET /index.php/news/item/602-vi-arhidietsezialniy-z%e2%80%99yizd-vivtarnoyi-sluzhbi.html HTTP/1.0" 200 15119 "-" "Mozilla/5.0 (compatible; YandexBot/3.0; +http://yandex.com/bots)"
141.8.183.16 - - [05/Apr/2017:01:52:23 +0300] "GET /index.php?start=380 HTTP/1.0" 200 15415 "-" "Mozilla/5.0 (compatible; YandexBot/3.0; +http://yandex.com/bots)"
178.154.200.36 - - [05/Apr/2017:01:52:27 +0300] "GET /index.php/oholoshennia/item/633-parafiyalni-ogoloshennya-vid-27-lipnya-2014-roku.html HTTP/1.0" 200 15013 "-" "Mozilla/5.0 (compatible; YandexBot/3.0; +http://yandex.com/bots)"
141.8.142.214 - - [05/Apr/2017:01:52:32 +0300] "GET /index.php/sestry.html HTTP/1.0" 200 12679 "-" "Mozilla/5.0 (compatible; YandexBot/3.0; +http://yandex.com/bots)"
194.0.131.139 - - [05/Apr/2017:01:52:34 +0300] "GET /index.php/photogalery/32-parafiialnyi-den-khvoroho-2012/detail/ HTTP/1.0" 200 14632 "-" "Mozilla/5.0 (compatible; METASpider; +http://meta.ua/spider)"
194.0.131.149 - - [05/Apr/2017:01:52:41 +0300] "GET /index.php/photogalery/33-remont-dakhu-kostelu-2012/detail/371-2012-05-22-09-35-27.html?tmpl=component&phocadownload=2 HTTP/1.0" 200 175553 "-" "Mozilla/5.0 (compatible; METASpider; +http://meta.ua/spider)"
194.0.131.149 - - [05/Apr/2017:01:52:53 +0300] "GET /index.php/photogalery/33-remont-dakhu-kostelu-2012/detail/372-2012-05-22-09-35-27.html?tmpl=component&phocadownload=2 HTTP/1.0" 200 330488 "-" "Mozilla/5.0 (compatible; METASpider; +http://meta.ua/spider)"
194.0.131.149 - - [05/Apr/2017:01:53:05 +0300] "GET /index.php/photogalery/33-remont-dakhu-kostelu-2012/detail/373-2012-05-22-09-35-27.html?tmpl=component&phocadownload=2 HTTP/1.0" 200 270661 "-" "Mozilla/5.0 (compatible; METASpider; +http://meta.ua/spider)"
194.0.131.149 - - [05/Apr/2017:01:53:17 +0300] "GET /index.php/photogalery/33-remont-dakhu-kostelu-2012/detail/374-2012-05-22-09-35-27.html?tmpl=component&phocadownload=2 HTTP/1.0" 200 241923 "-" "Mozilla/5.0 (compatible; METASpider; +http://meta.ua/spider)"
141.8.132.48 - - [05/Apr/2017:01:53:19 +0300] "GET /index.php/oholoshennia.html?start=85 HTTP/1.0" 200 14956 "-" "Mozilla/5.0 (compatible; YandexBot/3.0; +http://yandex.com/bots)"
141.8.183.16 - - [05/Apr/2017:01:53:24 +0300] "GET /index.php/oholoshennia.html?start=90 HTTP/1.0" 200 14687 "-" "Mozilla/5.0 (compatible; YandexBot/3.0; +http://yandex.com/bots)"
194.0.131.149 - - [05/Apr/2017:01:53:28 +0300] "GET /index.php/photogalery/33-remont-dakhu-kostelu-2012/detail/375-2012-05-22-09-35-27.html?tmpl=component&phocadownload=2 HTTP/1.0" 200 194441 "-" "Mozilla/5.0 (compatible; METASpider; +http://meta.ua/spider)"
141.8.183.16 - - [05/Apr/2017:01:53:28 +0300] "GET /index.php/oholoshennia/item/546-parafiyalni-ogoloshennya-vid-26-sichnya-2014-roku.html HTTP/1.0" 200 15528 "-" "Mozilla/5.0 (compatible; YandexBot/3.0; +http://yandex.com/bots)"
178.154.200.36 - - [05/Apr/2017:01:53:32 +0300] "GET /index.php/news.html?start=20 HTTP/1.0" 200 15558 "-" "Mozilla/5.0 (compatible; YandexBot/3.0; +http://yandex.com/bots)"
194.0.131.149 - - [05/Apr/2017:01:53:40 +0300] "GET /index.php/photogalery/33-remont-dakhu-kostelu-2012/detail/376-2012-05-22-09-35-27.html?tmpl=component&phocadownload=2 HTTP/1.0" 200 182162 "-" "Mozilla/5.0 (compatible; METASpider; +http://meta.ua/spider)"
141.8.183.16 - - [05/Apr/2017:01:53:37 +0300] "GET /index.php/photogalery/category/16-zustrich-zi-studentamy-litseiu.html HTTP/1.0" 200 13387 "-" "Mozilla/5.0 (compatible; YandexBot/3.0; +http://yandex.com/bots)"
194.0.131.149 - - [05/Apr/2017:01:53:41 +0300] "GET /index.php/photogalery/13-palomnytstvo-do-pochaieva-2010/detail/ HTTP/1.0" 200 14642 "-" "Mozilla/5.0 (compatible; METASpider; +http://meta.ua/spider)"
141.8.183.16 - - [05/Apr/2017:01:53:44 +0300] "GET /index.php/photogalery/category/34-pershe-sviate-prychastia-2012 HTTP/1.0" 200 14258 "-" "Mozilla/5.0 (compatible; YandexBot/3.0; +http://yandex.com/bots)"
194.0.131.149 - - [05/Apr/2017:01:53:51 +0300] "GET /index.php/photogalery/33-remont-dakhu-kostelu-2012/detail/377-2012-05-22-09-35-27.html?tmpl=component&phocadownload=2 HTTP/1.0" 200 207744 "-" "Mozilla/5.0 (compatible; METASpider; +http://meta.ua/spider)"
141.8.132.48 - - [05/Apr/2017:01:53:49 +0300] "GET /index.php/oholoshennia.html?start=75 HTTP/1.0" 200 14964 "-" "Mozilla/5.0 (compatible; YandexBot/3.0; +http://yandex.com/bots)"
178.154.200.36 - - [05/Apr/2017:01:53:54 +0300] "GET /index.php/news/item/794-sdm-v-radomskiy-dietseziyi.html HTTP/1.0" 200 16640 "-" "Mozilla/5.0 (compatible; YandexBot/3.0; +http://yandex.com/bots)"
194.0.131.166 - - [05/Apr/2017:01:54:03 +0300] "GET /index.php/photogalery/33-remont-dakhu-kostelu-2012/detail/378-2012-05-22-09-35-27.html?tmpl=component&phocadownload=2 HTTP/1.0" 200 211486 "-" "Mozilla/5.0 (compatible; METASpider; +http://meta.ua/spider)"
178.154.149.9 - - [05/Apr/2017:01:54:01 +0300] "GET /index.php/communities/ministranty HTTP/1.0" 200 14024 "-" "Mozilla/5.0 (compatible; YandexBot/3.0; +http://yandex.com/bots)"
178.154.200.36 - - [05/Apr/2017:01:54:06 +0300] "GET /index.php/oholoshennia/item/347-%d0%bf%d0%b0%d1%80%d0%b0%d1%84%d1%96%d1%8f%d0%bb%d1%8c%d0%bd%d1%96-%d0%be%d0%b3%d0%be%d0%bb%d0%be%d1%88%d0%b5%d0%bd%d0%bd%d1%8f-%d0%b2%d1%96%d0%b4-10-%d1%87%d0%b5%d1%80%d0%b2%d0%bd%d1%8f-2012-%d1%80%d0%be%d0%ba%d1%83 HTTP/1.0" 200 15394 "-" "Mozilla/5.0 (compatible; YandexBot/3.0; +http://yandex.com/bots)"
178.154.200.36 - - [05/Apr/2017:01:54:10 +0300] "GET /index.php/photogalery/category/42-vidpochynok-na-tsetsyno-2013.html HTTP/1.0" 200 13639 "-" "Mozilla/5.0 (compatible; YandexBot/3.0; +http://yandex.com/bots)"
194.0.131.149 - - [05/Apr/2017:01:54:15 +0300] "GET /index.php/photogalery/33-remont-dakhu-kostelu-2012/detail/379-2012-05-22-09-35-27.html?tmpl=component&phocadownload=2 HTTP/1.0" 200 152124 "-" "Mozilla/5.0 (compatible; METASpider; +http://meta.ua/spider)"
178.154.149.9 - - [05/Apr/2017:01:54:15 +0300] "GET /index.php/news/item/475-vidpochinok-u-girskomu-mistechku-manovi.html HTTP/1.0" 200 15102 "-" "Mozilla/5.0 (compatible; YandexBot/3.0; +http://yandex.com/bots)"
178.154.149.9 - - [05/Apr/2017:01:54:20 +0300] "GET /index.php/statti/item/585-schira-podyaka-dobrodiyam-z-polschi.html HTTP/1.0" 200 14805 "-" "Mozilla/5.0 (compatible; YandexBot/3.0; +http://yandex.com/bots)"
194.0.131.149 - - [05/Apr/2017:01:54:27 +0300] "GET /index.php/photogalery/33-remont-dakhu-kostelu-2012/detail/380-2012-05-22-09-35-27.html?tmpl=component&phocadownload=2 HTTP/1.0" 200 195701 "-" "Mozilla/5.0 (compatible; METASpider; +http://meta.ua/spider)"
141.8.183.16 - - [05/Apr/2017:01:54:26 +0300] "GET /index.php/news/item/457-festin-parafiyalne-svyato.html HTTP/1.0" 200 16598 "-" "Mozilla/5.0 (compatible; YandexBot/3.0; +http://yandex.com/bots)"
178.154.200.36 - - [05/Apr/2017:01:54:32 +0300] "GET /index.php/statti/item/473-more-than-100-years-without-repair.html HTTP/1.0" 200 15644 "-" "Mozilla/5.0 (compatible; YandexBot/3.0; +http://yandex.com/bots)"
194.0.131.167 - - [05/Apr/2017:01:54:37 +0300] "GET /index.php/news/item/816-novi-ministranti-v-nashiy-parafiyi.html HTTP/1.0" 200 15487 "-" "Mozilla/5.0 (compatible; METASpider; +http://meta.ua/spider)"
141.8.183.16 - - [05/Apr/2017:01:54:37 +0300] "GET /index.php/oholoshennia/item/403-parafiyalni-ogoloshennya-vid-6-sichnya-2013-roku.html HTTP/1.0" 200 14944 "-" "Mozilla/5.0 (compatible; YandexBot/3.0; +http://yandex.com/bots)"
194.0.131.149 - - [05/Apr/2017:01:54:42 +0300] "GET /index.php/photogalery/33-remont-dakhu-kostelu-2012/detail/381-2012-05-22-09-35-27.html?tmpl=component&phocadownload=2 HTTP/1.0" 200 165068 "-" "Mozilla/5.0 (compatible; METASpider; +http://meta.ua/spider)"
178.154.200.36 - - [05/Apr/2017:01:54:42 +0300] "GET /index.php/oholoshennia/item/743-parafiyalni-ogoloshennya-vid-7-lyutogo-2016-roku.html HTTP/1.0" 200 15331 "-" "Mozilla/5.0 (compatible; YandexBot/3.0; +http://yandex.com/bots)"
194.0.131.146 - - [05/Apr/2017:01:54:54 +0300] "GET /index.php/photogalery/33-remont-dakhu-kostelu-2012/detail/382-2012-05-22-09-35-27.html?tmpl=component&phocadownload=2 HTTP/1.0" 200 178778 "-" "Mozilla/5.0 (compatible; METASpider; +http://meta.ua/spider)"
194.0.131.149 - - [05/Apr/2017:01:55:06 +0300] "GET /index.php/photogalery/33-remont-dakhu-kostelu-2012/detail/383-2012-05-22-09-35-27.html?tmpl=component&phocadownload=2 HTTP/1.0" 200 160873 "-" "Mozilla/5.0 (compatible; METASpider; +http://meta.ua/spider)"
194.0.131.149 - - [05/Apr/2017:01:55:18 +0300] "GET /index.php/photogalery/33-remont-dakhu-kostelu-2012/detail/384-2012-05-22-09-35-27.html?tmpl=component&phocadownload=2 HTTP/1.0" 200 225103 "-" "Mozilla/5.0 (compatible; METASpider; +http://meta.ua/spider)"
194.0.131.149 - - [05/Apr/2017:01:55:22 +0300] "GET /index.php/photogalery/category/33-remont-dakhu-kostelu-2012.html HTTP/1.0" 200 14262 "-" "Mozilla/5.0 (compatible; METASpider; +http://meta.ua/spider)"
194.0.131.149 - - [05/Apr/2017:01:55:29 +0300] "GET /index.php/photogalery/33-remont-dakhu-kostelu-2012/detail/385-2012-05-22-09-35-27.html?tmpl=component&phocadownload=2 HTTP/1.0" 200 253705 "-" "Mozilla/5.0 (compatible; METASpider; +http://meta.ua/spider)"
141.8.183.16 - - [05/Apr/2017:01:55:35 +0300] "GET /index.php/photogalery/category/7-instsenovana-khresna-doroha.html HTTP/1.0" 200 13660 "-" "Mozilla/5.0 (compatible; YandexBot/3.0; +http://yandex.com/bots)"
194.0.131.149 - - [05/Apr/2017:01:55:42 +0300] "GET /index.php/photogalery/33-remont-dakhu-kostelu-2012/detail/386-2012-05-22-09-35-27.html?tmpl=component&phocadownload=2 HTTP/1.0" 200 255741 "-" "Mozilla/5.0 (compatible; METASpider; +http://meta.ua/spider)"
141.8.132.48 - - [05/Apr/2017:01:55:39 +0300] "GET /index.php/oholoshennia/item/636-parafiyalni-ogoloshennya-vid-3-serpnya-2014-roku.html HTTP/1.0" 200 14684 "-" "Mozilla/5.0 (compatible; YandexBot/3.0; +http://yandex.com/bots)"
141.8.183.16 - - [05/Apr/2017:01:55:43 +0300] "GET /index.php/oholoshennia/item/845-parafiyalni-ogoloshennya-vid-26-lyutogo-2017-roku.html HTTP/1.0" 200 14772 "-" "Mozilla/5.0 (compatible; YandexBot/3.0; +http://yandex.com/bots)"
141.8.132.48 - - [05/Apr/2017:01:55:47 +0300] "GET /index.php/oholoshennia/item/548-parafiyalni-ogoloshennya-vid-2-lyutogo-2014-roku.html HTTP/1.0" 200 15266 "-" "Mozilla/5.0 (compatible; YandexBot/3.0; +http://yandex.com/bots)"
194.0.131.149 - - [05/Apr/2017:01:55:53 +0300] "GET /index.php/photogalery/33-remont-dakhu-kostelu-2012/detail/387-2012-05-23-11-35-22.html?tmpl=component&phocadownload=2 HTTP/1.0" 200 164015 "-" "Mozilla/5.0 (compatible; METASpider; +http://meta.ua/spider)"
141.8.132.48 - - [05/Apr/2017:01:55:51 +0300] "GET /index.php/oholoshennia/item/375-%d0%bf%d0%b0%d1%80%d0%b0%d1%84%d1%96%d1%8f%d0%bb%d1%8c%d0%bd%d1%96-%d0%be%d0%b3%d0%be%d0%bb%d0%be%d1%88%d0%b5%d0%bd%d0%bd%d1%8f-%d0%b2%d1%96%d0%b4-21-%d0%b6%d0%be%d0%b2%d1%82%d0%bd%d1%8f-2012-%d1%80%d0%be%d0%ba%d1%83 HTTP/1.0" 200 15390 "-" "Mozilla/5.0 (compatible; YandexBot/3.0; +http://yandex.com/bots)"
141.8.132.48 - - [05/Apr/2017:01:55:56 +0300] "GET /index.php/statti/item/409-na-rizdvo-naychastishe-promovlyayte-lishe-dva-slova-dyakuyu-i-pereproshuyu.html HTTP/1.0" 200 20143 "-" "Mozilla/5.0 (compatible; YandexBot/3.0; +http://yandex.com/bots)"
141.8.183.16 - - [05/Apr/2017:01:56:00 +0300] "GET /index.php/statti/item/481-hram-vozdvizhennya-svyatogo-hresta-chepuritsya-do-200-litnogo-yuvileyu.html HTTP/1.0" 200 15762 "-" "Mozilla/5.0 (compatible; YandexBot/3.0; +http://yandex.com/bots)"
194.0.131.173 - - [05/Apr/2017:01:56:06 +0300] "GET /index.php/photogalery/33-remont-dakhu-kostelu-2012/detail/388-2012-05-23-11-35-22.html?tmpl=component&phocadownload=2 HTTP/1.0" 200 173149 "-" "Mozilla/5.0 (compatible; METASpider; +http://meta.ua/spider)"
141.8.183.16 - - [05/Apr/2017:01:56:05 +0300] "GET /index.php/news/item/689-dekanalniy-den-zoseredzhennya-cholovikiv.html HTTP/1.0" 200 15136 "-" "Mozilla/5.0 (compatible; YandexBot/3.0; +http://yandex.com/bots)"
194.0.131.149 - - [05/Apr/2017:01:56:07 +0300] "GET /index.php/news/item/715-vichne-spochivannya-day-yim-gospodi.html HTTP/1.0" 200 15487 "-" "Mozilla/5.0 (compatible; METASpider; +http://meta.ua/spider)"
178.154.200.36 - - [05/Apr/2017:01:56:10 +0300] "GET /index.php/statti/item/492-vidkrittya-universitetu-tretogo-viku.html HTTP/1.0" 200 14204 "-" "Mozilla/5.0 (compatible; YandexBot/3.0; +http://yandex.com/bots)"
194.0.131.177 - - [05/Apr/2017:01:56:17 +0300] "GET /index.php/photogalery/8-foto-z-zhyttia-rukhu-rodyn-nazaretskykh/detail/112-rnr-01.html?tmpl=component&phocadownload=2 HTTP/1.0" 200 434560 "-" "Mozilla/5.0 (compatible; METASpider; +http://meta.ua/spider)"
178.154.149.9 - - [05/Apr/2017:01:56:15 +0300] "GET /index.php/photogalery/category/37-festyn-2011.html HTTP/1.0" 200 14182 "-" "Mozilla/5.0 (compatible; YandexBot/3.0; +http://yandex.com/bots)"
141.8.132.48 - - [05/Apr/2017:01:56:20 +0300] "GET /index.php/oholoshennia/item/355-%d0%bf%d0%b0%d1%80%d0%b0%d1%84%d1%96%d1%8f%d0%bb%d1%8c%d0%bd%d1%96-%d0%be%d0%b3%d0%be%d0%bb%d0%be%d1%88%d0%b5%d0%bd%d0%bd%d1%8f-%d0%b2%d1%96%d0%b4-29-%d0%bb%d0%b8%d0%bf%d0%bd%d1%8f-2012-%d1%80%d0%be%d0%ba%d1%83.html HTTP/1.0" 200 14819 "-" "Mozilla/5.0 (compatible; YandexBot/3.0; +http://yandex.com/bots)"
141.8.132.48 - - [05/Apr/2017:01:56:25 +0300] "GET /index.php?start=140 HTTP/1.0" 200 16650 "-" "Mozilla/5.0 (compatible; YandexBot/3.0; +http://yandex.com/bots)"
194.0.131.149 - - [05/Apr/2017:01:56:29 +0300] "GET /index.php/photogalery/8-foto-z-zhyttia-rukhu-rodyn-nazaretskykh/detail/113-rnr-02.html?tmpl=component&phocadownload=2 HTTP/1.0" 200 657093 "-" "Mozilla/5.0 (compatible; METASpider; +http://meta.ua/spider)"
178.154.200.36 - - [05/Apr/2017:01:56:30 +0300] "GET /index.php/oholoshennia/item/786-parafiyalni-ogoloshennya-vid-12-chervnya-2016-roku.html HTTP/1.0" 200 14619 "-" "Mozilla/5.0 (compatible; YandexBot/3.0; +http://yandex.com/bots)"
178.154.149.9 - - [05/Apr/2017:01:56:34 +0300] "GET /index.php/news/item/319-%d1%96%d0%bd%d1%81%d1%86%d0%b5%d0%bd%d1%96%d0%b7%d0%be%d0%b2%d0%b0%d0%bd%d0%b0-%d1%85%d1%80%d0%b5%d1%81%d0%bd%d0%b0-%d0%b4%d0%be%d1%80%d0%be%d0%b3%d0%b0.html?tmpl=component&print=1 HTTP/1.0" 200 4786 "-" "Mozilla/5.0 (compatible; YandexBot/3.0; +http://yandex.com/bots)"
93.158.152.81 - - [05/Apr/2017:01:56:34 +0300] "GET /index.php/news/item/394-svyatiy-mikolay-u-chernivtsyah.html HTTP/1.0" 200 14928 "-" "Mozilla/5.0 (compatible; YandexBot/3.0; +http://yandex.com/bots)"
194.0.131.149 - - [05/Apr/2017:01:56:41 +0300] "GET /index.php/photogalery/8-foto-z-zhyttia-rukhu-rodyn-nazaretskykh/detail/114-rnr-03.html?tmpl=component&phocadownload=2 HTTP/1.0" 200 564456 "-" "Mozilla/5.0 (compatible; METASpider; +http://meta.ua/spider)"
178.154.200.36 - - [05/Apr/2017:01:56:39 +0300] "GET /index.php/news.html?start=50 HTTP/1.0" 200 14981 "-" "Mozilla/5.0 (compatible; YandexBot/3.0; +http://yandex.com/bots)"
141.8.183.16 - - [05/Apr/2017:01:56:43 +0300] "GET /index.php/oholoshennia/item/433-parafiyalni-ogoloshennya-vid-24-bereznya-2013-roku.html HTTP/1.0" 200 15394 "-" "Mozilla/5.0 (compatible; YandexBot/3.0; +http://yandex.com/bots)"
178.154.200.36 - - [05/Apr/2017:01:56:47 +0300] "GET /index.php/statti.html?start=80 HTTP/1.0" 200 15429 "-" "Mozilla/5.0 (compatible; YandexBot/3.0; +http://yandex.com/bots)"
194.0.131.155 - - [05/Apr/2017:01:56:52 +0300] "GET /index.php/photogalery/8-foto-z-zhyttia-rukhu-rodyn-nazaretskykh/detail/115-rnr-04.html?tmpl=component&phocadownload=2 HTTP/1.0" 200 574994 "-" "Mozilla/5.0 (compatible; METASpider; +http://meta.ua/spider)"
141.8.183.16 - - [05/Apr/2017:01:56:51 +0300] "GET /index.php/oholoshennia/item/447-parafiyalni-ogoloshennya-vid-12-travnya-2013-roku.html HTTP/1.0" 200 15083 "-" "Mozilla/5.0 (compatible; YandexBot/3.0; +http://yandex.com/bots)"
178.154.200.36 - - [05/Apr/2017:01:56:56 +0300] "GET /index.php/statti/item/651-chenstohova-kalvariya-%e2%80%93-molitva-v-tsih-sanktuariyah-zavzhdi-nezabutnya.html HTTP/1.0" 200 16837 "-" "Mozilla/5.0 (compatible; YandexBot/3.0; +http://yandex.com/bots)"
163.172.68.118 - - [05/Apr/2017:01:57:05 +0300] "GET /index.php/photogalery/27-sviato-mykolaia-2011/detail/298-sviato-mykolaia.html?tmpl=component HTTP/1.0" 200 2210 "-" "Mozilla/5.0 (compatible; AhrefsBot/5.2; +http://ahrefs.com/robot/)"
194.0.131.149 - - [05/Apr/2017:01:57:03 +0300] "GET /index.php/news/item/717-v-ochikuvanni-na-svitovi-dni-molodi.html HTTP/1.0" 200 16046 "-" "Mozilla/5.0 (compatible; METASpider; +http://meta.ua/spider)"
194.0.131.160 - - [05/Apr/2017:01:57:08 +0300] "GET /index.php/photogalery/8-foto-z-zhyttia-rukhu-rodyn-nazaretskykh/detail/116-rnr-05.html?tmpl=component&phocadownload=2 HTTP/1.0" 200 341208 "-" "Mozilla/5.0 (compatible; METASpider; +http://meta.ua/spider)"
194.0.131.149 - - [05/Apr/2017:01:57:19 +0300] "GET /index.php/photogalery/8-foto-z-zhyttia-rukhu-rodyn-nazaretskykh/detail/117-rnr-06.html?tmpl=component&phocadownload=2 HTTP/1.0" 200 572370 "-" "Mozilla/5.0 (compatible; METASpider; +http://meta.ua/spider)"
141.8.183.16 - - [05/Apr/2017:01:57:49 +0300] "GET /index.php/news/item/321-%d0%b4%d0%b5%d0%bd%d1%8c-%d1%81%d0%b2%d1%8f%d1%82%d0%be%d1%81%d1%82%d1%96-%d0%b6%d0%b8%d1%82%d1%82%d1%8f.html HTTP/1.0" 200 14766 "-" "Mozilla/5.0 (compatible; YandexBot/3.0; +http://yandex.com/bots)"
141.8.132.48 - - [05/Apr/2017:01:57:53 +0300] "GET /index.php/oholoshennia/item/705-parafiyalni-ogoloshennya-vid-4-zhovtnya-2015-roku.html HTTP/1.0" 200 15253 "-" "Mozilla/5.0 (compatible; YandexBot/3.0; +http://yandex.com/bots)"
93.158.152.81 - - [05/Apr/2017:01:57:58 +0300] "GET /index.php/oholoshennia/item/536-parafiyalni-ogoloshennya-vid-5-sichnya-2014-roku.html HTTP/1.0" 200 14815 "-" "Mozilla/5.0 (compatible; YandexBot/3.0; +http://yandex.com/bots)"
141.8.132.48 - - [05/Apr/2017:01:58:02 +0300] "GET /index.php/oholoshennia/item/645-programa-adoratsiyi-papskogo-hresta.html HTTP/1.0" 200 14266 "-" "Mozilla/5.0 (compatible; YandexBot/3.0; +http://yandex.com/bots)"
178.154.200.36 - - [05/Apr/2017:01:58:06 +0300] "GET /index.php/statti/item/719-vid-pruta-do-reynu.html HTTP/1.0" 200 25817 "-" "Mozilla/5.0 (compatible; YandexBot/3.0; +http://yandex.com/bots)"
141.8.132.48 - - [05/Apr/2017:01:58:12 +0300] "GET /index.php/news/item/742-rekolektsiyi-dlya-oazi.html HTTP/1.0" 200 15296 "-" "Mozilla/5.0 (compatible; YandexBot/3.0; +http://yandex.com/bots)"
141.8.183.16 - - [05/Apr/2017:01:58:18 +0300] "GET /index.php/communities/rukh-nazaretskykh-rodyn HTTP/1.0" 200 18168 "-" "Mozilla/5.0 (compatible; YandexBot/3.0; +http://yandex.com/bots)"
194.0.131.149 - - [05/Apr/2017:01:59:29 +0300] "GET /index.php/photogalery/8-foto-z-zhyttia-rukhu-rodyn-nazaretskykh/detail/118-rnr-07.html?tmpl=component&phocadownload=2 HTTP/1.0" 200 337826 "-" "Mozilla/5.0 (compatible; METASpider; +http://meta.ua/spider)"
194.0.131.174 - - [05/Apr/2017:01:59:30 +0300] "GET /index.php/news/item/722-radist-pered-radisnim-ochikuvannyam.html HTTP/1.0" 200 15655 "-" "Mozilla/5.0 (compatible; METASpider; +http://meta.ua/spider)"
194.0.131.149 - - [05/Apr/2017:01:59:41 +0300] "GET /index.php/photogalery/8-foto-z-zhyttia-rukhu-rodyn-nazaretskykh/detail/119-rnr-08.html?tmpl=component&phocadownload=2 HTTP/1.0" 200 590814 "-" "Mozilla/5.0 (compatible; METASpider; +http://meta.ua/spider)"
194.0.131.149 - - [05/Apr/2017:01:59:53 +0300] "GET /index.php/photogalery/8-foto-z-zhyttia-rukhu-rodyn-nazaretskykh/detail/120-rnr-09.html?tmpl=component&phocadownload=2 HTTP/1.0" 200 398651 "-" "Mozilla/5.0 (compatible; METASpider; +http://meta.ua/spider)"
194.0.131.149 - - [05/Apr/2017:02:00:06 +0300] "GET /index.php/photogalery/8-foto-z-zhyttia-rukhu-rodyn-nazaretskykh/detail/121-rnr-10.html?tmpl=component&phocadownload=2 HTTP/1.0" 200 496573 "-" "Mozilla/5.0 (compatible; METASpider; +http://meta.ua/spider)"
194.0.131.149 - - [05/Apr/2017:02:00:19 +0300] "GET /index.php/photogalery/8-foto-z-zhyttia-rukhu-rodyn-nazaretskykh/detail/122-rnr-11.html?tmpl=component&phocadownload=2 HTTP/1.0" 200 603708 "-" "Mozilla/5.0 (compatible; METASpider; +http://meta.ua/spider)"
194.0.131.149 - - [05/Apr/2017:02:00:26 +0300] "GET /index.php/news/item/549-rozmova-pro-nezareestrovani-shlyubi.html HTTP/1.0" 200 13706 "-" "Mozilla/5.0 (compatible; METASpider; +http://meta.ua/spider)"
194.0.131.149 - - [05/Apr/2017:02:00:31 +0300] "GET /index.php/photogalery/8-foto-z-zhyttia-rukhu-rodyn-nazaretskykh/detail/123-rnr-12.html?tmpl=component&phocadownload=2 HTTP/1.0" 200 597720 "-" "Mozilla/5.0 (compatible; METASpider; +http://meta.ua/spider)"
194.0.131.149 - - [05/Apr/2017:02:00:43 +0300] "GET /index.php/photogalery/8-foto-z-zhyttia-rukhu-rodyn-nazaretskykh/detail/124-rnr-13.html?tmpl=component&phocadownload=2 HTTP/1.0" 200 589705 "-" "Mozilla/5.0 (compatible; METASpider; +http://meta.ua/spider)"
194.0.131.149 - - [05/Apr/2017:02:00:58 +0300] "GET /index.php/photogalery/8-foto-z-zhyttia-rukhu-rodyn-nazaretskykh/detail/125-rnr-14.html?tmpl=component&phocadownload=2 HTTP/1.0" 200 584516 "-" "Mozilla/5.0 (compatible; METASpider; +http://meta.ua/spider)"
194.0.131.169 - - [05/Apr/2017:02:01:10 +0300] "GET /index.php/photogalery/8-foto-z-zhyttia-rukhu-rodyn-nazaretskykh/detail/126-rnr-15.html?tmpl=component&phocadownload=2 HTTP/1.0" 200 516762 "-" "Mozilla/5.0 (compatible; METASpider; +http://meta.ua/spider)"
194.0.131.149 - - [05/Apr/2017:02:01:11 +0300] "GET /index.php/photogalery/category/45-rizdvo-2014-dity-ta-molod.html HTTP/1.0" 200 12906 "-" "Mozilla/5.0 (compatible; METASpider; +http://meta.ua/spider)"
194.0.131.149 - - [05/Apr/2017:02:01:21 +0300] "GET /index.php/photogalery/8-foto-z-zhyttia-rukhu-rodyn-nazaretskykh/detail/127-rnr-16.html?tmpl=component&phocadownload=2 HTTP/1.0" 200 415559 "-" "Mozilla/5.0 (compatible; METASpider; +http://meta.ua/spider)"
194.0.131.167 - - [05/Apr/2017:02:01:32 +0300] "GET /index.php/photogalery/8-foto-z-zhyttia-rukhu-rodyn-nazaretskykh/detail/128-rnr-17.html?tmpl=component&phocadownload=2 HTTP/1.0" 200 443554 "-" "Mozilla/5.0 (compatible; METASpider; +http://meta.ua/spider)"
194.0.131.149 - - [05/Apr/2017:02:01:44 +0300] "GET /index.php/photogalery/8-foto-z-zhyttia-rukhu-rodyn-nazaretskykh/detail/129-rnr-18.html?tmpl=component&phocadownload=2 HTTP/1.0" 200 299008 "-" "Mozilla/5.0 (compatible; METASpider; +http://meta.ua/spider)"
194.0.131.149 - - [05/Apr/2017:02:01:56 +0300] "GET /index.php/photogalery/25-rekolektsii-dlia-ditei-2008-rik/detail/ HTTP/1.0" 200 14625 "-" "Mozilla/5.0 (compatible; METASpider; +http://meta.ua/spider)"
194.0.131.149 - - [05/Apr/2017:02:02:03 +0300] "GET /index.php/photogalery/8-foto-z-zhyttia-rukhu-rodyn-nazaretskykh/detail/130-rnr-19.html?tmpl=component&phocadownload=2 HTTP/1.0" 200 429403 "-" "Mozilla/5.0 (compatible; METASpider; +http://meta.ua/spider)"
194.0.131.149 - - [05/Apr/2017:02:02:15 +0300] "GET /index.php/photogalery/8-foto-z-zhyttia-rukhu-rodyn-nazaretskykh/detail/131-rnr-20.html?tmpl=component&phocadownload=2 HTTP/1.0" 200 522040 "-" "Mozilla/5.0 (compatible; METASpider; +http://meta.ua/spider)"
194.0.131.173 - - [05/Apr/2017:02:02:26 +0300] "GET /index.php/oholoshennia/item/332-%d0%bf%d0%b0%d1%80%d0%b0%d1%84%d1%96%d1%8f%d0%bb%d1%8c%d0%bd%d1%96-%d0%be%d0%b3%d0%be%d0%bb%d0%be%d1%88%d0%b5%d0%bd%d0%bd%d1%8f-%d0%b2%d1%96%d0?-22-%D0%BA%D0%B2%D1%96%D1%82%D0%BD%D1%8F-2012-%D1%80%D0%BE%D0%BA%D1%83.html HTTP/1.0" 404 1784 "-" "Mozilla/5.0 (compatible; METASpider; +http://meta.ua/spider)"
194.0.131.149 - - [05/Apr/2017:02:02:38 +0300] "GET /index.php/oholoshennia/item/334-%d0%bf%d0%b0%d1%80%d0%b0%d1%84%d1%96%d1%8f%d0%bb%d1%8c%d0%bd%d1%96-%d0%be%d0%b3%d0%be%d0%bb%d0%be%d1%88%d0%b5%d0%bd%d0%bd%d1%8f-%d0%b2%d1%96%d0?-29-%D0%BA%D0%B2%D1%96%D1%82%D0%BD%D1%8F-2012-%D1%80%D0%BE%D0%BA%D1%83.html HTTP/1.0" 404 1784 "-" "Mozilla/5.0 (compatible; METASpider; +http://meta.ua/spider)"
194.0.131.143 - - [05/Apr/2017:02:02:50 +0300] "GET /index.php/oholoshennia/item/337-%d0%bf%d0%b0%d1%80%d0%b0%d1%84%d1%96%d1%8f%d0%bb%d1%8c%d0%bd%d1%96-%d0%be%d0%b3%d0%be%d0%bb%d0%be%d1%88%d0%b5%d0%bd%d0%bd%d1%8f-%d0%b2%d1%96%d0?-13-%D1%82%D1%80%D0%B0%D0%B2%D0%BD%D1%8F-2012-%D1%80%D0%BE%D0%BA%D1%83.html HTTP/1.0" 404 1784 "-" "Mozilla/5.0 (compatible; METASpider; +http://meta.ua/spider)"
194.0.131.149 - - [05/Apr/2017:02:03:03 +0300] "GET /index.php/oholoshennia/item/340-%d0%bf%d0%b0%d1%80%d0%b0%d1%84%d1%96%d1%8f%d0%bb%d1%8c%d0%bd%d1%96-%d0%be%d0%b3%d0%be%d0%bb%d0%be%d1%88%d0%b5%d0%bd%d0%bd%d1%8f-%d0%b2%d1%96%d0?-20-%D1%82%D1%80%D0%B0%D0%B2%D0%BD%D1%8F-2012-%D1%80%D0%BE%D0%BA%D1%83.html HTTP/1.0" 404 1784 "-" "Mozilla/5.0 (compatible; METASpider; +http://meta.ua/spider)"
194.0.131.149 - - [05/Apr/2017:02:03:04 +0300] "GET /index.php/news/item/835-futbolniy-turnir-v-ivano-frankivsku.html HTTP/1.0" 200 16029 "-" "Mozilla/5.0 (compatible; METASpider; +http://meta.ua/spider)"
194.0.131.149 - - [05/Apr/2017:02:03:14 +0300] "GET /index.php/oholoshennia/item/344-%d0%bf%d0%b0%d1%80%d0%b0%d1%84%d1%96%d1%8f%d0%bb%d1%8c%d0%bd%d1%96-%d0%be%d0%b3%d0%be%d0%bb%d0%be%d1%88%d0%b5%d0%bd%d0%bd%d1%8f-%d0%b2%d1%96%d0?-27-%D1%82%D1%80%D0%B0%D0%B2%D0%BD%D1%8F-2012-%D1%80%D0%BE%D0%BA%D1%83.html HTTP/1.0" 404 1784 "-" "Mozilla/5.0 (compatible; METASpider; +http://meta.ua/spider)"
194.0.131.149 - - [05/Apr/2017:02:03:25 +0300] "GET /index.php/oholoshennia/item/347-%d0%bf%d0%b0%d1%80%d0%b0%d1%84%d1%96%d1%8f%d0%bb%d1%8c%d0%bd%d1%96-%d0%be%d0%b3%d0%be%d0%bb%d0%be%d1%88%d0%b5%d0%bd%d0%bd%d1%8f-%d0%b2%d1%96%d0?-10-%D1%87%D0%B5%D1%80%D0%B2%D0%BD%D1%8F-2012-%D1%80%D0%BE%D0%BA%D1%83.html HTTP/1.0" 404 1784 "-" "Mozilla/5.0 (compatible; METASpider; +http://meta.ua/spider)"
194.0.131.146 - - [05/Apr/2017:02:03:37 +0300] "GET /index.php/oholoshennia/item/359-%d0%bf%d0%b0%d1%80%d0%b0%d1%84%d1%96%d1%8f%d0%bb%d1%8c%d0%bd%d1%96-%d0%be%d0%b3%d0%be%d0%bb%d0%be%d1%88%d0%b5%d0%bd%d0%bd%d1%8f-%d0%b2%d1%96%d0?-12-%D1%A5%D0%B5%D1%80%D0%BF%D0%BD%D1%8F-2012-%D1%80%D0%BE%D0%BA%D1%83.html HTTP/1.0" 404 1784 "-" "Mozilla/5.0 (compatible; METASpider; +http://meta.ua/spider)"
194.0.131.160 - - [05/Apr/2017:02:03:49 +0300] "GET /index.php/photogalery/category/7-instsenovana-khresna-doroha.html HTTP/1.0" 200 13618 "-" "Mozilla/5.0 (compatible; METASpider; +http://meta.ua/spider)"
194.0.131.149 - - [05/Apr/2017:02:03:54 +0300] "GET /index.php/oholoshennia/item/360-%d0%bf%d0%b0%d1%80%d0%b0%d1%84%d1%96%d1%8f%d0%bb%d1%8c%d0%bd%d1%96-%d0%be%d0%b3%d0%be%d0%bb%d0%be%d1%88%d0%b5%d0%bd%d0%bd%d1%8f-%d0%b2%d1%96%d0?-19-%D1%A5%D0%B5%D1%80%D0%BF%D0%BD%D1%8F-2012-%D1%80%D0%BE%D0%BA%D1%83.html HTTP/1.0" 404 1784 "-" "Mozilla/5.0 (compatible; METASpider; +http://meta.ua/spider)"
